Component: ARM Compiler 5.06 update 4 (build 422) Tool: armlink [4d35d2]

==============================================================================

Section Cross References

    uart_imx.o(i.UAER_Putchar9) refers to assert.o(.text) for __aeabi_assert
    uart_imx.o(i.UAER_Putchar9) refers to uart_imx.o(.conststring) for .conststring
    uart_imx.o(i.UART_Init) refers to assert.o(.text) for __aeabi_assert
    uart_imx.o(i.UART_Init) refers to uart_imx.o(i.UART_Deinit) for UART_Deinit
    uart_imx.o(i.UART_Init) refers to uart_imx.o(i.UART_SetBaudRate) for UART_SetBaudRate
    uart_imx.o(i.UART_Init) refers to uart_imx.o(.conststring) for .conststring
    uart_imx.o(i.UART_SetInvertCmd) refers to assert.o(.text) for __aeabi_assert
    uart_imx.o(i.UART_SetInvertCmd) refers to uart_imx.o(.conststring) for .conststring
    uart_imx.o(i.UART_SetIrDAVoteClock) refers to assert.o(.text) for __aeabi_assert
    uart_imx.o(i.UART_SetIrDAVoteClock) refers to uart_imx.o(.conststring) for .conststring
    uart_imx.o(i.UART_SetModemMode) refers to assert.o(.text) for __aeabi_assert
    uart_imx.o(i.UART_SetModemMode) refers to uart_imx.o(.conststring) for .conststring
    startup_imx6sx_m4.o(STACK) refers (Special) to heapauxi.o(.text) for __use_two_region_memory
    startup_imx6sx_m4.o(HEAP) refers (Special) to heapauxi.o(.text) for __use_two_region_memory
    startup_imx6sx_m4.o(RESET) refers (Special) to heapauxi.o(.text) for __use_two_region_memory
    startup_imx6sx_m4.o(RESET) refers to startup_imx6sx_m4.o(STACK) for __initial_sp
    startup_imx6sx_m4.o(RESET) refers to startup_imx6sx_m4.o(.text) for Reset_Handler
    startup_imx6sx_m4.o(.text) refers (Special) to heapauxi.o(.text) for __use_two_region_memory
    startup_imx6sx_m4.o(.text) refers to system_imx6sx_m4.o(i.SystemInit) for SystemInit
    startup_imx6sx_m4.o(.text) refers to __main.o(!!!main) for __main
    startup_imx6sx_m4.o(.text) refers to startup_imx6sx_m4.o(HEAP) for Heap_Mem
    startup_imx6sx_m4.o(.text) refers to startup_imx6sx_m4.o(STACK) for Stack_Mem
    system_imx6sx_m4.o(i.SystemCoreClockUpdate) refers to system_imx6sx_m4.o(.data) for SystemCoreClock
    system_imx6sx_m4.o(i.SystemInit) refers to startup_imx6sx_m4.o(RESET) for __Vectors
    assert.o(.text) refers to assert_puts.o(.text) for __assert_puts
    assert.o(.text) refers to abort.o(.text) for abort
    __main.o(!!!main) refers to __rtentry.o(.ARM.Collect$$rtentry$$00000000) for __rt_entry
    __rtentry.o(.ARM.Collect$$rtentry$$00000000) refers (Special) to __rtentry2.o(.ARM.Collect$$rtentry$$0000000A) for __rt_entry_li
    __rtentry.o(.ARM.Collect$$rtentry$$00000000) refers (Special) to __rtentry2.o(.ARM.Collect$$rtentry$$0000000D) for __rt_entry_main
    __rtentry.o(.ARM.Collect$$rtentry$$00000000) refers (Special) to __rtentry2.o(.ARM.Collect$$rtentry$$0000000C) for __rt_entry_postli_1
    __rtentry.o(.ARM.Collect$$rtentry$$00000000) refers (Special) to __rtentry2.o(.ARM.Collect$$rtentry$$00000009) for __rt_entry_postsh_1
    __rtentry.o(.ARM.Collect$$rtentry$$00000000) refers (Special) to __rtentry2.o(.ARM.Collect$$rtentry$$00000002) for __rt_entry_presh_1
    __rtentry.o(.ARM.Collect$$rtentry$$00000000) refers (Special) to __rtentry4.o(.ARM.Collect$$rtentry$$00000004) for __rt_entry_sh
    abort.o(.text) refers to defsig_abrt_outer.o(.text) for __rt_SIGABRT
    abort.o(.text) refers (Weak) to libshutdown.o(.ARM.Collect$$libshutdown$$00000000) for __rt_lib_shutdown
    abort.o(.text) refers to sys_exit.o(.text) for _sys_exit
    assert_puts.o(.text) refers to sys_wrch.o(.text) for _ttywrch
    sys_wrch.o(.text) refers (Special) to use_no_semi.o(.text) for __I$use$semihosting
    sys_wrch.o(.text) refers (Special) to indicate_semi.o(.text) for __semihosting_library_function
    sys_exit.o(.text) refers (Special) to use_no_semi.o(.text) for __I$use$semihosting
    sys_exit.o(.text) refers (Special) to indicate_semi.o(.text) for __semihosting_library_function
    __rtentry2.o(.ARM.Collect$$rtentry$$00000008) refers to boardinit2.o(.text) for _platform_post_stackheap_init
    __rtentry2.o(.ARM.Collect$$rtentry$$0000000A) refers to libinit.o(.ARM.Collect$$libinit$$00000000) for __rt_lib_init
    __rtentry2.o(.ARM.Collect$$rtentry$$0000000B) refers to boardinit3.o(.text) for _platform_post_lib_init
    __rtentry2.o(.ARM.Collect$$rtentry$$0000000D) refers to exit.o(.text) for exit
    __rtentry2.o(.ARM.exidx) refers to __rtentry2.o(.ARM.Collect$$rtentry$$00000001) for .ARM.Collect$$rtentry$$00000001
    __rtentry2.o(.ARM.exidx) refers to __rtentry2.o(.ARM.Collect$$rtentry$$00000008) for .ARM.Collect$$rtentry$$00000008
    __rtentry2.o(.ARM.exidx) refers to __rtentry2.o(.ARM.Collect$$rtentry$$0000000A) for .ARM.Collect$$rtentry$$0000000A
    __rtentry2.o(.ARM.exidx) refers to __rtentry2.o(.ARM.Collect$$rtentry$$0000000B) for .ARM.Collect$$rtentry$$0000000B
    __rtentry2.o(.ARM.exidx) refers to __rtentry2.o(.ARM.Collect$$rtentry$$0000000D) for .ARM.Collect$$rtentry$$0000000D
    __rtentry4.o(.ARM.Collect$$rtentry$$00000004) refers to sys_stackheap_outer.o(.text) for __user_setup_stackheap
    __rtentry4.o(.ARM.exidx) refers to __rtentry4.o(.ARM.Collect$$rtentry$$00000004) for .ARM.Collect$$rtentry$$00000004
    defsig_abrt_outer.o(.text) refers to defsig_abrt_inner.o(.text) for __rt_SIGABRT_inner
    defsig_abrt_outer.o(.text) refers to defsig_exit.o(.text) for __sig_exit
    defsig_abrt_formal.o(.text) refers to rt_raise.o(.text) for __rt_raise
    sys_stackheap_outer.o(.text) refers to libspace.o(.text) for __user_perproc_libspace
    sys_stackheap_outer.o(.text) refers to startup_imx6sx_m4.o(.text) for __user_initial_stackheap
    rt_raise.o(.text) refers to __raise.o(.text) for __raise
    rt_raise.o(.text) refers to sys_exit.o(.text) for _sys_exit
    exit.o(.text) refers to rtexit.o(.ARM.Collect$$rtexit$$00000000) for __rt_exit
    defsig_exit.o(.text) refers to sys_exit.o(.text) for _sys_exit
    defsig_abrt_inner.o(.text) refers to defsig_general.o(.text) for __default_signal_display
    libinit.o(.ARM.Collect$$libinit$$00000000) refers (Special) to libinit2.o(.ARM.Collect$$libinit$$0000002E) for __rt_lib_init_alloca_1
    libinit.o(.ARM.Collect$$libinit$$00000000) refers (Special) to libinit2.o(.ARM.Collect$$libinit$$00000027) for __rt_lib_init_argv_1
    libinit.o(.ARM.Collect$$libinit$$00000000) refers (Special) to libinit2.o(.ARM.Collect$$libinit$$0000001B) for __rt_lib_init_atexit_1
    libinit.o(.ARM.Collect$$libinit$$00000000) refers (Special) to libinit2.o(.ARM.Collect$$libinit$$00000021) for __rt_lib_init_clock_1
    libinit.o(.ARM.Collect$$libinit$$00000000) refers (Special) to libinit2.o(.ARM.Collect$$libinit$$00000032) for __rt_lib_init_cpp_1
    libinit.o(.ARM.Collect$$libinit$$00000000) refers (Special) to libinit2.o(.ARM.Collect$$libinit$$00000030) for __rt_lib_init_exceptions_1
    libinit.o(.ARM.Collect$$libinit$$00000000) refers (Special) to libinit2.o(.ARM.Collect$$libinit$$00000001) for __rt_lib_init_fp_1
    libinit.o(.ARM.Collect$$libinit$$00000000) refers (Special) to libinit2.o(.ARM.Collect$$libinit$$0000001F) for __rt_lib_init_fp_trap_1
    libinit.o(.ARM.Collect$$libinit$$00000000) refers (Special) to libinit2.o(.ARM.Collect$$libinit$$00000023) for __rt_lib_init_getenv_1
    libinit.o(.ARM.Collect$$libinit$$00000000) refers (Special) to libinit2.o(.ARM.Collect$$libinit$$0000000A) for __rt_lib_init_heap_1
    libinit.o(.ARM.Collect$$libinit$$00000000) refers (Special) to libinit2.o(.ARM.Collect$$libinit$$00000011) for __rt_lib_init_lc_collate_1
    libinit.o(.ARM.Collect$$libinit$$00000000) refers (Special) to libinit2.o(.ARM.Collect$$libinit$$00000013) for __rt_lib_init_lc_ctype_1
    libinit.o(.ARM.Collect$$libinit$$00000000) refers (Special) to libinit2.o(.ARM.Collect$$libinit$$00000015) for __rt_lib_init_lc_monetary_1
    libinit.o(.ARM.Collect$$libinit$$00000000) refers (Special) to libinit2.o(.ARM.Collect$$libinit$$00000017) for __rt_lib_init_lc_numeric_1
    libinit.o(.ARM.Collect$$libinit$$00000000) refers (Special) to libinit2.o(.ARM.Collect$$libinit$$00000019) for __rt_lib_init_lc_time_1
    libinit.o(.ARM.Collect$$libinit$$00000000) refers (Special) to libinit2.o(.ARM.Collect$$libinit$$00000004) for __rt_lib_init_preinit_1
    libinit.o(.ARM.Collect$$libinit$$00000000) refers (Special) to libinit2.o(.ARM.Collect$$libinit$$0000000E) for __rt_lib_init_rand_1
    libinit.o(.ARM.Collect$$libinit$$00000000) refers (Special) to libinit2.o(.ARM.Collect$$libinit$$00000033) for __rt_lib_init_return
    libinit.o(.ARM.Collect$$libinit$$00000000) refers (Special) to libinit2.o(.ARM.Collect$$libinit$$0000001D) for __rt_lib_init_signal_1
    libinit.o(.ARM.Collect$$libinit$$00000000) refers (Special) to libinit2.o(.ARM.Collect$$libinit$$00000025) for __rt_lib_init_stdio_1
    libinit.o(.ARM.Collect$$libinit$$00000000) refers (Special) to libinit2.o(.ARM.Collect$$libinit$$0000000C) for __rt_lib_init_user_alloc_1
    libspace.o(.text) refers to libspace.o(.bss) for __libspace_start
    rtexit.o(.ARM.Collect$$rtexit$$00000000) refers (Special) to rtexit2.o(.ARM.Collect$$rtexit$$00000004) for __rt_exit_exit
    rtexit.o(.ARM.Collect$$rtexit$$00000000) refers (Special) to rtexit2.o(.ARM.Collect$$rtexit$$00000003) for __rt_exit_ls
    rtexit.o(.ARM.Collect$$rtexit$$00000000) refers (Special) to rtexit2.o(.ARM.Collect$$rtexit$$00000002) for __rt_exit_prels_1
    rtexit.o(.ARM.exidx) refers (Special) to rtexit2.o(.ARM.Collect$$rtexit$$00000004) for __rt_exit_exit
    rtexit.o(.ARM.exidx) refers (Special) to rtexit2.o(.ARM.Collect$$rtexit$$00000003) for __rt_exit_ls
    rtexit.o(.ARM.exidx) refers (Special) to rtexit2.o(.ARM.Collect$$rtexit$$00000002) for __rt_exit_prels_1
    rtexit.o(.ARM.exidx) refers to rtexit.o(.ARM.Collect$$rtexit$$00000000) for .ARM.Collect$$rtexit$$00000000
    __raise.o(.text) refers to defsig.o(CL$$defsig) for __default_signal_handler
    defsig_general.o(.text) refers to sys_wrch.o(.text) for _ttywrch
    libinit2.o(.ARM.Collect$$libinit$$00000001) refers to fpinit.o(x$fpl$fpinit) for _fp_init
    libinit2.o(.ARM.Collect$$libinit$$00000010) refers to libinit2.o(.ARM.Collect$$libinit$$0000000F) for .ARM.Collect$$libinit$$0000000F
    libinit2.o(.ARM.Collect$$libinit$$00000012) refers to libinit2.o(.ARM.Collect$$libinit$$0000000F) for .ARM.Collect$$libinit$$0000000F
    libinit2.o(.ARM.Collect$$libinit$$00000014) refers to libinit2.o(.ARM.Collect$$libinit$$0000000F) for .ARM.Collect$$libinit$$0000000F
    libinit2.o(.ARM.Collect$$libinit$$00000016) refers to libinit2.o(.ARM.Collect$$libinit$$0000000F) for .ARM.Collect$$libinit$$0000000F
    libinit2.o(.ARM.Collect$$libinit$$00000018) refers to libinit2.o(.ARM.Collect$$libinit$$0000000F) for .ARM.Collect$$libinit$$0000000F
    libinit2.o(.ARM.Collect$$libinit$$00000026) refers to argv_veneer.o(.emb_text) for __ARM_argv_veneer
    libinit2.o(.ARM.Collect$$libinit$$00000027) refers to argv_veneer.o(.emb_text) for __ARM_argv_veneer
    rtexit2.o(.ARM.Collect$$rtexit$$00000003) refers to libshutdown.o(.ARM.Collect$$libshutdown$$00000000) for __rt_lib_shutdown
    rtexit2.o(.ARM.Collect$$rtexit$$00000004) refers to sys_exit.o(.text) for _sys_exit
    rtexit2.o(.ARM.exidx) refers to rtexit2.o(.ARM.Collect$$rtexit$$00000001) for .ARM.Collect$$rtexit$$00000001
    rtexit2.o(.ARM.exidx) refers to rtexit2.o(.ARM.Collect$$rtexit$$00000003) for .ARM.Collect$$rtexit$$00000003
    rtexit2.o(.ARM.exidx) refers to rtexit2.o(.ARM.Collect$$rtexit$$00000004) for .ARM.Collect$$rtexit$$00000004
    defsig.o(CL$$defsig) refers to defsig_abrt_inner.o(.text) for __rt_SIGABRT_inner
    defsig.o(CL$$defsig) refers to defsig_rtmem_inner.o(.text) for __rt_SIGRTMEM_inner
    argv_veneer.o(.emb_text) refers to _get_argv_nomalloc.o(.text) for __ARM_get_argv
    defsig_fpe_inner.o(.text) refers to defsig_general.o(.text) for __default_signal_display
    defsig_rtred_inner.o(.text) refers to defsig_general.o(.text) for __default_signal_display
    defsig_rtmem_inner.o(.text) refers to defsig_general.o(.text) for __default_signal_display
    defsig_stak_inner.o(.text) refers to defsig_general.o(.text) for __default_signal_display
    defsig_pvfn_inner.o(.text) refers to defsig_general.o(.text) for __default_signal_display
    defsig_cppl_inner.o(.text) refers to defsig_general.o(.text) for __default_signal_display
    defsig_segv_inner.o(.text) refers to defsig_general.o(.text) for __default_signal_display
    defsig_other.o(.text) refers to defsig_general.o(.text) for __default_signal_display
    _get_argv_nomalloc.o(.text) refers (Special) to hrguard.o(.text) for __heap_region$guard
    _get_argv_nomalloc.o(.text) refers to defsig_rtmem_outer.o(.text) for __rt_SIGRTMEM
    _get_argv_nomalloc.o(.text) refers to sys_command.o(.text) for _sys_command_string
    libshutdown.o(.ARM.Collect$$libshutdown$$00000000) refers (Special) to libshutdown2.o(.ARM.Collect$$libshutdown$$00000002) for __rt_lib_shutdown_cpp_1
    libshutdown.o(.ARM.Collect$$libshutdown$$00000000) refers (Special) to libshutdown2.o(.ARM.Collect$$libshutdown$$00000007) for __rt_lib_shutdown_fp_trap_1
    libshutdown.o(.ARM.Collect$$libshutdown$$00000000) refers (Special) to libshutdown2.o(.ARM.Collect$$libshutdown$$0000000F) for __rt_lib_shutdown_heap_1
    libshutdown.o(.ARM.Collect$$libshutdown$$00000000) refers (Special) to libshutdown2.o(.ARM.Collect$$libshutdown$$00000010) for __rt_lib_shutdown_return
    libshutdown.o(.ARM.Collect$$libshutdown$$00000000) refers (Special) to libshutdown2.o(.ARM.Collect$$libshutdown$$0000000A) for __rt_lib_shutdown_signal_1
    libshutdown.o(.ARM.Collect$$libshutdown$$00000000) refers (Special) to libshutdown2.o(.ARM.Collect$$libshutdown$$00000004) for __rt_lib_shutdown_stdio_1
    libshutdown.o(.ARM.Collect$$libshutdown$$00000000) refers (Special) to libshutdown2.o(.ARM.Collect$$libshutdown$$0000000C) for __rt_lib_shutdown_user_alloc_1
    sys_command.o(.text) refers (Special) to use_no_semi.o(.text) for __I$use$semihosting
    sys_command.o(.text) refers (Special) to indicate_semi.o(.text) for __semihosting_library_function
    defsig_rtmem_outer.o(.text) refers to defsig_rtmem_inner.o(.text) for __rt_SIGRTMEM_inner
    defsig_rtmem_outer.o(.text) refers to defsig_exit.o(.text) for __sig_exit
    defsig_rtmem_formal.o(.text) refers to rt_raise.o(.text) for __rt_raise


==============================================================================

Removing Unused input sections from the image.

    Removing uart_imx.o(.rev16_text), (4 bytes).
    Removing uart_imx.o(.revsh_text), (4 bytes).
    Removing uart_imx.o(.rrx_text), (6 bytes).
    Removing uart_imx.o(i.UAER_Getchar9), (24 bytes).
    Removing uart_imx.o(i.UAER_Putchar9), (84 bytes).
    Removing uart_imx.o(i.UART_ClearStatusFlag), (24 bytes).
    Removing uart_imx.o(i.UART_Deinit), (80 bytes).
    Removing uart_imx.o(i.UART_GetStatusFlag), (18 bytes).
    Removing uart_imx.o(i.UART_Init), (104 bytes).
    Removing uart_imx.o(i.UART_SendBreakChar), (30 bytes).
    Removing uart_imx.o(i.UART_SetAutoBaudRateCmd), (30 bytes).
    Removing uart_imx.o(i.UART_SetBaudRate), (280 bytes).
    Removing uart_imx.o(i.UART_SetCtsFlowCtrlCmd), (30 bytes).
    Removing uart_imx.o(i.UART_SetCtsPinLevel), (30 bytes).
    Removing uart_imx.o(i.UART_SetDcdPinLevel), (30 bytes).
    Removing uart_imx.o(i.UART_SetDmaCmd), (36 bytes).
    Removing uart_imx.o(i.UART_SetDozeMode), (30 bytes).
    Removing uart_imx.o(i.UART_SetDtrPinLevel), (30 bytes).
    Removing uart_imx.o(i.UART_SetEscapeDecectCmd), (30 bytes).
    Removing uart_imx.o(i.UART_SetIntCmd), (36 bytes).
    Removing uart_imx.o(i.UART_SetInvertCmd), (180 bytes).
    Removing uart_imx.o(i.UART_SetIrDACmd), (30 bytes).
    Removing uart_imx.o(i.UART_SetIrDAVoteClock), (64 bytes).
    Removing uart_imx.o(i.UART_SetLowPowerMode), (30 bytes).
    Removing uart_imx.o(i.UART_SetModemMode), (20 bytes).
    Removing uart_imx.o(i.UART_SetMultidropMode), (30 bytes).
    Removing uart_imx.o(i.UART_SetRiPinLevel), (30 bytes).
    Removing uart_imx.o(i.UART_SetRtsFlowCtrlCmd), (30 bytes).
    Removing uart_imx.o(i.UART_SetSlaveAddressDetectCmd), (30 bytes).
    Removing uart_imx.o(.conststring), (242 bytes).
    Removing system_imx6sx_m4.o(.rev16_text), (4 bytes).
    Removing system_imx6sx_m4.o(.revsh_text), (4 bytes).
    Removing system_imx6sx_m4.o(.rrx_text), (6 bytes).
    Removing system_imx6sx_m4.o(i.SystemCoreClockUpdate), (16 bytes).
    Removing system_imx6sx_m4.o(.data), (4 bytes).

35 unused section(s) (total 1660 bytes) removed from the image.

==============================================================================

Memory Map of the image

  Image Entry point : 0x00000000

  Load Region LR_IROM1 (Base: 0x00000000, Size: 0x0000055c, Max: 0x00008000, ABSOLUTE)

    Execution Region ER_IROM1 (Base: 0x00000000, Size: 0x0000055c, Max: 0x00008000, ABSOLUTE)

    Base Addr    Size         Type   Attr      Idx    E Section Name        Object

    0x00000000   0x00000240   Data   RO          222    RESET               startup_imx6sx_m4.o
    0x00000240   0x00000008   Code   RO          270  * !!!main             c_w.l(__main.o)
    0x00000248   0x00000002   Code   RO          318    .ARM.Collect$$libinit$$00000000  c_w.l(libinit.o)
    0x0000024a   0x00000004   Code   RO          328    .ARM.Collect$$libinit$$00000001  c_w.l(libinit2.o)
    0x0000024e   0x00000000   Code   RO          331    .ARM.Collect$$libinit$$00000004  c_w.l(libinit2.o)
    0x0000024e   0x00000000   Code   RO          334    .ARM.Collect$$libinit$$0000000A  c_w.l(libinit2.o)
    0x0000024e   0x00000000   Code   RO          336    .ARM.Collect$$libinit$$0000000C  c_w.l(libinit2.o)
    0x0000024e   0x00000000   Code   RO          338    .ARM.Collect$$libinit$$0000000E  c_w.l(libinit2.o)
    0x0000024e   0x00000000   Code   RO          341    .ARM.Collect$$libinit$$00000011  c_w.l(libinit2.o)
    0x0000024e   0x00000000   Code   RO          343    .ARM.Collect$$libinit$$00000013  c_w.l(libinit2.o)
    0x0000024e   0x00000000   Code   RO          345    .ARM.Collect$$libinit$$00000015  c_w.l(libinit2.o)
    0x0000024e   0x00000000   Code   RO          347    .ARM.Collect$$libinit$$00000017  c_w.l(libinit2.o)
    0x0000024e   0x00000000   Code   RO          349    .ARM.Collect$$libinit$$00000019  c_w.l(libinit2.o)
    0x0000024e   0x00000000   Code   RO          351    .ARM.Collect$$libinit$$0000001B  c_w.l(libinit2.o)
    0x0000024e   0x00000000   Code   RO          353    .ARM.Collect$$libinit$$0000001D  c_w.l(libinit2.o)
    0x0000024e   0x00000000   Code   RO          355    .ARM.Collect$$libinit$$0000001F  c_w.l(libinit2.o)
    0x0000024e   0x00000000   Code   RO          357    .ARM.Collect$$libinit$$00000021  c_w.l(libinit2.o)
    0x0000024e   0x00000000   Code   RO          359    .ARM.Collect$$libinit$$00000023  c_w.l(libinit2.o)
    0x0000024e   0x00000000   Code   RO          361    .ARM.Collect$$libinit$$00000025  c_w.l(libinit2.o)
    0x0000024e   0x00000008   Code   RO          363    .ARM.Collect$$libinit$$00000027  c_w.l(libinit2.o)
    0x00000256   0x00000000   Code   RO          367    .ARM.Collect$$libinit$$0000002E  c_w.l(libinit2.o)
    0x00000256   0x00000000   Code   RO          369    .ARM.Collect$$libinit$$00000030  c_w.l(libinit2.o)
    0x00000256   0x00000000   Code   RO          371    .ARM.Collect$$libinit$$00000032  c_w.l(libinit2.o)
    0x00000256   0x00000002   Code   RO          372    .ARM.Collect$$libinit$$00000033  c_w.l(libinit2.o)
    0x00000258   0x00000002   Code   RO          408    .ARM.Collect$$libshutdown$$00000000  c_w.l(libshutdown.o)
    0x0000025a   0x00000000   Code   RO          418    .ARM.Collect$$libshutdown$$00000002  c_w.l(libshutdown2.o)
    0x0000025a   0x00000000   Code   RO          420    .ARM.Collect$$libshutdown$$00000004  c_w.l(libshutdown2.o)
    0x0000025a   0x00000000   Code   RO          423    .ARM.Collect$$libshutdown$$00000007  c_w.l(libshutdown2.o)
    0x0000025a   0x00000000   Code   RO          426    .ARM.Collect$$libshutdown$$0000000A  c_w.l(libshutdown2.o)
    0x0000025a   0x00000000   Code   RO          428    .ARM.Collect$$libshutdown$$0000000C  c_w.l(libshutdown2.o)
    0x0000025a   0x00000000   Code   RO          431    .ARM.Collect$$libshutdown$$0000000F  c_w.l(libshutdown2.o)
    0x0000025a   0x00000002   Code   RO          432    .ARM.Collect$$libshutdown$$00000010  c_w.l(libshutdown2.o)
    0x0000025c   0x00000000   Code   RO          272    .ARM.Collect$$rtentry$$00000000  c_w.l(__rtentry.o)
    0x0000025c   0x00000000   Code   RO          282    .ARM.Collect$$rtentry$$00000002  c_w.l(__rtentry2.o)
    0x0000025c   0x00000006   Code   RO          294    .ARM.Collect$$rtentry$$00000004  c_w.l(__rtentry4.o)
    0x00000262   0x00000000   Code   RO          284    .ARM.Collect$$rtentry$$00000009  c_w.l(__rtentry2.o)
    0x00000262   0x00000004   Code   RO          285    .ARM.Collect$$rtentry$$0000000A  c_w.l(__rtentry2.o)
    0x00000266   0x00000000   Code   RO          287    .ARM.Collect$$rtentry$$0000000C  c_w.l(__rtentry2.o)
    0x00000266   0x00000008   Code   RO          288    .ARM.Collect$$rtentry$$0000000D  c_w.l(__rtentry2.o)
    0x0000026e   0x00000002   Code   RO          322    .ARM.Collect$$rtexit$$00000000  c_w.l(rtexit.o)
    0x00000270   0x00000000   Code   RO          374    .ARM.Collect$$rtexit$$00000002  c_w.l(rtexit2.o)
    0x00000270   0x00000004   Code   RO          375    .ARM.Collect$$rtexit$$00000003  c_w.l(rtexit2.o)
    0x00000274   0x00000006   Code   RO          376    .ARM.Collect$$rtexit$$00000004  c_w.l(rtexit2.o)
    0x0000027a   0x00000002   PAD
    0x0000027c   0x00000004   Code   RO          382    .emb_text           c_w.l(argv_veneer.o)
    0x00000280   0x00000044   Code   RO          223    .text               startup_imx6sx_m4.o
    0x000002c4   0x00000006   Code   RO          268    .text               c_w.l(heapauxi.o)
    0x000002ca   0x0000000e   Code   RO          277    .text               c_w.l(sys_wrch.o)
    0x000002d8   0x0000000c   Code   RO          279    .text               c_w.l(sys_exit.o)
    0x000002e4   0x00000002   Code   RO          300    .text               c_w.l(use_no_semi.o)
    0x000002e6   0x00000000   Code   RO          302    .text               c_w.l(indicate_semi.o)
    0x000002e6   0x0000004a   Code   RO          303    .text               c_w.l(sys_stackheap_outer.o)
    0x00000330   0x00000012   Code   RO          307    .text               c_w.l(exit.o)
    0x00000342   0x0000000a   Code   RO          309    .text               c_w.l(defsig_exit.o)
    0x0000034c   0x00000008   Code   RO          319    .text               c_w.l(libspace.o)
    0x00000354   0x00000032   Code   RO          326    .text               c_w.l(defsig_general.o)
    0x00000386   0x00000002   PAD
    0x00000388   0x00000050   Code   RO          390    .text               c_w.l(defsig_rtmem_inner.o)
    0x000003d8   0x0000012e   Code   RO          404    .text               c_w.l(_get_argv_nomalloc.o)
    0x00000506   0x00000018   Code   RO          409    .text               c_w.l(sys_command.o)
    0x0000051e   0x00000004   Code   RO          411    .text               c_w.l(hrguard.o)
    0x00000522   0x0000000e   Code   RO          413    .text               c_w.l(defsig_rtmem_outer.o)
    0x00000530   0x00000020   Code   RO          231    i.SystemInit        system_imx6sx_m4.o
    0x00000550   0x0000000a   Code   RO          384    x$fpl$fpinit        fz_wm.l(fpinit.o)
    0x0000055a   0x00000002   PAD
    0x0000055c   0x00000000   Data   RO          433    Region$$Table       anon$$obj.o


    Execution Region RW_IRAM1 (Base: 0x20000000, Size: 0x00000660, Max: 0x00008000, ABSOLUTE)

    Base Addr    Size         Type   Attr      Idx    E Section Name        Object

    0x20000000   0x00000060   Zero   RW          320    .bss                c_w.l(libspace.o)
    0x20000060   0x00000200   Zero   RW          221    HEAP                startup_imx6sx_m4.o
    0x20000260   0x00000400   Zero   RW          220    STACK               startup_imx6sx_m4.o

