Component: ARM Compiler 5.06 update 4 (build 422) Tool: armlink [4d35d2]

==============================================================================

Section Cross References

    bsp_driver_sd.o(i.BSP_SD_Erase) refers to stm32f7xx_hal_sd.o(i.HAL_SD_Erase) for HAL_SD_Erase
    bsp_driver_sd.o(i.BSP_SD_Erase) refers to main.o(.bss) for hsd1
    bsp_driver_sd.o(i.BSP_SD_GetCardInfo) refers to stm32f7xx_hal_sd.o(i.HAL_SD_GetCardInfo) for HAL_SD_GetCardInfo
    bsp_driver_sd.o(i.BSP_SD_GetCardInfo) refers to main.o(.bss) for hsd1
    bsp_driver_sd.o(i.BSP_SD_GetCardState) refers to stm32f7xx_hal_sd.o(i.HAL_SD_GetCardState) for HAL_SD_GetCardState
    bsp_driver_sd.o(i.BSP_SD_GetCardState) refers to main.o(.bss) for hsd1
    bsp_driver_sd.o(i.BSP_SD_Init) refers to stm32f7xx_hal_sd.o(i.HAL_SD_Init) for HAL_SD_Init
    bsp_driver_sd.o(i.BSP_SD_Init) refers to main.o(.bss) for hsd1
    bsp_driver_sd.o(i.BSP_SD_ReadBlocks) refers to stm32f7xx_hal_sd.o(i.HAL_SD_ReadBlocks) for HAL_SD_ReadBlocks
    bsp_driver_sd.o(i.BSP_SD_ReadBlocks) refers to main.o(.bss) for hsd1
    bsp_driver_sd.o(i.BSP_SD_ReadBlocks_DMA) refers to stm32f7xx_hal_sd.o(i.HAL_SD_ReadBlocks_DMA) for HAL_SD_ReadBlocks_DMA
    bsp_driver_sd.o(i.BSP_SD_ReadBlocks_DMA) refers to main.o(.bss) for hsd1
    bsp_driver_sd.o(i.BSP_SD_WriteBlocks) refers to stm32f7xx_hal_sd.o(i.HAL_SD_WriteBlocks) for HAL_SD_WriteBlocks
    bsp_driver_sd.o(i.BSP_SD_WriteBlocks) refers to main.o(.bss) for hsd1
    bsp_driver_sd.o(i.BSP_SD_WriteBlocks_DMA) refers to stm32f7xx_hal_sd.o(i.HAL_SD_WriteBlocks_DMA) for HAL_SD_WriteBlocks_DMA
    bsp_driver_sd.o(i.BSP_SD_WriteBlocks_DMA) refers to main.o(.bss) for hsd1
    stm32f7xx_hal_msp.o(i.HAL_MspInit) refers to stm32f7xx_hal_cortex.o(i.HAL_NVIC_SetPriorityGrouping) for HAL_NVIC_SetPriorityGrouping
    stm32f7xx_hal_msp.o(i.HAL_MspInit) refers to stm32f7xx_hal_cortex.o(i.HAL_NVIC_SetPriority) for HAL_NVIC_SetPriority
    stm32f7xx_hal_msp.o(i.HAL_SD_MspDeInit) refers to stm32f7xx_hal_gpio.o(i.HAL_GPIO_DeInit) for HAL_GPIO_DeInit
    stm32f7xx_hal_msp.o(i.HAL_SD_MspDeInit) refers to stm32f7xx_hal_cortex.o(i.HAL_NVIC_DisableIRQ) for HAL_NVIC_DisableIRQ
    stm32f7xx_hal_msp.o(i.HAL_SD_MspInit) refers to stm32f7xx_hal_gpio.o(i.HAL_GPIO_Init) for HAL_GPIO_Init
    stm32f7xx_hal_msp.o(i.HAL_SD_MspInit) refers to stm32f7xx_hal_cortex.o(i.HAL_NVIC_SetPriority) for HAL_NVIC_SetPriority
    stm32f7xx_hal_msp.o(i.HAL_SD_MspInit) refers to stm32f7xx_hal_cortex.o(i.HAL_NVIC_EnableIRQ) for HAL_NVIC_EnableIRQ
    stm32f7xx_hal_msp.o(i.HAL_UART_MspDeInit) refers to stm32f7xx_hal_gpio.o(i.HAL_GPIO_DeInit) for HAL_GPIO_DeInit
    stm32f7xx_hal_msp.o(i.HAL_UART_MspDeInit) refers to stm32f7xx_hal_cortex.o(i.HAL_NVIC_DisableIRQ) for HAL_NVIC_DisableIRQ
    stm32f7xx_hal_msp.o(i.HAL_UART_MspInit) refers to stm32f7xx_hal_gpio.o(i.HAL_GPIO_Init) for HAL_GPIO_Init
    stm32f7xx_hal_msp.o(i.HAL_UART_MspInit) refers to stm32f7xx_hal_cortex.o(i.HAL_NVIC_SetPriority) for HAL_NVIC_SetPriority
    stm32f7xx_hal_msp.o(i.HAL_UART_MspInit) refers to stm32f7xx_hal_cortex.o(i.HAL_NVIC_EnableIRQ) for HAL_NVIC_EnableIRQ
    main.o(i.LK_HEAP_ERROR) refers to printfa.o(i.__0printf) for __2printf
    main.o(i.Model_CNN_ICRSF) refers to malloc.o(i.malloc) for malloc
    main.o(i.Model_CNN_ICRSF) refers to ff.o(i.f_open) for f_open
    main.o(i.Model_CNN_ICRSF) refers to memseta.o(.text) for __aeabi_memclr4
    main.o(i.Model_CNN_ICRSF) refers to lk_stm32.o(i.LK_UART) for LK_UART
    main.o(i.Model_CNN_ICRSF) refers to ff.o(i.f_read) for f_read
    main.o(i.Model_CNN_ICRSF) refers to lkml_math.o(i.LK_ZeroCenter) for LK_ZeroCenter
    main.o(i.Model_CNN_ICRSF) refers to malloc.o(i.free) for free
    main.o(i.Model_CNN_ICRSF) refers to ff.o(i.f_close) for f_close
    main.o(i.Model_CNN_ICRSF) refers to lkml_math.o(i.LK_convolutional2D) for LK_convolutional2D
    main.o(i.Model_CNN_ICRSF) refers to lkml_math.o(i.LK_ReLu) for LK_ReLu
    main.o(i.Model_CNN_ICRSF) refers to lkml_math.o(i.LK_Pooling_Max) for LK_Pooling_Max
    main.o(i.Model_CNN_ICRSF) refers to lk_stm32.o(.bss) for huart1
    main.o(i.Model_CNN_ICRSF) refers to lkml_math.o(i.LK_matrix_multpile) for LK_matrix_multpile
    main.o(i.Model_CNN_ICRSF) refers to lkml_math.o(i.LK_Softmax) for LK_Softmax
    main.o(i.Model_CNN_ICRSF) refers to lkml_math.o(i.maxofMatrix) for maxofMatrix
    main.o(i.Model_CNN_ICRSF) refers to printfa.o(i.__0printf) for __2printf
    main.o(i.SystemClock_Config) refers to stm32f7xx_hal_rcc.o(i.HAL_RCC_OscConfig) for HAL_RCC_OscConfig
    main.o(i.SystemClock_Config) refers to stm32f7xx_hal_pwr_ex.o(i.HAL_PWREx_EnableOverDrive) for HAL_PWREx_EnableOverDrive
    main.o(i.SystemClock_Config) refers to stm32f7xx_hal_rcc.o(i.HAL_RCC_ClockConfig) for HAL_RCC_ClockConfig
    main.o(i.SystemClock_Config) refers to stm32f7xx_hal_rcc_ex.o(i.HAL_RCCEx_PeriphCLKConfig) for HAL_RCCEx_PeriphCLKConfig
[...]
    ../clib/microlib/printf/printf.c         0x00000000   Number         0  printf1.o ABSOLUTE
    ../clib/microlib/printf/printf.c         0x00000000   Number         0  printf0.o ABSOLUTE
    ../clib/microlib/printf/printf.c         0x00000000   Number         0  printf8.o ABSOLUTE
    ../clib/microlib/printf/printf.c         0x00000000   Number         0  printf7.o ABSOLUTE
    ../clib/microlib/printf/printf.c         0x00000000   Number         0  printf6.o ABSOLUTE
    ../clib/microlib/printf/printf.c         0x00000000   Number         0  printf5.o ABSOLUTE
    ../clib/microlib/printf/printf.c         0x00000000   Number         0  printf4.o ABSOLUTE
    ../clib/microlib/printf/printf.c         0x00000000   Number         0  printfb.o ABSOLUTE
    ../clib/microlib/printf/stubs.s          0x00000000   Number         0  stubs.o ABSOLUTE
    ../clib/microlib/stdio/streams.c         0x00000000   Number         0  stdout.o ABSOLUTE
    ../clib/microlib/string/memcpy.c         0x00000000   Number         0  memcpya.o ABSOLUTE
    ../clib/microlib/string/memcpy.c         0x00000000   Number         0  memcpyb.o ABSOLUTE
    ../clib/microlib/string/memset.c         0x00000000   Number         0  memseta.o ABSOLUTE
    ../clib/microlib/stubs.s                 0x00000000   Number         0  iusefp.o ABSOLUTE
    ../fplib/microlib/fpadd.c                0x00000000   Number         0  dadd.o ABSOLUTE
    ../fplib/microlib/fpdiv.c                0x00000000   Number         0  ddiv.o ABSOLUTE
    ../fplib/microlib/fpepilogue.c           0x00000000   Number         0  depilogue.o ABSOLUTE
    ../fplib/microlib/fpfix.c                0x00000000   Number         0  dfixi.o ABSOLUTE
    ../fplib/microlib/fpfix.c                0x00000000   Number         0  dfixul.o ABSOLUTE
    ../fplib/microlib/fpflt.c                0x00000000   Number         0  dflti.o ABSOLUTE
    ../fplib/microlib/fpmul.c                0x00000000   Number         0  dmul.o ABSOLUTE
    ../fplib/microlib/fpscalb.c              0x00000000   Number         0  dscalb.o ABSOLUTE
    ../fplib/microlib/fpstat.c               0x00000000   Number         0  fpstat.o ABSOLUTE
    ../mathlib/dunder.c                      0x00000000   Number         0  dunder.o ABSOLUTE
    ../mathlib/exp.c                         0x00000000   Number         0  exp_x.o ABSOLUTE
    ../mathlib/exp.c                         0x00000000   Number         0  exp.o ABSOLUTE
    ../mathlib/exp2.c                        0x00000000   Number         0  exp2_x.o ABSOLUTE
    ../mathlib/exp2.c                        0x00000000   Number         0  exp2.o ABSOLUTE
    ../mathlib/fpclassify.c                  0x00000000   Number         0  fpclassify.o ABSOLUTE
    ../mathlib/ldexp.c                       0x00000000   Number         0  ldexp_x.o ABSOLUTE
    ../mathlib/ldexp.c                       0x00000000   Number         0  ldexp.o ABSOLUTE
    ../mathlib/modf.c                        0x00000000   Number         0  modf.o ABSOLUTE
    ../mathlib/poly.c                        0x00000000   Number         0  poly.o ABSOLUTE
    ../mathlib/qnan.c                        0x00000000   Number         0  qnan.o ABSOLUTE
    ..\..\..\..\LKML_C\Src\LKML_Layers.c     0x00000000   Number         0  lkml_layers.o ABSOLUTE
    ..\..\..\..\LKML_C\Src\LKML_Math.c       0x00000000   Number         0  lkml_math.o ABSOLUTE
    ..\..\..\LK_STM32.c                      0x00000000   Number         0  lk_stm32.o ABSOLUTE
    ..\..\..\LK_fatfs.c                      0x00000000   Number         0  lk_fatfs.o ABSOLUTE
    ..\Drivers\STM32F7xx_HAL_Driver\Src\stm32f7xx_hal.c 0x00000000   Number         0  stm32f7xx_hal.o ABSOLUTE
    ..\Drivers\STM32F7xx_HAL_Driver\Src\stm32f7xx_hal_cortex.c 0x00000000   Number         0  stm32f7xx_hal_cortex.o ABSOLUTE
    ..\Drivers\STM32F7xx_HAL_Driver\Src\stm32f7xx_hal_dma.c 0x00000000   Number         0  stm32f7xx_hal_dma.o ABSOLUTE
    ..\Drivers\STM32F7xx_HAL_Driver\Src\stm32f7xx_hal_dma_ex.c 0x00000000   Number         0  stm32f7xx_hal_dma_ex.o ABSOLUTE
    ..\Drivers\STM32F7xx_HAL_Driver\Src\stm32f7xx_hal_flash.c 0x00000000   Number         0  stm32f7xx_hal_flash.o ABSOLUTE
    ..\Drivers\STM32F7xx_HAL_Driver\Src\stm32f7xx_hal_flash_ex.c 0x00000000   Number         0  stm32f7xx_hal_flash_ex.o ABSOLUTE
    ..\Drivers\STM32F7xx_HAL_Driver\Src\stm32f7xx_hal_gpio.c 0x00000000   Number         0  stm32f7xx_hal_gpio.o ABSOLUTE
    ..\Drivers\STM32F7xx_HAL_Driver\Src\stm32f7xx_hal_i2c.c 0x00000000   Number         0  stm32f7xx_hal_i2c.o ABSOLUTE
    ..\Drivers\STM32F7xx_HAL_Driver\Src\stm32f7xx_hal_i2c_ex.c 0x00000000   Number         0  stm32f7xx_hal_i2c_ex.o ABSOLUTE
    ..\Drivers\STM32F7xx_HAL_Driver\Src\stm32f7xx_hal_pwr.c 0x00000000   Number         0  stm32f7xx_hal_pwr.o ABSOLUTE
    ..\Drivers\STM32F7xx_HAL_Driver\Src\stm32f7xx_hal_pwr_ex.c 0x00000000   Number         0  stm32f7xx_hal_pwr_ex.o ABSOLUTE
    ..\Drivers\STM32F7xx_HAL_Driver\Src\stm32f7xx_hal_rcc.c 0x00000000   Number         0  stm32f7xx_hal_rcc.o ABSOLUTE
    ..\Drivers\STM32F7xx_HAL_Driver\Src\stm32f7xx_hal_rcc_ex.c 0x00000000   Number         0  stm32f7xx_hal_rcc_ex.o ABSOLUTE
    ..\Drivers\STM32F7xx_HAL_Driver\Src\stm32f7xx_hal_sd.c 0x00000000   Number         0  stm32f7xx_hal_sd.o ABSOLUTE
    ..\Drivers\STM32F7xx_HAL_Driver\Src\stm32f7xx_hal_tim.c 0x00000000   Number         0  stm32f7xx_hal_tim.o ABSOLUTE
    ..\Drivers\STM32F7xx_HAL_Driver\Src\stm32f7xx_hal_tim_ex.c 0x00000000   Number         0  stm32f7xx_hal_tim_ex.o ABSOLUTE
    ..\Drivers\STM32F7xx_HAL_Driver\Src\stm32f7xx_hal_uart.c 0x00000000   Number         0  stm32f7xx_hal_uart.o ABSOLUTE
    ..\Drivers\STM32F7xx_HAL_Driver\Src\stm32f7xx_ll_sdmmc.c 0x00000000   Number         0  stm32f7xx_ll_sdmmc.o ABSOLUTE
    ..\Middlewares\Third_Party\FatFs\src\diskio.c 0x00000000   Number         0  diskio.o ABSOLUTE
    ..\Middlewares\Third_Party\FatFs\src\drivers\sd_diskio.c 0x00000000   Number         0  sd_diskio.o ABSOLUTE
    ..\Middlewares\Third_Party\FatFs\src\ff.c 0x00000000   Number         0  ff.o ABSOLUTE
    ..\Middlewares\Third_Party\FatFs\src\ff_gen_drv.c 0x00000000   Number         0  ff_gen_drv.o ABSOLUTE
    ..\Middlewares\Third_Party\FatFs\src\option\syscall.c 0x00000000   Number         0  syscall.o ABSOLUTE
    ..\Middlewares\Third_Party\FatFs\src\option\unicode.c 0x00000000   Number         0  unicode.o ABSOLUTE
    ..\Src\bsp_driver_sd.c                   0x00000000   Number         0  bsp_driver_sd.o ABSOLUTE
    ..\Src\main.c                            0x00000000   Number         0  main.o ABSOLUTE
    ..\Src\stm32f7xx_hal_msp.c               0x00000000   Number         0  stm32f7xx_hal_msp.o ABSOLUTE
    ..\Src\stm32f7xx_it.c                    0x00000000   Number         0  stm32f7xx_it.o ABSOLUTE
    ..\Src\system_stm32f7xx.c                0x00000000   Number         0  system_stm32f7xx.o ABSOLUTE
    ..\\..\\..\\LK_STM32.c                   0x00000000   Number         0  lk_stm32.o ABSOLUTE
    ..\\..\\..\\LK_fatfs.c                   0x00000000   Number         0  lk_fatfs.o ABSOLUTE
    ..\\Middlewares\\Third_Party\\FatFs\\src\\option\\unicode.c 0x00000000   Number         0  unicode.o ABSOLUTE
    cdcmple.s                                0x00000000   Number         0  cdcmple.o ABSOLUTE
    cdrcmple.s                               0x00000000   Number         0  cdrcmple.o ABSOLUTE
    dc.s                                     0x00000000   Number         0  dc.o ABSOLUTE
    handlers.s                               0x00000000   Number         0  handlers.o ABSOLUTE
    init.s                                   0x00000000   Number         0  init.o ABSOLUTE
    startup_stm32f746xx.s                    0x00000000   Number         0  startup_stm32f746xx.o ABSOLUTE
    RESET                                    0x08000000   Section      456  startup_stm32f746xx.o(RESET)
    .ARM.Collect$$$$00000000                 0x080001c8   Section        0  entry.o(.ARM.Collect$$$$00000000)
    .ARM.Collect$$$$00000001                 0x080001c8   Section        4  entry2.o(.ARM.Collect$$$$00000001)
    .ARM.Collect$$$$00000004                 0x080001cc   Section        4  entry5.o(.ARM.Collect$$$$00000004)
    .ARM.Collect$$$$00000008                 0x080001d0   Section        0  entry7b.o(.ARM.Collect$$$$00000008)
    .ARM.Collect$$$$0000000A                 0x080001d0   Section        0  entry8b.o(.ARM.Collect$$$$0000000A)
    .ARM.Collect$$$$0000000B                 0x080001d0   Section        8  entry9a.o(.ARM.Collect$$$$0000000B)
    .ARM.Collect$$$$0000000D                 0x080001d8   Section        0  entry10a.o(.ARM.Collect$$$$0000000D)
    .ARM.Collect$$$$0000000F                 0x080001d8   Section        0  entry11a.o(.ARM.Collect$$$$0000000F)
    .ARM.Collect$$$$00002712                 0x080001d8   Section        4  entry2.o(.ARM.Collect$$$$00002712)
    __lit__00000000                          0x080001d8   Data           4  entry2.o(.ARM.Collect$$$$00002712)
    .text                                    0x080001dc   Section       36  startup_stm32f746xx.o(.text)
    .text                                    0x08000200   Section        0  dadd.o(.text)
    .text                                    0x0800034e   Section        0  dmul.o(.text)
    .text                                    0x08000432   Section        0  ddiv.o(.text)
    .text                                    0x08000510   Section       48  cdrcmple.o(.text)
    .text                                    0x08000540   Section        0  uidiv.o(.text)
    .text                                    0x0800056c   Section        0  uldiv.o(.text)
    .text                                    0x080005ce   Section        0  llshl.o(.text)
    .text                                    0x080005ec   Section        0  llsshr.o(.text)
    .text                                    0x08000610   Section        0  iusefp.o(.text)
    .text                                    0x08000610   Section        0  depilogue.o(.text)
    .text                                    0x080006ca   Section        0  dfixul.o(.text)
    .text                                    0x080006fc   Section       36  init.o(.text)
    .text                                    0x08000720   Section        0  llushr.o(.text)
    i.BSP_SD_GetCardInfo                     0x08000740   Section        0  bsp_driver_sd.o(i.BSP_SD_GetCardInfo)
    i.BSP_SD_GetCardState                    0x0800074c   Section        0  bsp_driver_sd.o(i.BSP_SD_GetCardState)
    i.BSP_SD_Init                            0x08000764   Section        0  bsp_driver_sd.o(i.BSP_SD_Init)
    i.BSP_SD_ReadBlocks                      0x08000788   Section        0  bsp_driver_sd.o(i.BSP_SD_ReadBlocks)
    i.BSP_SD_WriteBlocks                     0x080007a8   Section        0  bsp_driver_sd.o(i.BSP_SD_WriteBlocks)
    i.FATFS_LinkDriver                       0x080007c8   Section        0  ff_gen_drv.o(i.FATFS_LinkDriver)
    i.FATFS_LinkDriverEx                     0x080007d0   Section        0  ff_gen_drv.o(i.FATFS_LinkDriverEx)
    i.HAL_DMA_Abort_IT                       0x08000810   Section        0  stm32f7xx_hal_dma.o(i.HAL_DMA_Abort_IT)
    i.HAL_Delay                              0x08000834   Section        0  stm32f7xx_hal.o(i.HAL_Delay)
    i.HAL_GPIO_Init                          0x0800084c   Section        0  stm32f7xx_hal_gpio.o(i.HAL_GPIO_Init)
    i.HAL_GetTick                            0x08000a24   Section        0  stm32f7xx_hal.o(i.HAL_GetTick)
    i.HAL_IncTick                            0x08000a30   Section        0  stm32f7xx_hal.o(i.HAL_IncTick)
    i.HAL_Init                               0x08000a40   Section        0  stm32f7xx_hal.o(i.HAL_Init)
    i.HAL_InitTick                           0x08000a58   Section        0  stm32f7xx_hal.o(i.HAL_InitTick)
    i.HAL_MspInit                            0x08000a80   Section        0  stm32f7xx_hal_msp.o(i.HAL_MspInit)
    i.HAL_NVIC_EnableIRQ                     0x08000ad8   Section        0  stm32f7xx_hal_cortex.o(i.HAL_NVIC_EnableIRQ)
    i.HAL_NVIC_SetPriority                   0x08000af0   Section        0  stm32f7xx_hal_cortex.o(i.HAL_NVIC_SetPriority)
    i.HAL_NVIC_SetPriorityGrouping           0x08000b30   Section        0  stm32f7xx_hal_cortex.o(i.HAL_NVIC_SetPriorityGrouping)
    i.HAL_PWREx_EnableOverDrive              0x08000b54   Section        0  stm32f7xx_hal_pwr_ex.o(i.HAL_PWREx_EnableOverDrive)
    i.HAL_RCCEx_PeriphCLKConfig              0x08000bc0   Section        0  stm32f7xx_hal_rcc_ex.o(i.HAL_RCCEx_PeriphCLKConfig)
    i.HAL_RCC_ClockConfig                    0x08001274   Section        0  stm32f7xx_hal_rcc.o(i.HAL_RCC_ClockConfig)
    i.HAL_RCC_GetHCLKFreq                    0x080013d8   Section        0  stm32f7xx_hal_rcc.o(i.HAL_RCC_GetHCLKFreq)
    i.HAL_RCC_GetPCLK1Freq                   0x080013e4   Section        0  stm32f7xx_hal_rcc.o(i.HAL_RCC_GetPCLK1Freq)
    i.HAL_RCC_GetPCLK2Freq                   0x08001414   Section        0  stm32f7xx_hal_rcc.o(i.HAL_RCC_GetPCLK2Freq)
    i.HAL_RCC_GetSysClockFreq                0x08001444   Section        0  stm32f7xx_hal_rcc.o(i.HAL_RCC_GetSysClockFreq)
    i.HAL_RCC_OscConfig                      0x080014c8   Section        0  stm32f7xx_hal_rcc.o(i.HAL_RCC_OscConfig)
    i.HAL_SD_AbortCallback                   0x08001824   Section        0  stm32f7xx_hal_sd.o(i.HAL_SD_AbortCallback)
    i.HAL_SD_ErrorCallback                   0x08001826   Section        0  stm32f7xx_hal_sd.o(i.HAL_SD_ErrorCallback)
    i.HAL_SD_GetCardCSD                      0x08001828   Section        0  stm32f7xx_hal_sd.o(i.HAL_SD_GetCardCSD)
    i.HAL_SD_GetCardInfo                     0x08001a22   Section        0  stm32f7xx_hal_sd.o(i.HAL_SD_GetCardInfo)
    i.HAL_SD_GetCardState                    0x08001a46   Section        0  stm32f7xx_hal_sd.o(i.HAL_SD_GetCardState)
    i.HAL_SD_IRQHandler                      0x08001a74   Section        0  stm32f7xx_hal_sd.o(i.HAL_SD_IRQHandler)
    i.HAL_SD_Init                            0x08001c1c   Section        0  stm32f7xx_hal_sd.o(i.HAL_SD_Init)
    i.HAL_SD_InitCard                        0x08001c52   Section        0  stm32f7xx_hal_sd.o(i.HAL_SD_InitCard)
    i.HAL_SD_MspInit                         0x08001cb0   Section        0  stm32f7xx_hal_msp.o(i.HAL_SD_MspInit)
    i.HAL_SD_ReadBlocks                      0x08001d18   Section        0  stm32f7xx_hal_sd.o(i.HAL_SD_ReadBlocks)
    i.HAL_SD_RxCpltCallback                  0x08001ec8   Section        0  stm32f7xx_hal_sd.o(i.HAL_SD_RxCpltCallback)
    i.HAL_SD_TxCpltCallback                  0x08001eca   Section        0  stm32f7xx_hal_sd.o(i.HAL_SD_TxCpltCallback)
    i.HAL_SD_WriteBlocks                     0x08001ecc   Section        0  stm32f7xx_hal_sd.o(i.HAL_SD_WriteBlocks)
    i.HAL_SYSTICK_CLKSourceConfig            0x0800206e   Section        0  stm32f7xx_hal_cortex.o(i.HAL_SYSTICK_CLKSourceConfig)
    i.HAL_SYSTICK_Callback                   0x08002086   Section        0  stm32f7xx_hal_cortex.o(i.HAL_SYSTICK_Callback)
    i.HAL_SYSTICK_Config                     0x08002088   Section        0  stm32f7xx_hal_cortex.o(i.HAL_SYSTICK_Config)
    i.HAL_SYSTICK_IRQHandler                 0x080020ae   Section        0  stm32f7xx_hal_cortex.o(i.HAL_SYSTICK_IRQHandler)
    i.HAL_UART_ErrorCallback                 0x080020b6   Section        0  stm32f7xx_hal_uart.o(i.HAL_UART_ErrorCallback)
    i.HAL_UART_IRQHandler                    0x080020b8   Section        0  stm32f7xx_hal_uart.o(i.HAL_UART_IRQHandler)
    i.HAL_UART_Init                          0x08002230   Section        0  stm32f7xx_hal_uart.o(i.HAL_UART_Init)
    i.HAL_UART_MspInit                       0x0800229c   Section        0  stm32f7xx_hal_msp.o(i.HAL_UART_MspInit)
    i.HAL_UART_RxCpltCallback                0x08002304   Section        0  stm32f7xx_hal_uart.o(i.HAL_UART_RxCpltCallback)
    i.HAL_UART_Transmit                      0x08002308   Section        0  stm32f7xx_hal_uart.o(i.HAL_UART_Transmit)
    i.HAL_UART_TxCpltCallback                0x080023be   Section        0  stm32f7xx_hal_uart.o(i.HAL_UART_TxCpltCallback)
    i.LK_FATFS_Init                          0x080023c0   Section        0  lk_fatfs.o(i.LK_FATFS_Init)
    i.LK_FullyConnect                        0x08002460   Section        0  lkml_math.o(i.LK_FullyConnect)
    i.LK_UART                                0x080024b8   Section        0  lk_stm32.o(i.LK_UART)
    i.LK_displayMatrix                       0x080024d8   Section        0  lk_fatfs.o(i.LK_displayMatrix)
    i.MX_GPIO_Init                           0x08002540   Section        0  main.o(i.MX_GPIO_Init)
    MX_GPIO_Init                             0x08002541   Thumb Code    86  main.o(i.MX_GPIO_Init)
    i.MX_USART1_UART_Init                    0x0800259c   Section        0  lk_stm32.o(i.MX_USART1_UART_Init)
    i.NVIC_SetPriority                       0x080025f0   Section        0  stm32f7xx_hal_cortex.o(i.NVIC_SetPriority)
    NVIC_SetPriority                         0x080025f1   Thumb Code    34  stm32f7xx_hal_cortex.o(i.NVIC_SetPriority)
    i.PendSV_Handler                         0x08002612   Section        0  stm32f7xx_it.o(i.PendSV_Handler)
    i.SDMMC1_IRQHandler                      0x08002614   Section        0  stm32f7xx_it.o(i.SDMMC1_IRQHandler)
    i.SDMMC_CmdAppCommand                    0x08002620   Section        0  stm32f7xx_ll_sdmmc.o(i.SDMMC_CmdAppCommand)
    i.SDMMC_CmdAppOperCommand                0x08002654   Section        0  stm32f7xx_ll_sdmmc.o(i.SDMMC_CmdAppOperCommand)
    i.SDMMC_CmdBlockLength                   0x08002688   Section        0  stm32f7xx_ll_sdmmc.o(i.SDMMC_CmdBlockLength)
    i.SDMMC_CmdGoIdleState                   0x080026bc   Section        0  stm32f7xx_ll_sdmmc.o(i.SDMMC_CmdGoIdleState)
    i.SDMMC_CmdOperCond                      0x0800270c   Section        0  stm32f7xx_ll_sdmmc.o(i.SDMMC_CmdOperCond)
    i.SDMMC_CmdReadMultiBlock                0x08002770   Section        0  stm32f7xx_ll_sdmmc.o(i.SDMMC_CmdReadMultiBlock)
    i.SDMMC_CmdReadSingleBlock               0x080027a2   Section        0  stm32f7xx_ll_sdmmc.o(i.SDMMC_CmdReadSingleBlock)
    i.SDMMC_CmdSelDesel                      0x080027d4   Section        0  stm32f7xx_ll_sdmmc.o(i.SDMMC_CmdSelDesel)
    i.SDMMC_CmdSendCID                       0x08002804   Section        0  stm32f7xx_ll_sdmmc.o(i.SDMMC_CmdSendCID)
    i.SDMMC_CmdSendCSD                       0x0800282e   Section        0  stm32f7xx_ll_sdmmc.o(i.SDMMC_CmdSendCSD)
    i.SDMMC_CmdSendStatus                    0x0800285c   Section        0  stm32f7xx_ll_sdmmc.o(i.SDMMC_CmdSendStatus)
    i.SDMMC_CmdSetRelAdd                     0x0800288e   Section        0  stm32f7xx_ll_sdmmc.o(i.SDMMC_CmdSetRelAdd)
    i.SDMMC_CmdStopTransfer                  0x080028c0   Section        0  stm32f7xx_ll_sdmmc.o(i.SDMMC_CmdStopTransfer)
    i.SDMMC_CmdWriteMultiBlock               0x080028f4   Section        0  stm32f7xx_ll_sdmmc.o(i.SDMMC_CmdWriteMultiBlock)
    i.SDMMC_CmdWriteSingleBlock              0x08002926   Section        0  stm32f7xx_ll_sdmmc.o(i.SDMMC_CmdWriteSingleBlock)
    i.SDMMC_ConfigData                       0x08002958   Section        0  stm32f7xx_ll_sdmmc.o(i.SDMMC_ConfigData)
    i.SDMMC_GetCmdResp1                      0x08002980   Section        0  stm32f7xx_ll_sdmmc.o(i.SDMMC_GetCmdResp1)
    SDMMC_GetCmdResp1                        0x08002981   Thumb Code   276  stm32f7xx_ll_sdmmc.o(i.SDMMC_GetCmdResp1)
    i.SDMMC_GetCmdResp2                      0x08002a9c   Section        0  stm32f7xx_ll_sdmmc.o(i.SDMMC_GetCmdResp2)
    SDMMC_GetCmdResp2                        0x08002a9d   Thumb Code    74  stm32f7xx_ll_sdmmc.o(i.SDMMC_GetCmdResp2)
    i.SDMMC_GetCmdResp3                      0x08002aec   Section        0  stm32f7xx_ll_sdmmc.o(i.SDMMC_GetCmdResp3)
    SDMMC_GetCmdResp3                        0x08002aed   Thumb Code    60  stm32f7xx_ll_sdmmc.o(i.SDMMC_GetCmdResp3)
    i.SDMMC_GetCmdResp6                      0x08002b2c   Section        0  stm32f7xx_ll_sdmmc.o(i.SDMMC_GetCmdResp6)
    SDMMC_GetCmdResp6                        0x08002b2d   Thumb Code   128  stm32f7xx_ll_sdmmc.o(i.SDMMC_GetCmdResp6)
    i.SDMMC_GetPowerState                    0x08002bb0   Section        0  stm32f7xx_ll_sdmmc.o(i.SDMMC_GetPowerState)
    i.SDMMC_GetResponse                      0x08002bb8   Section        0  stm32f7xx_ll_sdmmc.o(i.SDMMC_GetResponse)
    i.SDMMC_Init                             0x08002bc4   Section        0  stm32f7xx_ll_sdmmc.o(i.SDMMC_Init)
    i.SDMMC_PowerState_ON                    0x08002be6   Section        0  stm32f7xx_ll_sdmmc.o(i.SDMMC_PowerState_ON)
    i.SDMMC_ReadFIFO                         0x08002bee   Section        0  stm32f7xx_ll_sdmmc.o(i.SDMMC_ReadFIFO)
    i.SDMMC_SendCommand                      0x08002bf4   Section        0  stm32f7xx_ll_sdmmc.o(i.SDMMC_SendCommand)
    i.SDMMC_WriteFIFO                        0x08002c16   Section        0  stm32f7xx_ll_sdmmc.o(i.SDMMC_WriteFIFO)
    i.SD_DMARxAbort                          0x08002c20   Section        0  stm32f7xx_hal_sd.o(i.SD_DMARxAbort)
    SD_DMARxAbort                            0x08002c21   Thumb Code    72  stm32f7xx_hal_sd.o(i.SD_DMARxAbort)
    i.SD_DMATxAbort                          0x08002c68   Section        0  stm32f7xx_hal_sd.o(i.SD_DMATxAbort)
    SD_DMATxAbort                            0x08002c69   Thumb Code    72  stm32f7xx_hal_sd.o(i.SD_DMATxAbort)
    i.SD_InitCard                            0x08002cb0   Section        0  stm32f7xx_hal_sd.o(i.SD_InitCard)
    SD_InitCard                              0x08002cb1   Thumb Code   230  stm32f7xx_hal_sd.o(i.SD_InitCard)
    i.SD_PowerON                             0x08002d96   Section        0  stm32f7xx_hal_sd.o(i.SD_PowerON)
    SD_PowerON                               0x08002d97   Thumb Code   166  stm32f7xx_hal_sd.o(i.SD_PowerON)
    i.SD_initialize                          0x08002e3c   Section        0  sd_diskio.o(i.SD_initialize)
    i.SD_ioctl                               0x08002e5c   Section        0  sd_diskio.o(i.SD_ioctl)
    i.SD_read                                0x08002eb4   Section        0  sd_diskio.o(i.SD_read)
    i.SD_status                              0x08002ef0   Section        0  sd_diskio.o(i.SD_status)
    i.SD_write                               0x08002f10   Section        0  sd_diskio.o(i.SD_write)
    i.SVC_Handler                            0x08002f4c   Section        0  stm32f7xx_it.o(i.SVC_Handler)
    i.SysTick_Handler                        0x08002f4e   Section        0  stm32f7xx_it.o(i.SysTick_Handler)
    i.SystemClock_Config                     0x08002f5c   Section        0  main.o(i.SystemClock_Config)
    i.SystemInit                             0x0800301c   Section        0  system_stm32f7xx.o(i.SystemInit)
    i.UART_AdvFeatureConfig                  0x08003064   Section        0  stm32f7xx_hal_uart.o(i.UART_AdvFeatureConfig)
    i.UART_CheckIdleState                    0x0800312c   Section        0  stm32f7xx_hal_uart.o(i.UART_CheckIdleState)
    i.UART_DMAAbortOnError                   0x0800316c   Section        0  stm32f7xx_hal_uart.o(i.UART_DMAAbortOnError)
    UART_DMAAbortOnError                     0x0800316d   Thumb Code    20  stm32f7xx_hal_uart.o(i.UART_DMAAbortOnError)
    i.UART_EndRxTransfer                     0x08003180   Section        0  stm32f7xx_hal_uart.o(i.UART_EndRxTransfer)
    UART_EndRxTransfer                       0x08003181   Thumb Code    28  stm32f7xx_hal_uart.o(i.UART_EndRxTransfer)
    i.UART_Receive_IT                        0x0800319c   Section        0  stm32f7xx_hal_uart.o(i.UART_Receive_IT)
    UART_Receive_IT                          0x0800319d   Thumb Code   120  stm32f7xx_hal_uart.o(i.UART_Receive_IT)
    i.UART_SetConfig                         0x08003214   Section        0  stm32f7xx_hal_uart.o(i.UART_SetConfig)
    i.UART_WaitOnFlagUntilTimeout            0x0800346c   Section        0  stm32f7xx_hal_uart.o(i.UART_WaitOnFlagUntilTimeout)
    i.USART1_IRQHandler                      0x080034d0   Section        0  stm32f7xx_it.o(i.USART1_IRQHandler)
    i._Error_Handler                         0x080034dc   Section        0  main.o(i._Error_Handler)
    i.__0printf                              0x080034e0   Section        0  printfa.o(i.__0printf)
    i.__scatterload_copy                     0x08003500   Section       14  handlers.o(i.__scatterload_copy)
    i.__scatterload_null                     0x0800350e   Section        2  handlers.o(i.__scatterload_null)
    i.__scatterload_zeroinit                 0x08003510   Section       14  handlers.o(i.__scatterload_zeroinit)
    i._fp_digits                             0x08003520   Section        0  printfa.o(i._fp_digits)
    _fp_digits                               0x08003521   Thumb Code   366  printfa.o(i._fp_digits)
    i._printf_core                           0x080036a4   Section        0  printfa.o(i._printf_core)
    _printf_core                             0x080036a5   Thumb Code  1744  printfa.o(i._printf_core)
    i._printf_post_padding                   0x08003d80   Section        0  printfa.o(i._printf_post_padding)
    _printf_post_padding                     0x08003d81   Thumb Code    36  printfa.o(i._printf_post_padding)
    i._printf_pre_padding                    0x08003da4   Section        0  printfa.o(i._printf_pre_padding)
    _printf_pre_padding                      0x08003da5   Thumb Code    46  printfa.o(i._printf_pre_padding)
    i.check_fs                               0x08003dd4   Section        0  ff.o(i.check_fs)
    check_fs                                 0x08003dd5   Thumb Code    90  ff.o(i.check_fs)
    i.chk_chr                                0x08003e34   Section        0  ff.o(i.chk_chr)
    chk_chr                                  0x08003e35   Thumb Code    16  ff.o(i.chk_chr)
    i.chk_lock                               0x08003e44   Section        0  ff.o(i.chk_lock)
    chk_lock                                 0x08003e45   Thumb Code   102  ff.o(i.chk_lock)
    i.clear_lock                             0x08003eb0   Section        0  ff.o(i.clear_lock)
    clear_lock                               0x08003eb1   Thumb Code    32  ff.o(i.clear_lock)
    i.clmt_clust                             0x08003ed4   Section        0  ff.o(i.clmt_clust)
    clmt_clust                               0x08003ed5   Thumb Code    42  ff.o(i.clmt_clust)
    i.clust2sect                             0x08003efe   Section        0  ff.o(i.clust2sect)
    i.create_chain                           0x08003f1c   Section        0  ff.o(i.create_chain)
    create_chain                             0x08003f1d   Thumb Code   178  ff.o(i.create_chain)
    i.create_name                            0x08003fd0   Section        0  ff.o(i.create_name)
    create_name                              0x08003fd1   Thumb Code   490  ff.o(i.create_name)
    i.dir_find                               0x080041d4   Section        0  ff.o(i.dir_find)
    dir_find                                 0x080041d5   Thumb Code   324  ff.o(i.dir_find)
    i.dir_next                               0x0800431c   Section        0  ff.o(i.dir_next)
    dir_next                                 0x0800431d   Thumb Code   286  ff.o(i.dir_next)
    i.dir_register                           0x0800443c   Section        0  ff.o(i.dir_register)
    dir_register                             0x0800443d   Thumb Code   458  ff.o(i.dir_register)
    i.dir_sdi                                0x0800460c   Section        0  ff.o(i.dir_sdi)
    dir_sdi                                  0x0800460d   Thumb Code   148  ff.o(i.dir_sdi)
    i.disk_initialize                        0x080046a0   Section        0  diskio.o(i.disk_initialize)
    i.disk_ioctl                             0x080046c8   Section        0  diskio.o(i.disk_ioctl)
    i.disk_read                              0x080046e0   Section        0  diskio.o(i.disk_read)
    i.disk_status                            0x080046fc   Section        0  diskio.o(i.disk_status)
    i.disk_write                             0x08004710   Section        0  diskio.o(i.disk_write)
    i.f_close                                0x0800472c   Section        0  ff.o(i.f_close)
    i.f_mount                                0x08004788   Section        0  ff.o(i.f_mount)
    i.f_open                                 0x080047e4   Section        0  ff.o(i.f_open)
    i.f_read                                 0x080049f8   Section        0  ff.o(i.f_read)
    i.f_sync                                 0x08004b84   Section        0  ff.o(i.f_sync)
    i.f_write                                0x08004c3c   Section        0  ff.o(i.f_write)
    i.ff_convert                             0x08004e14   Section        0  unicode.o(i.ff_convert)
    i.ff_wtoupper                            0x08004e50   Section        0  unicode.o(i.ff_wtoupper)
    i.find_volume                            0x08004e74   Section        0  ff.o(i.find_volume)
    find_volume                              0x08004e75   Thumb Code   588  ff.o(i.find_volume)
    i.follow_path                            0x080050cc   Section        0  ff.o(i.follow_path)
    follow_path                              0x080050cd   Thumb Code   114  ff.o(i.follow_path)
    i.fputc                                  0x08005140   Section        0  lk_stm32.o(i.fputc)
    i.gen_numname                            0x08005158   Section        0  ff.o(i.gen_numname)
    gen_numname                              0x08005159   Thumb Code   124  ff.o(i.gen_numname)
    i.get_fat                                0x080051d8   Section        0  ff.o(i.get_fat)
    i.get_fattime                            0x0800529a   Section        0  lk_fatfs.o(i.get_fattime)
    i.get_ldnumber                           0x0800529e   Section        0  ff.o(i.get_ldnumber)
    get_ldnumber                             0x0800529f   Thumb Code    60  ff.o(i.get_ldnumber)
    i.inc_lock                               0x080052dc   Section        0  ff.o(i.inc_lock)
    inc_lock                                 0x080052dd   Thumb Code   154  ff.o(i.inc_lock)
    i.ld_clust                               0x0800537c   Section        0  ff.o(i.ld_clust)
    ld_clust                                 0x0800537d   Thumb Code    18  ff.o(i.ld_clust)
    i.main                                   0x08005390   Section        0  main.o(i.main)
    i.mem_cpy                                0x080054f0   Section        0  ff.o(i.mem_cpy)
    mem_cpy                                  0x080054f1   Thumb Code    18  ff.o(i.mem_cpy)
    i.mem_set                                0x08005502   Section        0  ff.o(i.mem_set)
    mem_set                                  0x08005503   Thumb Code    14  ff.o(i.mem_set)
    i.move_window                            0x08005510   Section        0  ff.o(i.move_window)
    move_window                              0x08005511   Thumb Code    54  ff.o(i.move_window)
    i.put_fat                                0x08005546   Section        0  ff.o(i.put_fat)
    i.st_clust                               0x0800563e   Section        0  ff.o(i.st_clust)
    st_clust                                 0x0800563f   Thumb Code    18  ff.o(i.st_clust)
    i.sum_sfn                                0x08005650   Section        0  ff.o(i.sum_sfn)
    sum_sfn                                  0x08005651   Thumb Code    28  ff.o(i.sum_sfn)
    i.sync_fs                                0x0800566c   Section        0  ff.o(i.sync_fs)
    sync_fs                                  0x0800566d   Thumb Code   194  ff.o(i.sync_fs)
    i.sync_window                            0x0800572e   Section        0  ff.o(i.sync_window)
    sync_window                              0x0800572f   Thumb Code    96  ff.o(i.sync_window)
    i.testSD_UART                            0x08005790   Section        0  lk_fatfs.o(i.testSD_UART)
    i.validate                               0x080057dc   Section        0  ff.o(i.validate)
    validate                                 0x080057dd   Thumb Code    44  ff.o(i.validate)
    .constdata                               0x08005808   Section      141  ff.o(.constdata)
    ExCvt                                    0x08005808   Data         128  ff.o(.constdata)
    LfnOfs                                   0x08005888   Data          13  ff.o(.constdata)
    .constdata                               0x08005898   Section       20  sd_diskio.o(.constdata)
    .constdata                               0x080058ac   Section     1216  unicode.o(.constdata)
    Tbl                                      0x080058ac   Data         256  unicode.o(.constdata)
    tbl_lower                                0x080059ac   Data         480  unicode.o(.constdata)
    tbl_upper                                0x08005b8c   Data         480  unicode.o(.constdata)
    .constdata                               0x08005d6c   Section       16  system_stm32f7xx.o(.constdata)
    .constdata                               0x08005d7c   Section        8  system_stm32f7xx.o(.constdata)
    .data                                    0x20000000   Section        5  lk_fatfs.o(.data)
    .data                                    0x20000008   Section        4  stm32f7xx_hal.o(.data)
    .data                                    0x2000000c   Section        8  ff.o(.data)
    Fsid                                     0x2000000c   Data           2  ff.o(.data)
    FatFs                                    0x20000010   Data           4  ff.o(.data)
    .data                                    0x20000014   Section        1  sd_diskio.o(.data)
    Stat                                     0x20000014   Data           1  sd_diskio.o(.data)
    .data                                    0x20000018   Section        4  system_stm32f7xx.o(.data)
    .data                                    0x2000001c   Section        4  stdout.o(.data)
    .bss                                     0x20000020   Section      132  main.o(.bss)
    .bss                                     0x200000a4   Section      560  lk_fatfs.o(.bss)
    .bss                                     0x200002d4   Section      112  lk_stm32.o(.bss)
    .bss                                     0x20000344   Section      632  ff.o(.bss)
    Files                                    0x20000344   Data         120  ff.o(.bss)
    LfnBuf                                   0x200003bc   Data         512  ff.o(.bss)
    .bss                                     0x200005bc   Section       12  ff_gen_drv.o(.bss)
    STACK                                    0x200005c8   Section    245760  startup_stm32f746xx.o(STACK)

    Global Symbols

    Symbol Name                              Value     Ov Type        Size  Object(Section)

    BuildAttributes$$THM_ISAv4$E$P$D$K$B$S$7EM$PE$PLD8$A:L22UL41UL21$X:L11$S22US41US21$IEEE1$IW$USESV6$~STKCKD$USESV7$~SHL$OTIME$ROPI$IEEEX$EBA8$MICROLIB$REQ8$PRES8$EABIv2 0x00000000   Number         0  anon$$obj.o ABSOLUTE
    __ARM_use_no_argv                        0x00000000   Number         0  main.o ABSOLUTE
    _printf_a                                0x00000000   Number         0  stubs.o ABSOLUTE
    _printf_c                                0x00000000   Number         0  stubs.o ABSOLUTE
    _printf_charcount                        0x00000000   Number         0  stubs.o ABSOLUTE
    _printf_d                                0x00000000   Number         0  stubs.o ABSOLUTE
    _printf_e                                0x00000000   Number         0  stubs.o ABSOLUTE
    _printf_f                                0x00000000   Number         0  stubs.o ABSOLUTE
    _printf_flags                            0x00000000   Number         0  stubs.o ABSOLUTE
    _printf_fp_dec                           0x00000000   Number         0  stubs.o ABSOLUTE
    _printf_fp_hex                           0x00000000   Number         0  stubs.o ABSOLUTE
    _printf_g                                0x00000000   Number         0  stubs.o ABSOLUTE
    _printf_i                                0x00000000   Number         0  stubs.o ABSOLUTE
    _printf_int_dec                          0x00000000   Number         0  stubs.o ABSOLUTE
    _printf_l                                0x00000000   Number         0  stubs.o ABSOLUTE
    _printf_lc                               0x00000000   Number         0  stubs.o ABSOLUTE
    _printf_ll                               0x00000000   Number         0  stubs.o ABSOLUTE
    _printf_lld                              0x00000000   Number         0  stubs.o ABSOLUTE
    _printf_lli                              0x00000000   Number         0  stubs.o ABSOLUTE
    _printf_llo                              0x00000000   Number         0  stubs.o ABSOLUTE
    _printf_llu                              0x00000000   Number         0  stubs.o ABSOLUTE
    _printf_llx                              0x00000000   Number         0  stubs.o ABSOLUTE
    _printf_longlong_dec                     0x00000000   Number         0  stubs.o ABSOLUTE
    _printf_longlong_hex                     0x00000000   Number         0  stubs.o ABSOLUTE
    _printf_longlong_oct                     0x00000000   Number         0  stubs.o ABSOLUTE
    _printf_ls                               0x00000000   Number         0  stubs.o ABSOLUTE
    _printf_mbtowc                           0x00000000   Number         0  stubs.o ABSOLUTE
    _printf_n                                0x00000000   Number         0  stubs.o ABSOLUTE
    _printf_o                                0x00000000   Number         0  stubs.o ABSOLUTE
    _printf_p                                0x00000000   Number         0  stubs.o ABSOLUTE
    _printf_percent                          0x00000000   Number         0  stubs.o ABSOLUTE
    _printf_pre_padding                      0x00000000   Number         0  stubs.o ABSOLUTE
    _printf_return_value                     0x00000000   Number         0  stubs.o ABSOLUTE
    _printf_s                                0x00000000   Number         0  stubs.o ABSOLUTE
    _printf_sizespec                         0x00000000   Number         0  stubs.o ABSOLUTE
    _printf_str                              0x00000000   Number         0  stubs.o ABSOLUTE
    _printf_truncate_signed                  0x00000000   Number         0  stubs.o ABSOLUTE
    _printf_truncate_unsigned                0x00000000   Number         0  stubs.o ABSOLUTE
    _printf_u                                0x00000000   Number         0  stubs.o ABSOLUTE
    _printf_wc                               0x00000000   Number         0  stubs.o ABSOLUTE
    _printf_wctomb                           0x00000000   Number         0  stubs.o ABSOLUTE
    _printf_widthprec                        0x00000000   Number         0  stubs.o ABSOLUTE
    _printf_x                                0x00000000   Number         0  stubs.o ABSOLUTE
    __cpp_initialize__aeabi_                  - Undefined Weak Reference
    __cxa_finalize                            - Undefined Weak Reference
    __decompress                              - Undefined Weak Reference
    _clock_init                               - Undefined Weak Reference
    _microlib_exit                            - Undefined Weak Reference
    __Vectors_Size                           0x000001c8   Number         0  startup_stm32f746xx.o ABSOLUTE
    __Vectors                                0x08000000   Data           4  startup_stm32f746xx.o(RESET)
    __Vectors_End                            0x080001c8   Data           0  startup_stm32f746xx.o(RESET)
    __main                                   0x080001c9   Thumb Code     0  entry.o(.ARM.Collect$$$$00000000)
    _main_stk                                0x080001c9   Thumb Code     0  entry2.o(.ARM.Collect$$$$00000001)
    _main_scatterload                        0x080001cd   Thumb Code     0  entry5.o(.ARM.Collect$$$$00000004)
    __main_after_scatterload                 0x080001d1   Thumb Code     0  entry5.o(.ARM.Collect$$$$00000004)
    _main_clock                              0x080001d1   Thumb Code     0  entry7b.o(.ARM.Collect$$$$00000008)
    _main_cpp_init                           0x080001d1   Thumb Code     0  entry8b.o(.ARM.Collect$$$$0000000A)
    _main_init                               0x080001d1   Thumb Code     0  entry9a.o(.ARM.Collect$$$$0000000B)
    __rt_final_cpp                           0x080001d9   Thumb Code     0  entry10a.o(.ARM.Collect$$$$0000000D)
    __rt_final_exit                          0x080001d9   Thumb Code     0  entry11a.o(.ARM.Collect$$$$0000000F)
    Reset_Handler                            0x080001dd   Thumb Code     8  startup_stm32f746xx.o(.text)
    NMI_Handler                              0x080001e5   Thumb Code     2  startup_stm32f746xx.o(.text)
    HardFault_Handler                        0x080001e7   Thumb Code     2  startup_stm32f746xx.o(.text)
    MemManage_Handler                        0x080001e9   Thumb Code     2  startup_stm32f746xx.o(.text)
    BusFault_Handler                         0x080001eb   Thumb Code     2  startup_stm32f746xx.o(.text)
    UsageFault_Handler                       0x080001ed   Thumb Code     2  startup_stm32f746xx.o(.text)
    DebugMon_Handler                         0x080001f1   Thumb Code     2  startup_stm32f746xx.o(.text)
    ADC_IRQHandler                           0x080001f7   Thumb Code     0  startup_stm32f746xx.o(.text)
    CAN1_RX0_IRQHandler                      0x080001f7   Thumb Code     0  startup_stm32f746xx.o(.text)
    CAN1_RX1_IRQHandler                      0x080001f7   Thumb Code     0  startup_stm32f746xx.o(.text)
    CAN1_SCE_IRQHandler                      0x080001f7   Thumb Code     0  startup_stm32f746xx.o(.text)
    CAN1_TX_IRQHandler                       0x080001f7   Thumb Code     0  startup_stm32f746xx.o(.text)
    CAN2_RX0_IRQHandler                      0x080001f7   Thumb Code     0  startup_stm32f746xx.o(.text)
    CAN2_RX1_IRQHandler                      0x080001f7   Thumb Code     0  startup_stm32f746xx.o(.text)
    CAN2_SCE_IRQHandler                      0x080001f7   Thumb Code     0  startup_stm32f746xx.o(.text)
    CAN2_TX_IRQHandler                       0x080001f7   Thumb Code     0  startup_stm32f746xx.o(.text)
    CEC_IRQHandler                           0x080001f7   Thumb Code     0  startup_stm32f746xx.o(.text)
    DCMI_IRQHandler                          0x080001f7   Thumb Code     0  startup_stm32f746xx.o(.text)
    DMA1_Stream0_IRQHandler                  0x080001f7   Thumb Code     0  startup_stm32f746xx.o(.text)
    DMA1_Stream1_IRQHandler                  0x080001f7   Thumb Code     0  startup_stm32f746xx.o(.text)
    DMA1_Stream2_IRQHandler                  0x080001f7   Thumb Code     0  startup_stm32f746xx.o(.text)
    DMA1_Stream3_IRQHandler                  0x080001f7   Thumb Code     0  startup_stm32f746xx.o(.text)
    DMA1_Stream4_IRQHandler                  0x080001f7   Thumb Code     0  startup_stm32f746xx.o(.text)
    DMA1_Stream5_IRQHandler                  0x080001f7   Thumb Code     0  startup_stm32f746xx.o(.text)
    DMA1_Stream6_IRQHandler                  0x080001f7   Thumb Code     0  startup_stm32f746xx.o(.text)
    DMA1_Stream7_IRQHandler                  0x080001f7   Thumb Code     0  startup_stm32f746xx.o(.text)
    DMA2D_IRQHandler                         0x080001f7   Thumb Code     0  startup_stm32f746xx.o(.text)
    DMA2_Stream0_IRQHandler                  0x080001f7   Thumb Code     0  startup_stm32f746xx.o(.text)
    DMA2_Stream1_IRQHandler                  0x080001f7   Thumb Code     0  startup_stm32f746xx.o(.text)
    DMA2_Stream2_IRQHandler                  0x080001f7   Thumb Code     0  startup_stm32f746xx.o(.text)
    DMA2_Stream3_IRQHandler                  0x080001f7   Thumb Code     0  startup_stm32f746xx.o(.text)
    DMA2_Stream4_IRQHandler                  0x080001f7   Thumb Code     0  startup_stm32f746xx.o(.text)
    DMA2_Stream5_IRQHandler                  0x080001f7   Thumb Code     0  startup_stm32f746xx.o(.text)
    DMA2_Stream6_IRQHandler                  0x080001f7   Thumb Code     0  startup_stm32f746xx.o(.text)
    DMA2_Stream7_IRQHandler                  0x080001f7   Thumb Code     0  startup_stm32f746xx.o(.text)
    ETH_IRQHandler                           0x080001f7   Thumb Code     0  startup_stm32f746xx.o(.text)
    ETH_WKUP_IRQHandler                      0x080001f7   Thumb Code     0  startup_stm32f746xx.o(.text)
    EXTI0_IRQHandler                         0x080001f7   Thumb Code     0  startup_stm32f746xx.o(.text)
    EXTI15_10_IRQHandler                     0x080001f7   Thumb Code     0  startup_stm32f746xx.o(.text)
    EXTI1_IRQHandler                         0x080001f7   Thumb Code     0  startup_stm32f746xx.o(.text)
    EXTI2_IRQHandler                         0x080001f7   Thumb Code     0  startup_stm32f746xx.o(.text)
    EXTI3_IRQHandler                         0x080001f7   Thumb Code     0  startup_stm32f746xx.o(.text)
    EXTI4_IRQHandler                         0x080001f7   Thumb Code     0  startup_stm32f746xx.o(.text)
    EXTI9_5_IRQHandler                       0x080001f7   Thumb Code     0  startup_stm32f746xx.o(.text)
    FLASH_IRQHandler                         0x080001f7   Thumb Code     0  startup_stm32f746xx.o(.text)
    FMC_IRQHandler                           0x080001f7   Thumb Code     0  startup_stm32f746xx.o(.text)
    FPU_IRQHandler                           0x080001f7   Thumb Code     0  startup_stm32f746xx.o(.text)
    I2C1_ER_IRQHandler                       0x080001f7   Thumb Code     0  startup_stm32f746xx.o(.text)
    I2C1_EV_IRQHandler                       0x080001f7   Thumb Code     0  startup_stm32f746xx.o(.text)
    I2C2_ER_IRQHandler                       0x080001f7   Thumb Code     0  startup_stm32f746xx.o(.text)
    I2C2_EV_IRQHandler                       0x080001f7   Thumb Code     0  startup_stm32f746xx.o(.text)
    I2C3_ER_IRQHandler                       0x080001f7   Thumb Code     0  startup_stm32f746xx.o(.text)
    I2C3_EV_IRQHandler                       0x080001f7   Thumb Code     0  startup_stm32f746xx.o(.text)
    I2C4_ER_IRQHandler                       0x080001f7   Thumb Code     0  startup_stm32f746xx.o(.text)
    I2C4_EV_IRQHandler                       0x080001f7   Thumb Code     0  startup_stm32f746xx.o(.text)
    LPTIM1_IRQHandler                        0x080001f7   Thumb Code     0  startup_stm32f746xx.o(.text)
    LTDC_ER_IRQHandler                       0x080001f7   Thumb Code     0  startup_stm32f746xx.o(.text)
    LTDC_IRQHandler                          0x080001f7   Thumb Code     0  startup_stm32f746xx.o(.text)
    OTG_FS_IRQHandler                        0x080001f7   Thumb Code     0  startup_stm32f746xx.o(.text)
    OTG_FS_WKUP_IRQHandler                   0x080001f7   Thumb Code     0  startup_stm32f746xx.o(.text)
    OTG_HS_EP1_IN_IRQHandler                 0x080001f7   Thumb Code     0  startup_stm32f746xx.o(.text)
    OTG_HS_EP1_OUT_IRQHandler                0x080001f7   Thumb Code     0  startup_stm32f746xx.o(.text)
    OTG_HS_IRQHandler                        0x080001f7   Thumb Code     0  startup_stm32f746xx.o(.text)
    OTG_HS_WKUP_IRQHandler                   0x080001f7   Thumb Code     0  startup_stm32f746xx.o(.text)
    PVD_IRQHandler                           0x080001f7   Thumb Code     0  startup_stm32f746xx.o(.text)
    QUADSPI_IRQHandler                       0x080001f7   Thumb Code     0  startup_stm32f746xx.o(.text)
    RCC_IRQHandler                           0x080001f7   Thumb Code     0  startup_stm32f746xx.o(.text)
    RNG_IRQHandler                           0x080001f7   Thumb Code     0  startup_stm32f746xx.o(.text)
    RTC_Alarm_IRQHandler                     0x080001f7   Thumb Code     0  startup_stm32f746xx.o(.text)
    RTC_WKUP_IRQHandler                      0x080001f7   Thumb Code     0  startup_stm32f746xx.o(.text)
    SAI1_IRQHandler                          0x080001f7   Thumb Code     0  startup_stm32f746xx.o(.text)
    SAI2_IRQHandler                          0x080001f7   Thumb Code     0  startup_stm32f746xx.o(.text)
    SPDIF_RX_IRQHandler                      0x080001f7   Thumb Code     0  startup_stm32f746xx.o(.text)
    SPI1_IRQHandler                          0x080001f7   Thumb Code     0  startup_stm32f746xx.o(.text)
    SPI2_IRQHandler                          0x080001f7   Thumb Code     0  startup_stm32f746xx.o(.text)
    SPI3_IRQHandler                          0x080001f7   Thumb Code     0  startup_stm32f746xx.o(.text)
    SPI4_IRQHandler                          0x080001f7   Thumb Code     0  startup_stm32f746xx.o(.text)
    SPI5_IRQHandler                          0x080001f7   Thumb Code     0  startup_stm32f746xx.o(.text)
    SPI6_IRQHandler                          0x080001f7   Thumb Code     0  startup_stm32f746xx.o(.text)
    TAMP_STAMP_IRQHandler                    0x080001f7   Thumb Code     0  startup_stm32f746xx.o(.text)
    TIM1_BRK_TIM9_IRQHandler                 0x080001f7   Thumb Code     0  startup_stm32f746xx.o(.text)
    TIM1_CC_IRQHandler                       0x080001f7   Thumb Code     0  startup_stm32f746xx.o(.text)
    TIM1_TRG_COM_TIM11_IRQHandler            0x080001f7   Thumb Code     0  startup_stm32f746xx.o(.text)
    TIM1_UP_TIM10_IRQHandler                 0x080001f7   Thumb Code     0  startup_stm32f746xx.o(.text)
    TIM2_IRQHandler                          0x080001f7   Thumb Code     0  startup_stm32f746xx.o(.text)
    TIM3_IRQHandler                          0x080001f7   Thumb Code     0  startup_stm32f746xx.o(.text)
    TIM4_IRQHandler                          0x080001f7   Thumb Code     0  startup_stm32f746xx.o(.text)
    TIM5_IRQHandler                          0x080001f7   Thumb Code     0  startup_stm32f746xx.o(.text)
    TIM6_DAC_IRQHandler                      0x080001f7   Thumb Code     0  startup_stm32f746xx.o(.text)
    TIM7_IRQHandler                          0x080001f7   Thumb Code     0  startup_stm32f746xx.o(.text)
    TIM8_BRK_TIM12_IRQHandler                0x080001f7   Thumb Code     0  startup_stm32f746xx.o(.text)
    TIM8_CC_IRQHandler                       0x080001f7   Thumb Code     0  startup_stm32f746xx.o(.text)
    TIM8_TRG_COM_TIM14_IRQHandler            0x080001f7   Thumb Code     0  startup_stm32f746xx.o(.text)
    TIM8_UP_TIM13_IRQHandler                 0x080001f7   Thumb Code     0  startup_stm32f746xx.o(.text)
    UART4_IRQHandler                         0x080001f7   Thumb Code     0  startup_stm32f746xx.o(.text)
    UART5_IRQHandler                         0x080001f7   Thumb Code     0  startup_stm32f746xx.o(.text)
    UART7_IRQHandler                         0x080001f7   Thumb Code     0  startup_stm32f746xx.o(.text)
    UART8_IRQHandler                         0x080001f7   Thumb Code     0  startup_stm32f746xx.o(.text)
    USART2_IRQHandler                        0x080001f7   Thumb Code     0  startup_stm32f746xx.o(.text)
    USART3_IRQHandler                        0x080001f7   Thumb Code     0  startup_stm32f746xx.o(.text)
    USART6_IRQHandler                        0x080001f7   Thumb Code     0  startup_stm32f746xx.o(.text)
    WWDG_IRQHandler                          0x080001f7   Thumb Code     0  startup_stm32f746xx.o(.text)
    __aeabi_dadd                             0x08000201   Thumb Code   322  dadd.o(.text)
    __aeabi_dsub                             0x08000343   Thumb Code     6  dadd.o(.text)
    __aeabi_drsub                            0x08000349   Thumb Code     6  dadd.o(.text)
    __aeabi_dmul                             0x0800034f   Thumb Code   228  dmul.o(.text)
    __aeabi_ddiv                             0x08000433   Thumb Code   222  ddiv.o(.text)
    __aeabi_cdrcmple                         0x08000511   Thumb Code    48  cdrcmple.o(.text)
    __aeabi_uidiv                            0x08000541   Thumb Code     0  uidiv.o(.text)
    __aeabi_uidivmod                         0x08000541   Thumb Code    44  uidiv.o(.text)
    __aeabi_uldivmod                         0x0800056d   Thumb Code    98  uldiv.o(.text)
    __aeabi_llsl                             0x080005cf   Thumb Code    30  llshl.o(.text)
    _ll_shift_l                              0x080005cf   Thumb Code     0  llshl.o(.text)
    __aeabi_lasr                             0x080005ed   Thumb Code    36  llsshr.o(.text)
    _ll_sshift_r                             0x080005ed   Thumb Code     0  llsshr.o(.text)
    __I$use$fp                               0x08000611   Thumb Code     0  iusefp.o(.text)
    _double_round                            0x08000611   Thumb Code    30  depilogue.o(.text)
    _double_epilogue                         0x0800062f   Thumb Code   156  depilogue.o(.text)
    __aeabi_d2ulz                            0x080006cb   Thumb Code    48  dfixul.o(.text)
    __scatterload                            0x080006fd   Thumb Code    28  init.o(.text)
    __scatterload_rt2                        0x080006fd   Thumb Code     0  init.o(.text)
    __aeabi_llsr                             0x08000721   Thumb Code    32  llushr.o(.text)
    _ll_ushift_r                             0x08000721   Thumb Code     0  llushr.o(.text)
    BSP_SD_GetCardInfo                       0x08000741   Thumb Code     8  bsp_driver_sd.o(i.BSP_SD_GetCardInfo)
    BSP_SD_GetCardState                      0x0800074d   Thumb Code    20  bsp_driver_sd.o(i.BSP_SD_GetCardState)
    BSP_SD_Init                              0x08000765   Thumb Code    30  bsp_driver_sd.o(i.BSP_SD_Init)
    BSP_SD_ReadBlocks                        0x08000789   Thumb Code    26  bsp_driver_sd.o(i.BSP_SD_ReadBlocks)
    BSP_SD_WriteBlocks                       0x080007a9   Thumb Code    26  bsp_driver_sd.o(i.BSP_SD_WriteBlocks)
    FATFS_LinkDriver                         0x080007c9   Thumb Code     6  ff_gen_drv.o(i.FATFS_LinkDriver)
    FATFS_LinkDriverEx                       0x080007d1   Thumb Code    60  ff_gen_drv.o(i.FATFS_LinkDriverEx)
    HAL_DMA_Abort_IT                         0x08000811   Thumb Code    36  stm32f7xx_hal_dma.o(i.HAL_DMA_Abort_IT)
    HAL_Delay                                0x08000835   Thumb Code    22  stm32f7xx_hal.o(i.HAL_Delay)
    HAL_GPIO_Init                            0x0800084d   Thumb Code   418  stm32f7xx_hal_gpio.o(i.HAL_GPIO_Init)
    HAL_GetTick                              0x08000a25   Thumb Code     6  stm32f7xx_hal.o(i.HAL_GetTick)
    HAL_IncTick                              0x08000a31   Thumb Code    10  stm32f7xx_hal.o(i.HAL_IncTick)
    HAL_Init                                 0x08000a41   Thumb Code    22  stm32f7xx_hal.o(i.HAL_Init)
    HAL_InitTick                             0x08000a59   Thumb Code    34  stm32f7xx_hal.o(i.HAL_InitTick)
    HAL_MspInit                              0x08000a81   Thumb Code    88  stm32f7xx_hal_msp.o(i.HAL_MspInit)
    HAL_NVIC_EnableIRQ                       0x08000ad9   Thumb Code    22  stm32f7xx_hal_cortex.o(i.HAL_NVIC_EnableIRQ)
    HAL_NVIC_SetPriority                     0x08000af1   Thumb Code    60  stm32f7xx_hal_cortex.o(i.HAL_NVIC_SetPriority)
    HAL_NVIC_SetPriorityGrouping             0x08000b31   Thumb Code    28  stm32f7xx_hal_cortex.o(i.HAL_NVIC_SetPriorityGrouping)
    HAL_PWREx_EnableOverDrive                0x08000b55   Thumb Code   100  stm32f7xx_hal_pwr_ex.o(i.HAL_PWREx_EnableOverDrive)
    HAL_RCCEx_PeriphCLKConfig                0x08000bc1   Thumb Code  1712  stm32f7xx_hal_rcc_ex.o(i.HAL_RCCEx_PeriphCLKConfig)
    HAL_RCC_ClockConfig                      0x08001275   Thumb Code   338  stm32f7xx_hal_rcc.o(i.HAL_RCC_ClockConfig)
    HAL_RCC_GetHCLKFreq                      0x080013d9   Thumb Code     6  stm32f7xx_hal_rcc.o(i.HAL_RCC_GetHCLKFreq)
    HAL_RCC_GetPCLK1Freq                     0x080013e5   Thumb Code    34  stm32f7xx_hal_rcc.o(i.HAL_RCC_GetPCLK1Freq)
    HAL_RCC_GetPCLK2Freq                     0x08001415   Thumb Code    34  stm32f7xx_hal_rcc.o(i.HAL_RCC_GetPCLK2Freq)
    HAL_RCC_GetSysClockFreq                  0x08001445   Thumb Code   120  stm32f7xx_hal_rcc.o(i.HAL_RCC_GetSysClockFreq)
    HAL_RCC_OscConfig                        0x080014c9   Thumb Code   850  stm32f7xx_hal_rcc.o(i.HAL_RCC_OscConfig)
    HAL_SD_AbortCallback                     0x08001825   Thumb Code     2  stm32f7xx_hal_sd.o(i.HAL_SD_AbortCallback)
    HAL_SD_ErrorCallback                     0x08001827   Thumb Code     2  stm32f7xx_hal_sd.o(i.HAL_SD_ErrorCallback)
    HAL_SD_GetCardCSD                        0x08001829   Thumb Code   506  stm32f7xx_hal_sd.o(i.HAL_SD_GetCardCSD)
    HAL_SD_GetCardInfo                       0x08001a23   Thumb Code    36  stm32f7xx_hal_sd.o(i.HAL_SD_GetCardInfo)
    HAL_SD_GetCardState                      0x08001a47   Thumb Code    44  stm32f7xx_hal_sd.o(i.HAL_SD_GetCardState)
    HAL_SD_IRQHandler                        0x08001a75   Thumb Code   416  stm32f7xx_hal_sd.o(i.HAL_SD_IRQHandler)
    HAL_SD_Init                              0x08001c1d   Thumb Code    54  stm32f7xx_hal_sd.o(i.HAL_SD_Init)
    HAL_SD_InitCard                          0x08001c53   Thumb Code    92  stm32f7xx_hal_sd.o(i.HAL_SD_InitCard)
    HAL_SD_MspInit                           0x08001cb1   Thumb Code    88  stm32f7xx_hal_msp.o(i.HAL_SD_MspInit)
    HAL_SD_ReadBlocks                        0x08001d19   Thumb Code   432  stm32f7xx_hal_sd.o(i.HAL_SD_ReadBlocks)
    HAL_SD_RxCpltCallback                    0x08001ec9   Thumb Code     2  stm32f7xx_hal_sd.o(i.HAL_SD_RxCpltCallback)
    HAL_SD_TxCpltCallback                    0x08001ecb   Thumb Code     2  stm32f7xx_hal_sd.o(i.HAL_SD_TxCpltCallback)
    HAL_SD_WriteBlocks                       0x08001ecd   Thumb Code   418  stm32f7xx_hal_sd.o(i.HAL_SD_WriteBlocks)
    HAL_SYSTICK_CLKSourceConfig              0x0800206f   Thumb Code    24  stm32f7xx_hal_cortex.o(i.HAL_SYSTICK_CLKSourceConfig)
    HAL_SYSTICK_Callback                     0x08002087   Thumb Code     2  stm32f7xx_hal_cortex.o(i.HAL_SYSTICK_Callback)
    HAL_SYSTICK_Config                       0x08002089   Thumb Code    38  stm32f7xx_hal_cortex.o(i.HAL_SYSTICK_Config)
    HAL_SYSTICK_IRQHandler                   0x080020af   Thumb Code     8  stm32f7xx_hal_cortex.o(i.HAL_SYSTICK_IRQHandler)
    HAL_UART_ErrorCallback                   0x080020b7   Thumb Code     2  stm32f7xx_hal_uart.o(i.HAL_UART_ErrorCallback)
    HAL_UART_IRQHandler                      0x080020b9   Thumb Code   372  stm32f7xx_hal_uart.o(i.HAL_UART_IRQHandler)
    HAL_UART_Init                            0x08002231   Thumb Code   106  stm32f7xx_hal_uart.o(i.HAL_UART_Init)
    HAL_UART_MspInit                         0x0800229d   Thumb Code    86  stm32f7xx_hal_msp.o(i.HAL_UART_MspInit)
    HAL_UART_RxCpltCallback                  0x08002305   Thumb Code     2  stm32f7xx_hal_uart.o(i.HAL_UART_RxCpltCallback)
    HAL_UART_Transmit                        0x08002309   Thumb Code   182  stm32f7xx_hal_uart.o(i.HAL_UART_Transmit)
    HAL_UART_TxCpltCallback                  0x080023bf   Thumb Code     2  stm32f7xx_hal_uart.o(i.HAL_UART_TxCpltCallback)
    LK_FATFS_Init                            0x080023c1   Thumb Code   130  lk_fatfs.o(i.LK_FATFS_Init)
    LK_FullyConnect                          0x08002461   Thumb Code    88  lkml_math.o(i.LK_FullyConnect)
    LK_UART                                  0x080024b9   Thumb Code    30  lk_stm32.o(i.LK_UART)
    LK_displayMatrix                         0x080024d9   Thumb Code    84  lk_fatfs.o(i.LK_displayMatrix)
    MX_USART1_UART_Init                      0x0800259d   Thumb Code    56  lk_stm32.o(i.MX_USART1_UART_Init)
    PendSV_Handler                           0x08002613   Thumb Code     2  stm32f7xx_it.o(i.PendSV_Handler)
    SDMMC1_IRQHandler                        0x08002615   Thumb Code     6  stm32f7xx_it.o(i.SDMMC1_IRQHandler)
    SDMMC_CmdAppCommand                      0x08002621   Thumb Code    50  stm32f7xx_ll_sdmmc.o(i.SDMMC_CmdAppCommand)
    SDMMC_CmdAppOperCommand                  0x08002655   Thumb Code    48  stm32f7xx_ll_sdmmc.o(i.SDMMC_CmdAppOperCommand)
    SDMMC_CmdBlockLength                     0x08002689   Thumb Code    50  stm32f7xx_ll_sdmmc.o(i.SDMMC_CmdBlockLength)
    SDMMC_CmdGoIdleState                     0x080026bd   Thumb Code    76  stm32f7xx_ll_sdmmc.o(i.SDMMC_CmdGoIdleState)
    SDMMC_CmdOperCond                        0x0800270d   Thumb Code    94  stm32f7xx_ll_sdmmc.o(i.SDMMC_CmdOperCond)
    SDMMC_CmdReadMultiBlock                  0x08002771   Thumb Code    50  stm32f7xx_ll_sdmmc.o(i.SDMMC_CmdReadMultiBlock)
    SDMMC_CmdReadSingleBlock                 0x080027a3   Thumb Code    50  stm32f7xx_ll_sdmmc.o(i.SDMMC_CmdReadSingleBlock)
    SDMMC_CmdSelDesel                        0x080027d5   Thumb Code    48  stm32f7xx_ll_sdmmc.o(i.SDMMC_CmdSelDesel)
    SDMMC_CmdSendCID                         0x08002805   Thumb Code    42  stm32f7xx_ll_sdmmc.o(i.SDMMC_CmdSendCID)
    SDMMC_CmdSendCSD                         0x0800282f   Thumb Code    46  stm32f7xx_ll_sdmmc.o(i.SDMMC_CmdSendCSD)
    SDMMC_CmdSendStatus                      0x0800285d   Thumb Code    50  stm32f7xx_ll_sdmmc.o(i.SDMMC_CmdSendStatus)
    SDMMC_CmdSetRelAdd                       0x0800288f   Thumb Code    48  stm32f7xx_ll_sdmmc.o(i.SDMMC_CmdSetRelAdd)
    SDMMC_CmdStopTransfer                    0x080028c1   Thumb Code    46  stm32f7xx_ll_sdmmc.o(i.SDMMC_CmdStopTransfer)
    SDMMC_CmdWriteMultiBlock                 0x080028f5   Thumb Code    50  stm32f7xx_ll_sdmmc.o(i.SDMMC_CmdWriteMultiBlock)
    SDMMC_CmdWriteSingleBlock                0x08002927   Thumb Code    50  stm32f7xx_ll_sdmmc.o(i.SDMMC_CmdWriteSingleBlock)
    SDMMC_ConfigData                         0x08002959   Thumb Code    38  stm32f7xx_ll_sdmmc.o(i.SDMMC_ConfigData)
    SDMMC_GetPowerState                      0x08002bb1   Thumb Code     8  stm32f7xx_ll_sdmmc.o(i.SDMMC_GetPowerState)
    SDMMC_GetResponse                        0x08002bb9   Thumb Code    12  stm32f7xx_ll_sdmmc.o(i.SDMMC_GetResponse)
    SDMMC_Init                               0x08002bc5   Thumb Code    34  stm32f7xx_ll_sdmmc.o(i.SDMMC_Init)
    SDMMC_PowerState_ON                      0x08002be7   Thumb Code     8  stm32f7xx_ll_sdmmc.o(i.SDMMC_PowerState_ON)
    SDMMC_ReadFIFO                           0x08002bef   Thumb Code     6  stm32f7xx_ll_sdmmc.o(i.SDMMC_ReadFIFO)
    SDMMC_SendCommand                        0x08002bf5   Thumb Code    34  stm32f7xx_ll_sdmmc.o(i.SDMMC_SendCommand)
    SDMMC_WriteFIFO                          0x08002c17   Thumb Code    10  stm32f7xx_ll_sdmmc.o(i.SDMMC_WriteFIFO)
    SD_initialize                            0x08002e3d   Thumb Code    26  sd_diskio.o(i.SD_initialize)
    SD_ioctl                                 0x08002e5d   Thumb Code    84  sd_diskio.o(i.SD_ioctl)
    SD_read                                  0x08002eb5   Thumb Code    52  sd_diskio.o(i.SD_read)
    SD_status                                0x08002ef1   Thumb Code    26  sd_diskio.o(i.SD_status)
    SD_write                                 0x08002f11   Thumb Code    52  sd_diskio.o(i.SD_write)
    SVC_Handler                              0x08002f4d   Thumb Code     2  stm32f7xx_it.o(i.SVC_Handler)
    SysTick_Handler                          0x08002f4f   Thumb Code    14  stm32f7xx_it.o(i.SysTick_Handler)
    SystemClock_Config                       0x08002f5d   Thumb Code   178  main.o(i.SystemClock_Config)
    SystemInit                               0x0800301d   Thumb Code    56  system_stm32f7xx.o(i.SystemInit)
    UART_AdvFeatureConfig                    0x08003065   Thumb Code   200  stm32f7xx_hal_uart.o(i.UART_AdvFeatureConfig)
    UART_CheckIdleState                      0x0800312d   Thumb Code    64  stm32f7xx_hal_uart.o(i.UART_CheckIdleState)
    UART_SetConfig                           0x08003215   Thumb Code   550  stm32f7xx_hal_uart.o(i.UART_SetConfig)
    UART_WaitOnFlagUntilTimeout              0x0800346d   Thumb Code   100  stm32f7xx_hal_uart.o(i.UART_WaitOnFlagUntilTimeout)
    USART1_IRQHandler                        0x080034d1   Thumb Code     6  stm32f7xx_it.o(i.USART1_IRQHandler)
    _Error_Handler                           0x080034dd   Thumb Code     2  main.o(i._Error_Handler)
    __0printf                                0x080034e1   Thumb Code    22  printfa.o(i.__0printf)
    __1printf                                0x080034e1   Thumb Code     0  printfa.o(i.__0printf)
    __2printf                                0x080034e1   Thumb Code     0  printfa.o(i.__0printf)
    __c89printf                              0x080034e1   Thumb Code     0  printfa.o(i.__0printf)
    printf                                   0x080034e1   Thumb Code     0  printfa.o(i.__0printf)
    __scatterload_copy                       0x08003501   Thumb Code    14  handlers.o(i.__scatterload_copy)
    __scatterload_null                       0x0800350f   Thumb Code     2  handlers.o(i.__scatterload_null)
    __scatterload_zeroinit                   0x08003511   Thumb Code    14  handlers.o(i.__scatterload_zeroinit)
    clust2sect                               0x08003eff   Thumb Code    30  ff.o(i.clust2sect)
    disk_initialize                          0x080046a1   Thumb Code    34  diskio.o(i.disk_initialize)
    disk_ioctl                               0x080046c9   Thumb Code    20  diskio.o(i.disk_ioctl)
    disk_read                                0x080046e1   Thumb Code    22  diskio.o(i.disk_read)
    disk_status                              0x080046fd   Thumb Code    16  diskio.o(i.disk_status)
    disk_write                               0x08004711   Thumb Code    22  diskio.o(i.disk_write)
    f_close                                  0x0800472d   Thumb Code    86  ff.o(i.f_close)
    f_mount                                  0x08004789   Thumb Code    88  ff.o(i.f_mount)
    f_open                                   0x080047e5   Thumb Code   528  ff.o(i.f_open)
    f_read                                   0x080049f9   Thumb Code   396  ff.o(i.f_read)
    f_sync                                   0x08004b85   Thumb Code   184  ff.o(i.f_sync)
    f_write                                  0x08004c3d   Thumb Code   472  ff.o(i.f_write)
    ff_convert                               0x08004e15   Thumb Code    54  unicode.o(i.ff_convert)
    ff_wtoupper                              0x08004e51   Thumb Code    28  unicode.o(i.ff_wtoupper)
    fputc                                    0x08005141   Thumb Code    20  lk_stm32.o(i.fputc)
    get_fat                                  0x080051d9   Thumb Code   194  ff.o(i.get_fat)
    get_fattime                              0x0800529b   Thumb Code     4  lk_fatfs.o(i.get_fattime)
    main                                     0x08005391   Thumb Code   270  main.o(i.main)
    put_fat                                  0x08005547   Thumb Code   248  ff.o(i.put_fat)
    testSD_UART                              0x08005791   Thumb Code    28  lk_fatfs.o(i.testSD_UART)
    SD_Driver                                0x08005898   Data          20  sd_diskio.o(.constdata)
    AHBPrescTable                            0x08005d6c   Data          16  system_stm32f7xx.o(.constdata)
    APBPrescTable                            0x08005d7c   Data           8  system_stm32f7xx.o(.constdata)
    Region$$Table$$Base                      0x08005d84   Number         0  anon$$obj.o(Region$$Table)
    Region$$Table$$Limit                     0x08005da4   Number         0  anon$$obj.o(Region$$Table)
    retSD                                    0x20000000   Data           1  lk_fatfs.o(.data)
    SD_Path                                  0x20000001   Data           4  lk_fatfs.o(.data)
    uwTick                                   0x20000008   Data           4  stm32f7xx_hal.o(.data)
    SystemCoreClock                          0x20000018   Data           4  system_stm32f7xx.o(.data)
    __stdout                                 0x2000001c   Data           4  stdout.o(.data)
    hsd1                                     0x20000020   Data         132  main.o(.bss)
    SDFatFs                                  0x200000a4   Data         560  lk_fatfs.o(.bss)
    huart1                                   0x200002d4   Data         112  lk_stm32.o(.bss)
    disk                                     0x200005bc   Data          12  ff_gen_drv.o(.bss)
    __initial_sp                             0x2003c5c8   Data           0  startup_stm32f746xx.o(STACK)



==============================================================================

Memory Map of the image

  Image Entry point : 0x080001c9

  Load Region LR_IROM1 (Base: 0x08000000, Size: 0x00005dc4, Max: 0x00100000, ABSOLUTE)

    Execution Region ER_IROM1 (Base: 0x08000000, Size: 0x00005da4, Max: 0x00100000, ABSOLUTE)

    Base Addr    Size         Type   Attr      Idx    E Section Name        Object

    0x08000000   0x000001c8   Data   RO         3497    RESET               startup_stm32f746xx.o
    0x080001c8   0x00000000   Code   RO         3516  * .ARM.Collect$$$$00000000  mc_w.l(entry.o)
    0x080001c8   0x00000004   Code   RO         3855    .ARM.Collect$$$$00000001  mc_w.l(entry2.o)
    0x080001cc   0x00000004   Code   RO         3858    .ARM.Collect$$$$00000004  mc_w.l(entry5.o)
    0x080001d0   0x00000000   Code   RO         3860    .ARM.Collect$$$$00000008  mc_w.l(entry7b.o)
    0x080001d0   0x00000000   Code   RO         3862    .ARM.Collect$$$$0000000A  mc_w.l(entry8b.o)
    0x080001d0   0x00000008   Code   RO         3863    .ARM.Collect$$$$0000000B  mc_w.l(entry9a.o)
    0x080001d8   0x00000000   Code   RO         3865    .ARM.Collect$$$$0000000D  mc_w.l(entry10a.o)
    0x080001d8   0x00000000   Code   RO         3867    .ARM.Collect$$$$0000000F  mc_w.l(entry11a.o)
    0x080001d8   0x00000004   Code   RO         3856    .ARM.Collect$$$$00002712  mc_w.l(entry2.o)
    0x080001dc   0x00000024   Code   RO         3498    .text               startup_stm32f746xx.o
    0x08000200   0x0000014e   Code   RO         3810    .text               mf_w.l(dadd.o)
    0x0800034e   0x000000e4   Code   RO         3812    .text               mf_w.l(dmul.o)
    0x08000432   0x000000de   Code   RO         3814    .text               mf_w.l(ddiv.o)
    0x08000510   0x00000030   Code   RO         3818    .text               mf_w.l(cdrcmple.o)
    0x08000540   0x0000002c   Code   RO         3870    .text               mc_w.l(uidiv.o)
    0x0800056c   0x00000062   Code   RO         3872    .text               mc_w.l(uldiv.o)
    0x080005ce   0x0000001e   Code   RO         3874    .text               mc_w.l(llshl.o)
    0x080005ec   0x00000024   Code   RO         3876    .text               mc_w.l(llsshr.o)
    0x08000610   0x00000000   Code   RO         3891    .text               mc_w.l(iusefp.o)
    0x08000610   0x000000ba   Code   RO         3892    .text               mf_w.l(depilogue.o)
    0x080006ca   0x00000030   Code   RO         3900    .text               mf_w.l(dfixul.o)
    0x080006fa   0x00000002   PAD
    0x080006fc   0x00000024   Code   RO         3902    .text               mc_w.l(init.o)
    0x08000720   0x00000020   Code   RO         3904    .text               mc_w.l(llushr.o)
    0x08000740   0x0000000c   Code   RO            5    i.BSP_SD_GetCardInfo  bsp_driver_sd.o
    0x0800074c   0x00000018   Code   RO            6    i.BSP_SD_GetCardState  bsp_driver_sd.o
    0x08000764   0x00000024   Code   RO            8    i.BSP_SD_Init       bsp_driver_sd.o
    0x08000788   0x00000020   Code   RO           10    i.BSP_SD_ReadBlocks  bsp_driver_sd.o
    0x080007a8   0x00000020   Code   RO           12    i.BSP_SD_WriteBlocks  bsp_driver_sd.o
    0x080007c8   0x00000006   Code   RO         3369    i.FATFS_LinkDriver  ff_gen_drv.o
    0x080007ce   0x00000002   PAD
    0x080007d0   0x00000040   Code   RO         3370    i.FATFS_LinkDriverEx  ff_gen_drv.o
    0x08000810   0x00000024   Code   RO         1557    i.HAL_DMA_Abort_IT  stm32f7xx_hal_dma.o
    0x08000834   0x00000016   Code   RO         2519    i.HAL_Delay         stm32f7xx_hal.o
    0x0800084a   0x00000002   PAD
    0x0800084c   0x000001d8   Code   RO         1150    i.HAL_GPIO_Init     stm32f7xx_hal_gpio.o
    0x08000a24   0x0000000c   Code   RO         2527    i.HAL_GetTick       stm32f7xx_hal.o
    0x08000a30   0x00000010   Code   RO         2528    i.HAL_IncTick       stm32f7xx_hal.o
    0x08000a40   0x00000016   Code   RO         2529    i.HAL_Init          stm32f7xx_hal.o
    0x08000a56   0x00000002   PAD
    0x08000a58   0x00000028   Code   RO         2530    i.HAL_InitTick      stm32f7xx_hal.o
    0x08000a80   0x00000058   Code   RO          187    i.HAL_MspInit       stm32f7xx_hal_msp.o
    0x08000ad8   0x00000016   Code   RO         2077    i.HAL_NVIC_EnableIRQ  stm32f7xx_hal_cortex.o
    0x08000aee   0x00000002   PAD
    0x08000af0   0x00000040   Code   RO         2083    i.HAL_NVIC_SetPriority  stm32f7xx_hal_cortex.o
    0x08000b30   0x00000024   Code   RO         2084    i.HAL_NVIC_SetPriorityGrouping  stm32f7xx_hal_cortex.o
    0x08000b54   0x0000006c   Code   RO         1751    i.HAL_PWREx_EnableOverDrive  stm32f7xx_hal_pwr_ex.o
    0x08000bc0   0x000006b4   Code   RO         2673    i.HAL_RCCEx_PeriphCLKConfig  stm32f7xx_hal_rcc_ex.o
    0x08001274   0x00000164   Code   RO         1214    i.HAL_RCC_ClockConfig  stm32f7xx_hal_rcc.o
    0x080013d8   0x0000000c   Code   RO         1219    i.HAL_RCC_GetHCLKFreq  stm32f7xx_hal_rcc.o
    0x080013e4   0x00000030   Code   RO         1221    i.HAL_RCC_GetPCLK1Freq  stm32f7xx_hal_rcc.o
    0x08001414   0x00000030   Code   RO         1222    i.HAL_RCC_GetPCLK2Freq  stm32f7xx_hal_rcc.o
    0x08001444   0x00000084   Code   RO         1223    i.HAL_RCC_GetSysClockFreq  stm32f7xx_hal_rcc.o
    0x080014c8   0x0000035c   Code   RO         1226    i.HAL_RCC_OscConfig  stm32f7xx_hal_rcc.o
    0x08001824   0x00000002   Code   RO         1838    i.HAL_SD_AbortCallback  stm32f7xx_hal_sd.o
    0x08001826   0x00000002   Code   RO         1843    i.HAL_SD_ErrorCallback  stm32f7xx_hal_sd.o
    0x08001828   0x000001fa   Code   RO         1845    i.HAL_SD_GetCardCSD  stm32f7xx_hal_sd.o
    0x08001a22   0x00000024   Code   RO         1846    i.HAL_SD_GetCardInfo  stm32f7xx_hal_sd.o
    0x08001a46   0x0000002c   Code   RO         1847    i.HAL_SD_GetCardState  stm32f7xx_hal_sd.o
    0x08001a72   0x00000002   PAD
    0x08001a74   0x000001a8   Code   RO         1851    i.HAL_SD_IRQHandler  stm32f7xx_hal_sd.o
    0x08001c1c   0x00000036   Code   RO         1852    i.HAL_SD_Init       stm32f7xx_hal_sd.o
    0x08001c52   0x0000005c   Code   RO         1853    i.HAL_SD_InitCard   stm32f7xx_hal_sd.o
    0x08001cae   0x00000002   PAD
    0x08001cb0   0x00000068   Code   RO          189    i.HAL_SD_MspInit    stm32f7xx_hal_msp.o
    0x08001d18   0x000001b0   Code   RO         1856    i.HAL_SD_ReadBlocks  stm32f7xx_hal_sd.o
    0x08001ec8   0x00000002   Code   RO         1859    i.HAL_SD_RxCpltCallback  stm32f7xx_hal_sd.o
    0x08001eca   0x00000002   Code   RO         1860    i.HAL_SD_TxCpltCallback  stm32f7xx_hal_sd.o
    0x08001ecc   0x000001a2   Code   RO         1861    i.HAL_SD_WriteBlocks  stm32f7xx_hal_sd.o
    0x0800206e   0x00000018   Code   RO         2086    i.HAL_SYSTICK_CLKSourceConfig  stm32f7xx_hal_cortex.o
    0x08002086   0x00000002   Code   RO         2087    i.HAL_SYSTICK_Callback  stm32f7xx_hal_cortex.o
    0x08002088   0x00000026   Code   RO         2088    i.HAL_SYSTICK_Config  stm32f7xx_hal_cortex.o
    0x080020ae   0x00000008   Code   RO         2089    i.HAL_SYSTICK_IRQHandler  stm32f7xx_hal_cortex.o
    0x080020b6   0x00000002   Code   RO         2722    i.HAL_UART_ErrorCallback  stm32f7xx_hal_uart.o
    0x080020b8   0x00000178   Code   RO         2725    i.HAL_UART_IRQHandler  stm32f7xx_hal_uart.o
    0x08002230   0x0000006a   Code   RO         2726    i.HAL_UART_Init     stm32f7xx_hal_uart.o
    0x0800229a   0x00000002   PAD
    0x0800229c   0x00000068   Code   RO          191    i.HAL_UART_MspInit  stm32f7xx_hal_msp.o
    0x08002304   0x00000002   Code   RO         2732    i.HAL_UART_RxCpltCallback  stm32f7xx_hal_uart.o
    0x08002306   0x00000002   PAD
    0x08002308   0x000000b6   Code   RO         2734    i.HAL_UART_Transmit  stm32f7xx_hal_uart.o
    0x080023be   0x00000002   Code   RO         2737    i.HAL_UART_TxCpltCallback  stm32f7xx_hal_uart.o
    0x080023c0   0x000000a0   Code   RO          396    i.LK_FATFS_Init     lk_fatfs.o
    0x08002460   0x00000058   Code   RO          574    i.LK_FullyConnect   lkml_math.o
    0x080024b8   0x0000001e   Code   RO          466    i.LK_UART           lk_stm32.o
    0x080024d6   0x00000002   PAD
    0x080024d8   0x00000068   Code   RO          397    i.LK_displayMatrix  lk_fatfs.o
    0x08002540   0x0000005c   Code   RO          236    i.MX_GPIO_Init      main.o
    0x0800259c   0x00000054   Code   RO          467    i.MX_USART1_UART_Init  lk_stm32.o
    0x080025f0   0x00000022   Code   RO         2090    i.NVIC_SetPriority  stm32f7xx_hal_cortex.o
    0x08002612   0x00000002   Code   RO          344    i.PendSV_Handler    stm32f7xx_it.o
    0x08002614   0x0000000c   Code   RO          345    i.SDMMC1_IRQHandler  stm32f7xx_it.o
    0x08002620   0x00000032   Code   RO         2248    i.SDMMC_CmdAppCommand  stm32f7xx_ll_sdmmc.o
    0x08002652   0x00000002   PAD
    0x08002654   0x00000034   Code   RO         2249    i.SDMMC_CmdAppOperCommand  stm32f7xx_ll_sdmmc.o
    0x08002688   0x00000032   Code   RO         2250    i.SDMMC_CmdBlockLength  stm32f7xx_ll_sdmmc.o
    0x080026ba   0x00000002   PAD
    0x080026bc   0x00000050   Code   RO         2255    i.SDMMC_CmdGoIdleState  stm32f7xx_ll_sdmmc.o
    0x0800270c   0x00000064   Code   RO         2257    i.SDMMC_CmdOperCond  stm32f7xx_ll_sdmmc.o
    0x08002770   0x00000032   Code   RO         2258    i.SDMMC_CmdReadMultiBlock  stm32f7xx_ll_sdmmc.o
    0x080027a2   0x00000032   Code   RO         2259    i.SDMMC_CmdReadSingleBlock  stm32f7xx_ll_sdmmc.o
    0x080027d4   0x00000030   Code   RO         2262    i.SDMMC_CmdSelDesel  stm32f7xx_ll_sdmmc.o
    0x08002804   0x0000002a   Code   RO         2263    i.SDMMC_CmdSendCID  stm32f7xx_ll_sdmmc.o
    0x0800282e   0x0000002e   Code   RO         2264    i.SDMMC_CmdSendCSD  stm32f7xx_ll_sdmmc.o
    0x0800285c   0x00000032   Code   RO         2266    i.SDMMC_CmdSendStatus  stm32f7xx_ll_sdmmc.o
    0x0800288e   0x00000030   Code   RO         2267    i.SDMMC_CmdSetRelAdd  stm32f7xx_ll_sdmmc.o
    0x080028be   0x00000002   PAD
    0x080028c0   0x00000034   Code   RO         2269    i.SDMMC_CmdStopTransfer  stm32f7xx_ll_sdmmc.o
    0x080028f4   0x00000032   Code   RO         2271    i.SDMMC_CmdWriteMultiBlock  stm32f7xx_ll_sdmmc.o
    0x08002926   0x00000032   Code   RO         2272    i.SDMMC_CmdWriteSingleBlock  stm32f7xx_ll_sdmmc.o
    0x08002958   0x00000026   Code   RO         2273    i.SDMMC_ConfigData  stm32f7xx_ll_sdmmc.o
    0x0800297e   0x00000002   PAD
    0x08002980   0x0000011c   Code   RO         2274    i.SDMMC_GetCmdResp1  stm32f7xx_ll_sdmmc.o
    0x08002a9c   0x00000050   Code   RO         2275    i.SDMMC_GetCmdResp2  stm32f7xx_ll_sdmmc.o
    0x08002aec   0x00000040   Code   RO         2276    i.SDMMC_GetCmdResp3  stm32f7xx_ll_sdmmc.o
    0x08002b2c   0x00000084   Code   RO         2277    i.SDMMC_GetCmdResp6  stm32f7xx_ll_sdmmc.o
    0x08002bb0   0x00000008   Code   RO         2281    i.SDMMC_GetPowerState  stm32f7xx_ll_sdmmc.o
    0x08002bb8   0x0000000c   Code   RO         2282    i.SDMMC_GetResponse  stm32f7xx_ll_sdmmc.o
    0x08002bc4   0x00000022   Code   RO         2283    i.SDMMC_Init        stm32f7xx_ll_sdmmc.o
    0x08002be6   0x00000008   Code   RO         2285    i.SDMMC_PowerState_ON  stm32f7xx_ll_sdmmc.o
    0x08002bee   0x00000006   Code   RO         2286    i.SDMMC_ReadFIFO    stm32f7xx_ll_sdmmc.o
    0x08002bf4   0x00000022   Code   RO         2287    i.SDMMC_SendCommand  stm32f7xx_ll_sdmmc.o
    0x08002c16   0x0000000a   Code   RO         2289    i.SDMMC_WriteFIFO   stm32f7xx_ll_sdmmc.o
    0x08002c20   0x00000048   Code   RO         1866    i.SD_DMARxAbort     stm32f7xx_hal_sd.o
    0x08002c68   0x00000048   Code   RO         1868    i.SD_DMATxAbort     stm32f7xx_hal_sd.o
    0x08002cb0   0x000000e6   Code   RO         1870    i.SD_InitCard       stm32f7xx_hal_sd.o
    0x08002d96   0x000000a6   Code   RO         1871    i.SD_PowerON        stm32f7xx_hal_sd.o
    0x08002e3c   0x00000020   Code   RO         3254    i.SD_initialize     sd_diskio.o
    0x08002e5c   0x00000058   Code   RO         3255    i.SD_ioctl          sd_diskio.o
    0x08002eb4   0x0000003c   Code   RO         3256    i.SD_read           sd_diskio.o
    0x08002ef0   0x00000020   Code   RO         3257    i.SD_status         sd_diskio.o
    0x08002f10   0x0000003c   Code   RO         3258    i.SD_write          sd_diskio.o
    0x08002f4c   0x00000002   Code   RO          346    i.SVC_Handler       stm32f7xx_it.o
    0x08002f4e   0x0000000e   Code   RO          347    i.SysTick_Handler   stm32f7xx_it.o
    0x08002f5c   0x000000c0   Code   RO          238    i.SystemClock_Config  main.o
    0x0800301c   0x00000048   Code   RO         3461    i.SystemInit        system_stm32f7xx.o
    0x08003064   0x000000c8   Code   RO         2739    i.UART_AdvFeatureConfig  stm32f7xx_hal_uart.o
    0x0800312c   0x00000040   Code   RO         2740    i.UART_CheckIdleState  stm32f7xx_hal_uart.o
    0x0800316c   0x00000014   Code   RO         2741    i.UART_DMAAbortOnError  stm32f7xx_hal_uart.o
    0x08003180   0x0000001c   Code   RO         2747    i.UART_EndRxTransfer  stm32f7xx_hal_uart.o
    0x0800319c   0x00000078   Code   RO         2749    i.UART_Receive_IT   stm32f7xx_hal_uart.o
    0x08003214   0x00000258   Code   RO         2750    i.UART_SetConfig    stm32f7xx_hal_uart.o
    0x0800346c   0x00000064   Code   RO         2751    i.UART_WaitOnFlagUntilTimeout  stm32f7xx_hal_uart.o
    0x080034d0   0x0000000c   Code   RO          348    i.USART1_IRQHandler  stm32f7xx_it.o
    0x080034dc   0x00000002   Code   RO          239    i._Error_Handler    main.o
    0x080034de   0x00000002   PAD
    0x080034e0   0x00000020   Code   RO         3754    i.__0printf         mc_w.l(printfa.o)
    0x08003500   0x0000000e   Code   RO         3910    i.__scatterload_copy  mc_w.l(handlers.o)
    0x0800350e   0x00000002   Code   RO         3911    i.__scatterload_null  mc_w.l(handlers.o)
    0x08003510   0x0000000e   Code   RO         3912    i.__scatterload_zeroinit  mc_w.l(handlers.o)
    0x0800351e   0x00000002   PAD
    0x08003520   0x00000184   Code   RO         3761    i._fp_digits        mc_w.l(printfa.o)
    0x080036a4   0x000006dc   Code   RO         3762    i._printf_core      mc_w.l(printfa.o)
    0x08003d80   0x00000024   Code   RO         3763    i._printf_post_padding  mc_w.l(printfa.o)
    0x08003da4   0x0000002e   Code   RO         3764    i._printf_pre_padding  mc_w.l(printfa.o)
    0x08003dd2   0x00000002   PAD
    0x08003dd4   0x00000060   Code   RO         3016    i.check_fs          ff.o
    0x08003e34   0x00000010   Code   RO         3017    i.chk_chr           ff.o
    0x08003e44   0x0000006c   Code   RO         3018    i.chk_lock          ff.o
    0x08003eb0   0x00000024   Code   RO         3019    i.clear_lock        ff.o
    0x08003ed4   0x0000002a   Code   RO         3020    i.clmt_clust        ff.o
    0x08003efe   0x0000001e   Code   RO         3021    i.clust2sect        ff.o
    0x08003f1c   0x000000b2   Code   RO         3022    i.create_chain      ff.o
    0x08003fce   0x00000002   PAD
    0x08003fd0   0x00000204   Code   RO         3023    i.create_name       ff.o
    0x080041d4   0x00000148   Code   RO         3024    i.dir_find          ff.o
    0x0800431c   0x0000011e   Code   RO         3025    i.dir_next          ff.o
    0x0800443a   0x00000002   PAD
    0x0800443c   0x000001d0   Code   RO         3026    i.dir_register      ff.o
    0x0800460c   0x00000094   Code   RO         3027    i.dir_sdi           ff.o
    0x080046a0   0x00000028   Code   RO         3313    i.disk_initialize   diskio.o
    0x080046c8   0x00000018   Code   RO         3314    i.disk_ioctl        diskio.o
    0x080046e0   0x0000001c   Code   RO         3315    i.disk_read         diskio.o
    0x080046fc   0x00000014   Code   RO         3316    i.disk_status       diskio.o
    0x08004710   0x0000001c   Code   RO         3317    i.disk_write        diskio.o
    0x0800472c   0x0000005c   Code   RO         3028    i.f_close           ff.o
    0x08004788   0x0000005c   Code   RO         3030    i.f_mount           ff.o
    0x080047e4   0x00000214   Code   RO         3031    i.f_open            ff.o
    0x080049f8   0x0000018c   Code   RO         3032    i.f_read            ff.o
    0x08004b84   0x000000b8   Code   RO         3033    i.f_sync            ff.o
    0x08004c3c   0x000001d8   Code   RO         3034    i.f_write           ff.o
    0x08004e14   0x0000003c   Code   RO         3419    i.ff_convert        unicode.o
    0x08004e50   0x00000024   Code   RO         3420    i.ff_wtoupper       unicode.o
    0x08004e74   0x00000258   Code   RO         3035    i.find_volume       ff.o
    0x080050cc   0x00000072   Code   RO         3036    i.follow_path       ff.o
    0x0800513e   0x00000002   PAD
    0x08005140   0x00000018   Code   RO          468    i.fputc             lk_stm32.o
    0x08005158   0x00000080   Code   RO         3037    i.gen_numname       ff.o
    0x080051d8   0x000000c2   Code   RO         3038    i.get_fat           ff.o
    0x0800529a   0x00000004   Code   RO          398    i.get_fattime       lk_fatfs.o
    0x0800529e   0x0000003c   Code   RO         3039    i.get_ldnumber      ff.o
    0x080052da   0x00000002   PAD
    0x080052dc   0x000000a0   Code   RO         3040    i.inc_lock          ff.o
    0x0800537c   0x00000012   Code   RO         3041    i.ld_clust          ff.o
    0x0800538e   0x00000002   PAD
    0x08005390   0x00000160   Code   RO          241    i.main              main.o
    0x080054f0   0x00000012   Code   RO         3042    i.mem_cpy           ff.o
    0x08005502   0x0000000e   Code   RO         3043    i.mem_set           ff.o
    0x08005510   0x00000036   Code   RO         3044    i.move_window       ff.o
    0x08005546   0x000000f8   Code   RO         3045    i.put_fat           ff.o
    0x0800563e   0x00000012   Code   RO         3046    i.st_clust          ff.o
    0x08005650   0x0000001c   Code   RO         3047    i.sum_sfn           ff.o
    0x0800566c   0x000000c2   Code   RO         3048    i.sync_fs           ff.o
    0x0800572e   0x00000060   Code   RO         3049    i.sync_window       ff.o
    0x0800578e   0x00000002   PAD
    0x08005790   0x0000004c   Code   RO          399    i.testSD_UART       lk_fatfs.o
    0x080057dc   0x0000002c   Code   RO         3050    i.validate          ff.o
    0x08005808   0x0000008d   Data   RO         3052    .constdata          ff.o
    0x08005895   0x00000003   PAD
    0x08005898   0x00000014   Data   RO         3259    .constdata          sd_diskio.o
    0x080058ac   0x000004c0   Data   RO         3421    .constdata          unicode.o
    0x08005d6c   0x00000010   Data   RO         3462    .constdata          system_stm32f7xx.o
    0x08005d7c   0x00000008   Data   RO         3463    .constdata          system_stm32f7xx.o
    0x08005d84   0x00000020   Data   RO         3908    Region$$Table       anon$$obj.o


    Execution Region RW_IRAM1 (Base: 0x20000000, Size: 0x0003c5c8, Max: 0x00050000, ABSOLUTE)

    Base Addr    Size         Type   Attr      Idx    E Section Name        Object

    0x20000000   0x00000005   Data   RW          401    .data               lk_fatfs.o
    0x20000005   0x00000003   PAD
    0x20000008   0x00000004   Data   RW         2535    .data               stm32f7xx_hal.o
    0x2000000c   0x00000008   Data   RW         3053    .data               ff.o
    0x20000014   0x00000001   Data   RW         3260    .data               sd_diskio.o
    0x20000015   0x00000003   PAD
    0x20000018   0x00000004   Data   RW         3464    .data               system_stm32f7xx.o
    0x2000001c   0x00000004   Data   RW         3869    .data               mc_w.l(stdout.o)
    0x20000020   0x00000084   Zero   RW          242    .bss                main.o
    0x200000a4   0x00000230   Zero   RW          400    .bss                lk_fatfs.o
    0x200002d4   0x00000070   Zero   RW          469    .bss                lk_stm32.o
    0x20000344   0x00000278   Zero   RW         3051    .bss                ff.o
    0x200005bc   0x0000000c   Zero   RW         3373    .bss                ff_gen_drv.o
    0x200005c8   0x0003c000   Zero   RW         3495    STACK               startup_stm32f746xx.o


==============================================================================

Image component sizes


      Code (inc. data)   RO Data    RW Data    ZI Data      Debug   Object Name

       136         26          0          0          0     792271   bsp_driver_sd.o
       140         26          0          0          0       3625   diskio.o
      6004         88        141          8        632      34818   ff.o
        70          4          0          0         12       1651   ff_gen_drv.o
       344         98          0          5        560       3371   lk_fatfs.o
       138         32          0          0        112       4141   lk_stm32.o
        88          0          0          0          0        926   lkml_math.o
       638        102          0          0        132      40315   main.o
       272         32         20          1          0       4424   sd_diskio.o
        36          8        456          0     245760        776   startup_stm32f746xx.o
       112         18          0          4          0       3683   stm32f7xx_hal.o
       228         12          0          0          0      37033   stm32f7xx_hal_cortex.o
        36          0          0          0          0       1219   stm32f7xx_hal_dma.o
       472         54          0          0          0       1904   stm32f7xx_hal_gpio.o
       296         34          0          0          0       2134   stm32f7xx_hal_msp.o
       108          8          0          0          0       1260   stm32f7xx_hal_pwr_ex.o
      1456         74          0          0          0       5532   stm32f7xx_hal_rcc.o
      1716         16          0          0          0       2420   stm32f7xx_hal_rcc_ex.o
      2554          8          0          0          0      14434   stm32f7xx_hal_sd.o
      1802         74          0          0          0      10724   stm32f7xx_hal_uart.o
        42         12          0          0          0       2173   stm32f7xx_it.o
      1528         42          0          0          0      20709   stm32f7xx_ll_sdmmc.o
        72         16         24          4          0       1207   system_stm32f7xx.o
        96         14       1216          0          0       2487   unicode.o

    ----------------------------------------------------------------------
     18424        798       1892         28     247208     993237   Object Totals
         0          0         32          0          0          0   (incl. Generated)
        40          0          3          6          0          0   (incl. Padding)

    ----------------------------------------------------------------------

      Code (inc. data)   RO Data    RW Data    ZI Data      Debug   Library Member Name

         0          0          0          0          0          0   entry.o
         0          0          0          0          0          0   entry10a.o
         0          0          0          0          0          0   entry11a.o
         8          4          0          0          0          0   entry2.o
         4          0          0          0          0          0   entry5.o
         0          0          0          0          0          0   entry7b.o
         0          0          0          0          0          0   entry8b.o
         8          4          0          0          0          0   entry9a.o
        30          0          0          0          0          0   handlers.o
        36          8          0          0          0         68   init.o
         0          0          0          0          0          0   iusefp.o
        30          0          0          0          0         68   llshl.o
        36          0          0          0          0         68   llsshr.o
        32          0          0          0          0         68   llushr.o
      2258         90          0          0          0        452   printfa.o
         0          0          0          4          0          0   stdout.o
        44          0          0          0          0         80   uidiv.o
        98          0          0          0          0         92   uldiv.o
        48          0          0          0          0         68   cdrcmple.o
       334          0          0          0          0        148   dadd.o
       222          0          0          0          0        100   ddiv.o
       186          0          0          0          0        176   depilogue.o
        48          0          0          0          0         68   dfixul.o
       228          0          0          0          0         96   dmul.o

    ----------------------------------------------------------------------
      3656        106          0          4          0       1552   Library Totals
         6          0          0          0          0          0   (incl. Padding)

    ----------------------------------------------------------------------

      Code (inc. data)   RO Data    RW Data    ZI Data      Debug   Library Name

      2584        106          0          4          0        896   mc_w.l
      1066          0          0          0          0        656   mf_w.l

    ----------------------------------------------------------------------
      3656        106          0          4          0       1552   Library Totals

    ----------------------------------------------------------------------

==============================================================================


      Code (inc. data)   RO Data    RW Data    ZI Data      Debug   

     22080        904       1892         32     247208     986465   Grand Totals
     22080        904       1892         32     247208     986465   ELF Image Totals
     22080        904       1892         32          0          0   ROM Totals

==============================================================================

    Total RO  Size (Code + RO Data)                23972 (  23.41kB)
    Total RW  Size (RW Data + ZI Data)            247240 ( 241.45kB)
    Total ROM Size (Code + RO Data + RW Data)      24004 (  23.44kB)

==============================================================================

