<html>
<body>
<pre>
<h1>µVision Build Log</h1>
<h2>Tool Versions:</h2>
IDE-Version: µVision V5.23.0.0
Copyright (C) 2017 ARM Ltd and ARM Germany GmbH. All rights reserved.
License Information: k l, ttis, LIC=KIVPC-77HVI-HRTXN-YRAJZ-XXRRR-4LUXR
 
Tool Versions:
Toolchain:       MDK-ARM Professional  Version: 5.23
Toolchain Path:  C:\Keil_v5\ARM\ARMCC\Bin
C Compiler:      Armcc.exe V5.06 update 4 (build 422)
Assembler:       Armasm.exe V5.06 update 4 (build 422)
Linker/Locator:  ArmLink.exe V5.06 update 4 (build 422)
Library Manager: ArmAr.exe V5.06 update 4 (build 422)
Hex Converter:   FromElf.exe V5.06 update 4 (build 422)
CPU DLL:         SARMCM3.DLL V5.23
Dialog DLL:      DCM.DLL V1.15.0.0
Target DLL:      STLink\ST-LINKIII-KEIL_SWO.dll V2.0.18.0
Dialog DLL:      TCM.DLL V1.27.0.0
 
<h2>Project:</h2>
C:\Users\kongq\Desktop\STM32_Project\STM32F7_CNN1\CNN_1_1\MDK-ARM\CNN_1.uvprojx
Project File Date:  08/04/2017

<h2>Output:</h2>
*** Using Compiler 'V5.06 update 4 (build 422)', folder: 'C:\Keil_v5\ARM\ARMCC\Bin'
Build target 'CNN_1'
compiling main.c...
..\..\..\..\LKML_C\Src\LKML_Math.h(12): warning:  #1295-D: Deprecated declaration ReLu - give arg types
  
K_Accuarcy ReLu();
..\..\..\..\STM32_Project\LK_fatfs.h(70): warning:  #1295-D: Deprecated declaration testSD_UART - give arg types
  void testSD_UART();
..\..\..\..\LKML_C\Src\LKML_DecisionTree.h(31): warning:  #1-D: last line of file ends without a newline
  #endif
../Src/main.c(73): warning:  #177-D: variable "byteswritten"  was declared but never referenced
  	uint32_t byteswritten, bytesread;  
../Src/main.c(76): warning:  #177-D: variable "input"  was declared but never referenced
  			int input=60000;
../Src/main.c(82): warning:  #550-D: variable "h1"  was set but never used
  		LK_Accuarcy* h1;	
../Src/main.c: 6 warnings, 0 errors
linking...
Program Size: Code=23908 RO-data=1940 RW-data=44 ZI-data=309436  
"CNN_1\CNN_1.axf" - 0 Error(s), 6 Warning(s).

<h2>Software Packages used:</h2>

Package Vendor: ARM
                http://www.keil.com/pack/ARM.CMSIS.5.0.1.pack
                ARM::CMSIS:CORE:5.0.1
                CMSIS (Cortex Microcontroller Software Interface Standard)
   * Component: CORE Version: 5.0.1

<h2>Collection of Component include folders:</h2>
  .\RTE\_CNN_1
  C:\Keil_v5\ARM\PACK\ARM\CMSIS\5.0.1\CMSIS\Include
  C:\Keil_v5\ARM\PACK\Keil\STM32F7xx_DFP\2.9.0\Drivers\CMSIS\Device\ST\STM32F7xx\Include

<h2>Collection of Component Files used:</h2>

   * Component: ARM::CMSIS:CORE:5.0.1
Build Time Elapsed:  00:00:04
</pre>
</body>
</html>
