Component: ARM Compiler 5.06 update 4 (build 422) Tool: armlink [4d35d2]

==============================================================================

Section Cross References

    bsp_driver_sd.o(i.BSP_SD_Erase) refers to stm32f7xx_hal_sd.o(i.HAL_SD_Erase) for HAL_SD_Erase
    bsp_driver_sd.o(i.BSP_SD_Erase) refers to main.o(.bss) for hsd1
    bsp_driver_sd.o(i.BSP_SD_GetCardInfo) refers to stm32f7xx_hal_sd.o(i.HAL_SD_GetCardInfo) for HAL_SD_GetCardInfo
    bsp_driver_sd.o(i.BSP_SD_GetCardInfo) refers to main.o(.bss) for hsd1
    bsp_driver_sd.o(i.BSP_SD_GetCardState) refers to stm32f7xx_hal_sd.o(i.HAL_SD_GetCardState) for HAL_SD_GetCardState
    bsp_driver_sd.o(i.BSP_SD_GetCardState) refers to main.o(.bss) for hsd1
    bsp_driver_sd.o(i.BSP_SD_Init) refers to stm32f7xx_hal_sd.o(i.HAL_SD_Init) for HAL_SD_Init
    bsp_driver_sd.o(i.BSP_SD_Init) refers to main.o(.bss) for hsd1
    bsp_driver_sd.o(i.BSP_SD_ReadBlocks) refers to stm32f7xx_hal_sd.o(i.HAL_SD_ReadBlocks) for HAL_SD_ReadBlocks
    bsp_driver_sd.o(i.BSP_SD_ReadBlocks) refers to main.o(.bss) for hsd1
    bsp_driver_sd.o(i.BSP_SD_ReadBlocks_DMA) refers to stm32f7xx_hal_sd.o(i.HAL_SD_ReadBlocks_DMA) for HAL_SD_ReadBlocks_DMA
    bsp_driver_sd.o(i.BSP_SD_ReadBlocks_DMA) refers to main.o(.bss) for hsd1
    bsp_driver_sd.o(i.BSP_SD_WriteBlocks) refers to stm32f7xx_hal_sd.o(i.HAL_SD_WriteBlocks) for HAL_SD_WriteBlocks
    bsp_driver_sd.o(i.BSP_SD_WriteBlocks) refers to main.o(.bss) for hsd1
    bsp_driver_sd.o(i.BSP_SD_WriteBlocks_DMA) refers to stm32f7xx_hal_sd.o(i.HAL_SD_WriteBlocks_DMA) for HAL_SD_WriteBlocks_DMA
    bsp_driver_sd.o(i.BSP_SD_WriteBlocks_DMA) refers to main.o(.bss) for hsd1
    stm32f7xx_hal_msp.o(i.HAL_MspInit) refers to stm32f7xx_hal_cortex.o(i.HAL_NVIC_SetPriorityGrouping) for HAL_NVIC_SetPriorityGrouping
    stm32f7xx_hal_msp.o(i.HAL_MspInit) refers to stm32f7xx_hal_cortex.o(i.HAL_NVIC_SetPriority) for HAL_NVIC_SetPriority
    stm32f7xx_hal_msp.o(i.HAL_SD_MspDeInit) refers to stm32f7xx_hal_gpio.o(i.HAL_GPIO_DeInit) for HAL_GPIO_DeInit
    stm32f7xx_hal_msp.o(i.HAL_SD_MspDeInit) refers to stm32f7xx_hal_cortex.o(i.HAL_NVIC_DisableIRQ) for HAL_NVIC_DisableIRQ
    stm32f7xx_hal_msp.o(i.HAL_SD_MspInit) refers to stm32f7xx_hal_gpio.o(i.HAL_GPIO_Init) for HAL_GPIO_Init
    stm32f7xx_hal_msp.o(i.HAL_SD_MspInit) refers to stm32f7xx_hal_cortex.o(i.HAL_NVIC_SetPriority) for HAL_NVIC_SetPriority
    stm32f7xx_hal_msp.o(i.HAL_SD_MspInit) refers to stm32f7xx_hal_cortex.o(i.HAL_NVIC_EnableIRQ) for HAL_NVIC_EnableIRQ
    stm32f7xx_hal_msp.o(i.HAL_UART_MspDeInit) refers to stm32f7xx_hal_gpio.o(i.HAL_GPIO_DeInit) for HAL_GPIO_DeInit
    stm32f7xx_hal_msp.o(i.HAL_UART_MspDeInit) refers to stm32f7xx_hal_cortex.o(i.HAL_NVIC_DisableIRQ) for HAL_NVIC_DisableIRQ
    stm32f7xx_hal_msp.o(i.HAL_UART_MspInit) refers to stm32f7xx_hal_gpio.o(i.HAL_GPIO_Init) for HAL_GPIO_Init
    stm32f7xx_hal_msp.o(i.HAL_UART_MspInit) refers to stm32f7xx_hal_cortex.o(i.HAL_NVIC_SetPriority) for HAL_NVIC_SetPriority
    stm32f7xx_hal_msp.o(i.HAL_UART_MspInit) refers to stm32f7xx_hal_cortex.o(i.HAL_NVIC_EnableIRQ) for HAL_NVIC_EnableIRQ
    main.o(i.LK_HEAP_ERROR) refers to printfa.o(i.__0printf) for __2printf
    main.o(i.Model_CNN_1_1) refers to memcpya.o(.text) for __aeabi_memcpy4
    main.o(i.Model_CNN_1_1) refers to lkml_fileio_fatfs.o(i.LK_OpenFile) for LK_OpenFile
    main.o(i.Model_CNN_1_1) refers to lkml_fileio_fatfs.o(i.LK_ReadData) for LK_ReadData
    main.o(i.Model_CNN_1_1) refers to lkml_layers.o(i.LK_ZeroCenterLayer) for LK_ZeroCenterLayer
    main.o(i.Model_CNN_1_1) refers to printfa.o(i.__0printf) for __2printf
    main.o(i.Model_CNN_1_1) refers to lkml_layers.o(i.LK_ConvReluPoolLayer) for LK_ConvReluPoolLayer
    main.o(i.Model_CNN_1_1) refers to lkml_layers.o(i.LK_FullyConnectLayer) for LK_FullyConnectLayer
    main.o(i.Model_CNN_1_1) refers to lkml_math.o(i.maxofMatrix) for maxofMatrix
    main.o(i.Model_CNN_1_1) refers to main.o(.constdata) for .constdata
    main.o(i.Model_CNN_1_1_int) refers to memcpya.o(.text) for __aeabi_memcpy4
    main.o(i.Model_CNN_1_1_int) refers to lkml_fileio_fatfs.o(i.LK_OpenFile) for LK_OpenFile
    main.o(i.Model_CNN_1_1_int) refers to lkml_fileio_fatfs.o(i.LK_ReadData) for LK_ReadData
    main.o(i.Model_CNN_1_1_int) refers to lkml_fileio_fatfs.o(i.LK_ReadDataLayer) for LK_ReadDataLayer
    main.o(i.Model_CNN_1_1_int) refers to lkml_layers.o(i.LK_ZeroCenterLayer) for LK_ZeroCenterLayer
    main.o(i.Model_CNN_1_1_int) refers to printfa.o(i.__0printf) for __2printf
    main.o(i.Model_CNN_1_1_int) refers to getc.o(i.getc) for getc
    main.o(i.Model_CNN_1_1_int) refers to main.o(.constdata) for .constdata
    main.o(i.Model_CNN_1_1_int) refers to stdin.o(.data) for __stdin
    main.o(i.Model_CNN_ICRSF) refers to malloc.o(i.malloc) for malloc
    main.o(i.Model_CNN_ICRSF) refers to ff.o(i.f_open) for f_open
    main.o(i.Model_CNN_ICRSF) refers to memseta.o(.text) for __aeabi_memclr4
[...]
    ../clib/microlib/init/entry.s            0x00000000   Number         0  entry8a.o ABSOLUTE
    ../clib/microlib/init/entry.s            0x00000000   Number         0  entry9a.o ABSOLUTE
    ../clib/microlib/init/entry.s            0x00000000   Number         0  entry10b.o ABSOLUTE
    ../clib/microlib/init/entry.s            0x00000000   Number         0  entry8b.o ABSOLUTE
    ../clib/microlib/init/entry.s            0x00000000   Number         0  entry9b.o ABSOLUTE
    ../clib/microlib/init/entry.s            0x00000000   Number         0  entry11b.o ABSOLUTE
    ../clib/microlib/init/entry.s            0x00000000   Number         0  entry.o ABSOLUTE
    ../clib/microlib/init/entry.s            0x00000000   Number         0  entry2.o ABSOLUTE
    ../clib/microlib/init/entry.s            0x00000000   Number         0  entry5.o ABSOLUTE
    ../clib/microlib/init/entry.s            0x00000000   Number         0  entry11a.o ABSOLUTE
    ../clib/microlib/init/entry.s            0x00000000   Number         0  entry10a.o ABSOLUTE
    ../clib/microlib/init/entry.s            0x00000000   Number         0  entry7a.o ABSOLUTE
    ../clib/microlib/longlong.c              0x00000000   Number         0  llushr.o ABSOLUTE
    ../clib/microlib/longlong.c              0x00000000   Number         0  llshl.o ABSOLUTE
    ../clib/microlib/longlong.c              0x00000000   Number         0  llsshr.o ABSOLUTE
    ../clib/microlib/malloc/malloc.c         0x00000000   Number         0  malloca.o ABSOLUTE
    ../clib/microlib/malloc/malloc.c         0x00000000   Number         0  malloc.o ABSOLUTE
    ../clib/microlib/malloc/malloc.c         0x00000000   Number         0  mallocra.o ABSOLUTE
    ../clib/microlib/malloc/malloc.c         0x00000000   Number         0  mallocr.o ABSOLUTE
    ../clib/microlib/malloc/mvars.c          0x00000000   Number         0  mvars.o ABSOLUTE
    ../clib/microlib/printf/printf.c         0x00000000   Number         0  printfb.o ABSOLUTE
    ../clib/microlib/printf/printf.c         0x00000000   Number         0  printf0.o ABSOLUTE
    ../clib/microlib/printf/printf.c         0x00000000   Number         0  printf1.o ABSOLUTE
    ../clib/microlib/printf/printf.c         0x00000000   Number         0  printf2.o ABSOLUTE
    ../clib/microlib/printf/printf.c         0x00000000   Number         0  printf3.o ABSOLUTE
    ../clib/microlib/printf/printf.c         0x00000000   Number         0  printf6.o ABSOLUTE
    ../clib/microlib/printf/printf.c         0x00000000   Number         0  printf7.o ABSOLUTE
    ../clib/microlib/printf/printf.c         0x00000000   Number         0  printf4.o ABSOLUTE
    ../clib/microlib/printf/printf.c         0x00000000   Number         0  printf5.o ABSOLUTE
    ../clib/microlib/printf/printf.c         0x00000000   Number         0  printfa.o ABSOLUTE
    ../clib/microlib/printf/printf.c         0x00000000   Number         0  printf8.o ABSOLUTE
    ../clib/microlib/printf/stubs.s          0x00000000   Number         0  stubs.o ABSOLUTE
    ../clib/microlib/stdio/fgetc.c           0x00000000   Number         0  fgetc_ub.o ABSOLUTE
    ../clib/microlib/stdio/fgetc.c           0x00000000   Number         0  fgetc.o ABSOLUTE
    ../clib/microlib/stdio/fgetc.c           0x00000000   Number         0  fgetc_b.o ABSOLUTE
    ../clib/microlib/stdio/fgetc.c           0x00000000   Number         0  fgetc_u.o ABSOLUTE
    ../clib/microlib/stdio/getc.c            0x00000000   Number         0  getc.o ABSOLUTE
    ../clib/microlib/stdio/puts.c            0x00000000   Number         0  puts.o ABSOLUTE
    ../clib/microlib/stdio/puts.c            0x00000000   Number         0  puts_e.o ABSOLUTE
    ../clib/microlib/stdio/semi.s            0x00000000   Number         0  semi.o ABSOLUTE
    ../clib/microlib/stdio/streams.c         0x00000000   Number         0  stdout.o ABSOLUTE
    ../clib/microlib/stdio/streams.c         0x00000000   Number         0  stdin.o ABSOLUTE
    ../clib/microlib/string/memcpy.c         0x00000000   Number         0  memcpyb.o ABSOLUTE
    ../clib/microlib/string/memcpy.c         0x00000000   Number         0  memcpya.o ABSOLUTE
    ../clib/microlib/string/memset.c         0x00000000   Number         0  memseta.o ABSOLUTE
    ../clib/microlib/stubs.s                 0x00000000   Number         0  iusesemig.o ABSOLUTE
    ../clib/microlib/stubs.s                 0x00000000   Number         0  iusefp.o ABSOLUTE
    ../fplib/microlib/fpadd.c                0x00000000   Number         0  dadd.o ABSOLUTE
    ../fplib/microlib/fpdiv.c                0x00000000   Number         0  ddiv.o ABSOLUTE
    ../fplib/microlib/fpepilogue.c           0x00000000   Number         0  depilogue.o ABSOLUTE
    ../fplib/microlib/fpfix.c                0x00000000   Number         0  dfixul.o ABSOLUTE
    ../fplib/microlib/fpmul.c                0x00000000   Number         0  dmul.o ABSOLUTE
    ../fplib/microlib/fpstat.c               0x00000000   Number         0  fpstat.o ABSOLUTE
    ../mathlib/exp2f.c                       0x00000000   Number         0  exp2f_x.o ABSOLUTE
    ../mathlib/exp2f.c                       0x00000000   Number         0  exp2f.o ABSOLUTE
    ../mathlib/fpclassifyf.c                 0x00000000   Number         0  fpclassifyf.o ABSOLUTE
    ../mathlib/funder.c                      0x00000000   Number         0  funder.o ABSOLUTE
    ..\..\..\..\LKML_C\Src\LKML_FileIO_FATFS.c 0x00000000   Number         0  lkml_fileio_fatfs.o ABSOLUTE
    ..\..\..\..\LKML_C\Src\LKML_Layers.c     0x00000000   Number         0  lkml_layers.o ABSOLUTE
    ..\..\..\..\LKML_C\Src\LKML_Math.c       0x00000000   Number         0  lkml_math.o ABSOLUTE
    ..\..\..\LK_STM32.c                      0x00000000   Number         0  lk_stm32.o ABSOLUTE
    ..\..\..\LK_fatfs.c                      0x00000000   Number         0  lk_fatfs.o ABSOLUTE
    ..\Drivers\STM32F7xx_HAL_Driver\Src\stm32f7xx_hal.c 0x00000000   Number         0  stm32f7xx_hal.o ABSOLUTE
    ..\Drivers\STM32F7xx_HAL_Driver\Src\stm32f7xx_hal_cortex.c 0x00000000   Number         0  stm32f7xx_hal_cortex.o ABSOLUTE
    ..\Drivers\STM32F7xx_HAL_Driver\Src\stm32f7xx_hal_dma.c 0x00000000   Number         0  stm32f7xx_hal_dma.o ABSOLUTE
    ..\Drivers\STM32F7xx_HAL_Driver\Src\stm32f7xx_hal_dma_ex.c 0x00000000   Number         0  stm32f7xx_hal_dma_ex.o ABSOLUTE
    ..\Drivers\STM32F7xx_HAL_Driver\Src\stm32f7xx_hal_flash.c 0x00000000   Number         0  stm32f7xx_hal_flash.o ABSOLUTE
    ..\Drivers\STM32F7xx_HAL_Driver\Src\stm32f7xx_hal_flash_ex.c 0x00000000   Number         0  stm32f7xx_hal_flash_ex.o ABSOLUTE
    ..\Drivers\STM32F7xx_HAL_Driver\Src\stm32f7xx_hal_gpio.c 0x00000000   Number         0  stm32f7xx_hal_gpio.o ABSOLUTE
    ..\Drivers\STM32F7xx_HAL_Driver\Src\stm32f7xx_hal_i2c.c 0x00000000   Number         0  stm32f7xx_hal_i2c.o ABSOLUTE
    ..\Drivers\STM32F7xx_HAL_Driver\Src\stm32f7xx_hal_i2c_ex.c 0x00000000   Number         0  stm32f7xx_hal_i2c_ex.o ABSOLUTE
    ..\Drivers\STM32F7xx_HAL_Driver\Src\stm32f7xx_hal_pwr.c 0x00000000   Number         0  stm32f7xx_hal_pwr.o ABSOLUTE
    ..\Drivers\STM32F7xx_HAL_Driver\Src\stm32f7xx_hal_pwr_ex.c 0x00000000   Number         0  stm32f7xx_hal_pwr_ex.o ABSOLUTE
    ..\Drivers\STM32F7xx_HAL_Driver\Src\stm32f7xx_hal_rcc.c 0x00000000   Number         0  stm32f7xx_hal_rcc.o ABSOLUTE
    ..\Drivers\STM32F7xx_HAL_Driver\Src\stm32f7xx_hal_rcc_ex.c 0x00000000   Number         0  stm32f7xx_hal_rcc_ex.o ABSOLUTE
    ..\Drivers\STM32F7xx_HAL_Driver\Src\stm32f7xx_hal_sd.c 0x00000000   Number         0  stm32f7xx_hal_sd.o ABSOLUTE
    ..\Drivers\STM32F7xx_HAL_Driver\Src\stm32f7xx_hal_tim.c 0x00000000   Number         0  stm32f7xx_hal_tim.o ABSOLUTE
    ..\Drivers\STM32F7xx_HAL_Driver\Src\stm32f7xx_hal_tim_ex.c 0x00000000   Number         0  stm32f7xx_hal_tim_ex.o ABSOLUTE
    ..\Drivers\STM32F7xx_HAL_Driver\Src\stm32f7xx_hal_uart.c 0x00000000   Number         0  stm32f7xx_hal_uart.o ABSOLUTE
    ..\Drivers\STM32F7xx_HAL_Driver\Src\stm32f7xx_ll_sdmmc.c 0x00000000   Number         0  stm32f7xx_ll_sdmmc.o ABSOLUTE
    ..\Middlewares\Third_Party\FatFs\src\diskio.c 0x00000000   Number         0  diskio.o ABSOLUTE
    ..\Middlewares\Third_Party\FatFs\src\drivers\sd_diskio.c 0x00000000   Number         0  sd_diskio.o ABSOLUTE
    ..\Middlewares\Third_Party\FatFs\src\ff.c 0x00000000   Number         0  ff.o ABSOLUTE
    ..\Middlewares\Third_Party\FatFs\src\ff_gen_drv.c 0x00000000   Number         0  ff_gen_drv.o ABSOLUTE
    ..\Middlewares\Third_Party\FatFs\src\option\syscall.c 0x00000000   Number         0  syscall.o ABSOLUTE
    ..\Middlewares\Third_Party\FatFs\src\option\unicode.c 0x00000000   Number         0  unicode.o ABSOLUTE
    ..\Src\bsp_driver_sd.c                   0x00000000   Number         0  bsp_driver_sd.o ABSOLUTE
    ..\Src\main.c                            0x00000000   Number         0  main.o ABSOLUTE
    ..\Src\stm32f7xx_hal_msp.c               0x00000000   Number         0  stm32f7xx_hal_msp.o ABSOLUTE
    ..\Src\stm32f7xx_it.c                    0x00000000   Number         0  stm32f7xx_it.o ABSOLUTE
    ..\Src\system_stm32f7xx.c                0x00000000   Number         0  system_stm32f7xx.o ABSOLUTE
    ..\\..\\..\\..\\LKML_C\\Src\\LKML_FileIO_FATFS.c 0x00000000   Number         0  lkml_fileio_fatfs.o ABSOLUTE
    ..\\..\\..\\LK_STM32.c                   0x00000000   Number         0  lk_stm32.o ABSOLUTE
    ..\\..\\..\\LK_fatfs.c                   0x00000000   Number         0  lk_fatfs.o ABSOLUTE
    ..\\Middlewares\\Third_Party\\FatFs\\src\\option\\unicode.c 0x00000000   Number         0  unicode.o ABSOLUTE
    cdrcmple.s                               0x00000000   Number         0  cdrcmple.o ABSOLUTE
    dc.s                                     0x00000000   Number         0  dc.o ABSOLUTE
    handlers.s                               0x00000000   Number         0  handlers.o ABSOLUTE
    init.s                                   0x00000000   Number         0  init.o ABSOLUTE
    startup_stm32f746xx.s                    0x00000000   Number         0  startup_stm32f746xx.o ABSOLUTE
    RESET                                    0x08000000   Section      456  startup_stm32f746xx.o(RESET)
    .ARM.Collect$$$$00000000                 0x080001c8   Section        0  entry.o(.ARM.Collect$$$$00000000)
    .ARM.Collect$$$$00000001                 0x080001c8   Section        4  entry2.o(.ARM.Collect$$$$00000001)
    .ARM.Collect$$$$00000004                 0x080001cc   Section        4  entry5.o(.ARM.Collect$$$$00000004)
    .ARM.Collect$$$$00000008                 0x080001d0   Section        0  entry7b.o(.ARM.Collect$$$$00000008)
    .ARM.Collect$$$$0000000A                 0x080001d0   Section        0  entry8b.o(.ARM.Collect$$$$0000000A)
    .ARM.Collect$$$$0000000B                 0x080001d0   Section        8  entry9a.o(.ARM.Collect$$$$0000000B)
    .ARM.Collect$$$$0000000D                 0x080001d8   Section        0  entry10a.o(.ARM.Collect$$$$0000000D)
    .ARM.Collect$$$$0000000F                 0x080001d8   Section        0  entry11a.o(.ARM.Collect$$$$0000000F)
    .ARM.Collect$$$$00002712                 0x080001d8   Section        4  entry2.o(.ARM.Collect$$$$00002712)
    __lit__00000000                          0x080001d8   Data           4  entry2.o(.ARM.Collect$$$$00002712)
    .text                                    0x080001dc   Section       36  startup_stm32f746xx.o(.text)
    $v0                                      0x080001dc   Number         0  startup_stm32f746xx.o(.text)
    .text                                    0x08000200   Section        0  memcpya.o(.text)
    .text                                    0x08000224   Section        0  fgetc.o(.text)
    .text                                    0x0800022c   Section        0  uidiv.o(.text)
    .text                                    0x08000258   Section        0  uldiv.o(.text)
    .text                                    0x080002ba   Section        0  iusefp.o(.text)
    .text                                    0x080002ba   Section        0  dadd.o(.text)
    .text                                    0x08000408   Section        0  dmul.o(.text)
    .text                                    0x080004ec   Section        0  ddiv.o(.text)
    .text                                    0x080005ca   Section        0  dfixul.o(.text)
    .text                                    0x080005fc   Section       48  cdrcmple.o(.text)
    .text                                    0x0800062c   Section       36  init.o(.text)
    .text                                    0x08000650   Section        0  llshl.o(.text)
    .text                                    0x08000650   Section        0  semi.o(.text)
    .text                                    0x0800066e   Section        0  llushr.o(.text)
    .text                                    0x0800068e   Section        0  llsshr.o(.text)
    .text                                    0x080006b2   Section        0  iusesemig.o(.text)
    .text                                    0x080006b2   Section        0  depilogue.o(.text)
    i.BSP_SD_GetCardInfo                     0x0800076c   Section        0  bsp_driver_sd.o(i.BSP_SD_GetCardInfo)
    i.BSP_SD_GetCardState                    0x08000778   Section        0  bsp_driver_sd.o(i.BSP_SD_GetCardState)
    i.BSP_SD_Init                            0x08000790   Section        0  bsp_driver_sd.o(i.BSP_SD_Init)
    i.BSP_SD_ReadBlocks                      0x080007b4   Section        0  bsp_driver_sd.o(i.BSP_SD_ReadBlocks)
    i.BSP_SD_WriteBlocks                     0x080007d4   Section        0  bsp_driver_sd.o(i.BSP_SD_WriteBlocks)
    i.FATFS_LinkDriver                       0x080007f4   Section        0  ff_gen_drv.o(i.FATFS_LinkDriver)
    i.FATFS_LinkDriverEx                     0x080007fc   Section        0  ff_gen_drv.o(i.FATFS_LinkDriverEx)
    i.HAL_Delay                              0x0800083c   Section        0  stm32f7xx_hal.o(i.HAL_Delay)
    i.HAL_GPIO_Init                          0x08000854   Section        0  stm32f7xx_hal_gpio.o(i.HAL_GPIO_Init)
    i.HAL_GetTick                            0x08000a2c   Section        0  stm32f7xx_hal.o(i.HAL_GetTick)
    i.HAL_IncTick                            0x08000a38   Section        0  stm32f7xx_hal.o(i.HAL_IncTick)
    i.HAL_Init                               0x08000a48   Section        0  stm32f7xx_hal.o(i.HAL_Init)
    i.HAL_InitTick                           0x08000a60   Section        0  stm32f7xx_hal.o(i.HAL_InitTick)
    i.HAL_MspInit                            0x08000a88   Section        0  stm32f7xx_hal_msp.o(i.HAL_MspInit)
    i.HAL_NVIC_EnableIRQ                     0x08000ae0   Section        0  stm32f7xx_hal_cortex.o(i.HAL_NVIC_EnableIRQ)
    i.HAL_NVIC_SetPriority                   0x08000af8   Section        0  stm32f7xx_hal_cortex.o(i.HAL_NVIC_SetPriority)
    i.HAL_NVIC_SetPriorityGrouping           0x08000b38   Section        0  stm32f7xx_hal_cortex.o(i.HAL_NVIC_SetPriorityGrouping)
    i.HAL_PWREx_EnableOverDrive              0x08000b5c   Section        0  stm32f7xx_hal_pwr_ex.o(i.HAL_PWREx_EnableOverDrive)
    i.HAL_RCCEx_PeriphCLKConfig              0x08000bc8   Section        0  stm32f7xx_hal_rcc_ex.o(i.HAL_RCCEx_PeriphCLKConfig)
    i.HAL_RCC_ClockConfig                    0x0800127c   Section        0  stm32f7xx_hal_rcc.o(i.HAL_RCC_ClockConfig)
    i.HAL_RCC_GetHCLKFreq                    0x080013e0   Section        0  stm32f7xx_hal_rcc.o(i.HAL_RCC_GetHCLKFreq)
    i.HAL_RCC_GetPCLK1Freq                   0x080013ec   Section        0  stm32f7xx_hal_rcc.o(i.HAL_RCC_GetPCLK1Freq)
    i.HAL_RCC_GetPCLK2Freq                   0x0800141c   Section        0  stm32f7xx_hal_rcc.o(i.HAL_RCC_GetPCLK2Freq)
    i.HAL_RCC_GetSysClockFreq                0x0800144c   Section        0  stm32f7xx_hal_rcc.o(i.HAL_RCC_GetSysClockFreq)
    i.HAL_RCC_OscConfig                      0x080014d0   Section        0  stm32f7xx_hal_rcc.o(i.HAL_RCC_OscConfig)
    i.HAL_SD_GetCardCSD                      0x0800182c   Section        0  stm32f7xx_hal_sd.o(i.HAL_SD_GetCardCSD)
    i.HAL_SD_GetCardInfo                     0x08001a26   Section        0  stm32f7xx_hal_sd.o(i.HAL_SD_GetCardInfo)
    i.HAL_SD_GetCardState                    0x08001a4a   Section        0  stm32f7xx_hal_sd.o(i.HAL_SD_GetCardState)
    i.HAL_SD_Init                            0x08001a76   Section        0  stm32f7xx_hal_sd.o(i.HAL_SD_Init)
    i.HAL_SD_InitCard                        0x08001aac   Section        0  stm32f7xx_hal_sd.o(i.HAL_SD_InitCard)
    i.HAL_SD_MspInit                         0x08001b08   Section        0  stm32f7xx_hal_msp.o(i.HAL_SD_MspInit)
    i.HAL_SD_ReadBlocks                      0x08001b70   Section        0  stm32f7xx_hal_sd.o(i.HAL_SD_ReadBlocks)
    i.HAL_SD_WriteBlocks                     0x08001d20   Section        0  stm32f7xx_hal_sd.o(i.HAL_SD_WriteBlocks)
    i.HAL_SYSTICK_CLKSourceConfig            0x08001ec2   Section        0  stm32f7xx_hal_cortex.o(i.HAL_SYSTICK_CLKSourceConfig)
    i.HAL_SYSTICK_Config                     0x08001eda   Section        0  stm32f7xx_hal_cortex.o(i.HAL_SYSTICK_Config)
    i.HAL_UART_Init                          0x08001f00   Section        0  stm32f7xx_hal_uart.o(i.HAL_UART_Init)
    i.HAL_UART_MspInit                       0x08001f6c   Section        0  stm32f7xx_hal_msp.o(i.HAL_UART_MspInit)
    i.HAL_UART_Transmit                      0x08001fd4   Section        0  stm32f7xx_hal_uart.o(i.HAL_UART_Transmit)
    i.LK_FATFS_Init                          0x0800208c   Section        0  lk_fatfs.o(i.LK_FATFS_Init)
    i.LK_OpenFile                            0x0800212c   Section        0  lkml_fileio_fatfs.o(i.LK_OpenFile)
    i.LK_ReadData                            0x08002170   Section        0  lkml_fileio_fatfs.o(i.LK_ReadData)
    i.LK_ReadDataLayer                       0x080021f4   Section        0  lkml_fileio_fatfs.o(i.LK_ReadDataLayer)
    i.LK_UART                                0x08002208   Section        0  lk_stm32.o(i.LK_UART)
    i.LK_ZeroCenterLayer                     0x08002226   Section        0  lkml_layers.o(i.LK_ZeroCenterLayer)
    i.MX_GPIO_Init                           0x08002240   Section        0  main.o(i.MX_GPIO_Init)
    MX_GPIO_Init                             0x08002241   Thumb Code    86  main.o(i.MX_GPIO_Init)
    i.MX_USART1_UART_Init                    0x0800229c   Section        0  lk_stm32.o(i.MX_USART1_UART_Init)
    i.Model_CNN_1_1_int                      0x080022f0   Section        0  main.o(i.Model_CNN_1_1_int)
    i.NVIC_SetPriority                       0x080025dc   Section        0  stm32f7xx_hal_cortex.o(i.NVIC_SetPriority)
    NVIC_SetPriority                         0x080025dd   Thumb Code    34  stm32f7xx_hal_cortex.o(i.NVIC_SetPriority)
    i.PendSV_Handler                         0x080025fe   Section        0  stm32f7xx_it.o(i.PendSV_Handler)
    i.SDMMC1_IRQHandler                      0x08002600   Section        0  stm32f7xx_it.o(i.SDMMC1_IRQHandler)
    i.SDMMC_CmdAppCommand                    0x08002602   Section        0  stm32f7xx_ll_sdmmc.o(i.SDMMC_CmdAppCommand)
    i.SDMMC_CmdAppOperCommand                0x08002634   Section        0  stm32f7xx_ll_sdmmc.o(i.SDMMC_CmdAppOperCommand)
    i.SDMMC_CmdBlockLength                   0x08002668   Section        0  stm32f7xx_ll_sdmmc.o(i.SDMMC_CmdBlockLength)
    i.SDMMC_CmdGoIdleState                   0x0800269c   Section        0  stm32f7xx_ll_sdmmc.o(i.SDMMC_CmdGoIdleState)
    i.SDMMC_CmdOperCond                      0x080026ec   Section        0  stm32f7xx_ll_sdmmc.o(i.SDMMC_CmdOperCond)
    i.SDMMC_CmdReadMultiBlock                0x08002750   Section        0  stm32f7xx_ll_sdmmc.o(i.SDMMC_CmdReadMultiBlock)
    i.SDMMC_CmdReadSingleBlock               0x08002782   Section        0  stm32f7xx_ll_sdmmc.o(i.SDMMC_CmdReadSingleBlock)
    i.SDMMC_CmdSelDesel                      0x080027b4   Section        0  stm32f7xx_ll_sdmmc.o(i.SDMMC_CmdSelDesel)
    i.SDMMC_CmdSendCID                       0x080027e4   Section        0  stm32f7xx_ll_sdmmc.o(i.SDMMC_CmdSendCID)
    i.SDMMC_CmdSendCSD                       0x0800280e   Section        0  stm32f7xx_ll_sdmmc.o(i.SDMMC_CmdSendCSD)
    i.SDMMC_CmdSendStatus                    0x0800283c   Section        0  stm32f7xx_ll_sdmmc.o(i.SDMMC_CmdSendStatus)
    i.SDMMC_CmdSetRelAdd                     0x0800286e   Section        0  stm32f7xx_ll_sdmmc.o(i.SDMMC_CmdSetRelAdd)
    i.SDMMC_CmdStopTransfer                  0x080028a0   Section        0  stm32f7xx_ll_sdmmc.o(i.SDMMC_CmdStopTransfer)
    i.SDMMC_CmdWriteMultiBlock               0x080028d4   Section        0  stm32f7xx_ll_sdmmc.o(i.SDMMC_CmdWriteMultiBlock)
    i.SDMMC_CmdWriteSingleBlock              0x08002906   Section        0  stm32f7xx_ll_sdmmc.o(i.SDMMC_CmdWriteSingleBlock)
    i.SDMMC_ConfigData                       0x08002938   Section        0  stm32f7xx_ll_sdmmc.o(i.SDMMC_ConfigData)
    i.SDMMC_GetCmdResp1                      0x08002960   Section        0  stm32f7xx_ll_sdmmc.o(i.SDMMC_GetCmdResp1)
    SDMMC_GetCmdResp1                        0x08002961   Thumb Code   276  stm32f7xx_ll_sdmmc.o(i.SDMMC_GetCmdResp1)
    i.SDMMC_GetCmdResp2                      0x08002a7c   Section        0  stm32f7xx_ll_sdmmc.o(i.SDMMC_GetCmdResp2)
    SDMMC_GetCmdResp2                        0x08002a7d   Thumb Code    74  stm32f7xx_ll_sdmmc.o(i.SDMMC_GetCmdResp2)
    i.SDMMC_GetCmdResp3                      0x08002acc   Section        0  stm32f7xx_ll_sdmmc.o(i.SDMMC_GetCmdResp3)
    SDMMC_GetCmdResp3                        0x08002acd   Thumb Code    60  stm32f7xx_ll_sdmmc.o(i.SDMMC_GetCmdResp3)
    i.SDMMC_GetCmdResp6                      0x08002b0c   Section        0  stm32f7xx_ll_sdmmc.o(i.SDMMC_GetCmdResp6)
    SDMMC_GetCmdResp6                        0x08002b0d   Thumb Code   128  stm32f7xx_ll_sdmmc.o(i.SDMMC_GetCmdResp6)
    i.SDMMC_GetPowerState                    0x08002b90   Section        0  stm32f7xx_ll_sdmmc.o(i.SDMMC_GetPowerState)
    i.SDMMC_GetResponse                      0x08002b98   Section        0  stm32f7xx_ll_sdmmc.o(i.SDMMC_GetResponse)
    i.SDMMC_Init                             0x08002ba4   Section        0  stm32f7xx_ll_sdmmc.o(i.SDMMC_Init)
    i.SDMMC_PowerState_ON                    0x08002bc6   Section        0  stm32f7xx_ll_sdmmc.o(i.SDMMC_PowerState_ON)
    i.SDMMC_ReadFIFO                         0x08002bce   Section        0  stm32f7xx_ll_sdmmc.o(i.SDMMC_ReadFIFO)
    i.SDMMC_SendCommand                      0x08002bd4   Section        0  stm32f7xx_ll_sdmmc.o(i.SDMMC_SendCommand)
    i.SDMMC_WriteFIFO                        0x08002bf6   Section        0  stm32f7xx_ll_sdmmc.o(i.SDMMC_WriteFIFO)
    i.SD_InitCard                            0x08002c00   Section        0  stm32f7xx_hal_sd.o(i.SD_InitCard)
    SD_InitCard                              0x08002c01   Thumb Code   230  stm32f7xx_hal_sd.o(i.SD_InitCard)
    i.SD_PowerON                             0x08002ce6   Section        0  stm32f7xx_hal_sd.o(i.SD_PowerON)
    SD_PowerON                               0x08002ce7   Thumb Code   166  stm32f7xx_hal_sd.o(i.SD_PowerON)
    i.SD_initialize                          0x08002d8c   Section        0  sd_diskio.o(i.SD_initialize)
    i.SD_ioctl                               0x08002dac   Section        0  sd_diskio.o(i.SD_ioctl)
    i.SD_read                                0x08002e04   Section        0  sd_diskio.o(i.SD_read)
    i.SD_status                              0x08002e40   Section        0  sd_diskio.o(i.SD_status)
    i.SD_write                               0x08002e60   Section        0  sd_diskio.o(i.SD_write)
    i.SVC_Handler                            0x08002e9c   Section        0  stm32f7xx_it.o(i.SVC_Handler)
    i.SysTick_Handler                        0x08002e9e   Section        0  stm32f7xx_it.o(i.SysTick_Handler)
    i.SystemClock_Config                     0x08002ea4   Section        0  main.o(i.SystemClock_Config)
    i.SystemInit                             0x08002f64   Section        0  system_stm32f7xx.o(i.SystemInit)
    i.UART_AdvFeatureConfig                  0x08002fb8   Section        0  stm32f7xx_hal_uart.o(i.UART_AdvFeatureConfig)
    i.UART_CheckIdleState                    0x08003080   Section        0  stm32f7xx_hal_uart.o(i.UART_CheckIdleState)
    i.UART_SetConfig                         0x080030c0   Section        0  stm32f7xx_hal_uart.o(i.UART_SetConfig)
    i.UART_WaitOnFlagUntilTimeout            0x08003318   Section        0  stm32f7xx_hal_uart.o(i.UART_WaitOnFlagUntilTimeout)
    i.USART1_IRQHandler                      0x0800337c   Section        0  stm32f7xx_it.o(i.USART1_IRQHandler)
    i._Error_Handler                         0x0800337e   Section        0  main.o(i._Error_Handler)
    i.__0printf                              0x08003380   Section        0  printfa.o(i.__0printf)
    i.__scatterload_copy                     0x080033a0   Section       14  handlers.o(i.__scatterload_copy)
    i.__scatterload_null                     0x080033ae   Section        2  handlers.o(i.__scatterload_null)
    i.__scatterload_zeroinit                 0x080033b0   Section       14  handlers.o(i.__scatterload_zeroinit)
    i._fp_digits                             0x080033c0   Section        0  printfa.o(i._fp_digits)
    _fp_digits                               0x080033c1   Thumb Code   366  printfa.o(i._fp_digits)
    i._printf_core                           0x08003544   Section        0  printfa.o(i._printf_core)
    _printf_core                             0x08003545   Thumb Code  1744  printfa.o(i._printf_core)
    i._printf_post_padding                   0x08003c20   Section        0  printfa.o(i._printf_post_padding)
    _printf_post_padding                     0x08003c21   Thumb Code    36  printfa.o(i._printf_post_padding)
    i._printf_pre_padding                    0x08003c44   Section        0  printfa.o(i._printf_pre_padding)
    _printf_pre_padding                      0x08003c45   Thumb Code    46  printfa.o(i._printf_pre_padding)
    i.check_fs                               0x08003c74   Section        0  ff.o(i.check_fs)
    check_fs                                 0x08003c75   Thumb Code    90  ff.o(i.check_fs)
    i.chk_chr                                0x08003cd4   Section        0  ff.o(i.chk_chr)
    chk_chr                                  0x08003cd5   Thumb Code    16  ff.o(i.chk_chr)
    i.chk_lock                               0x08003ce4   Section        0  ff.o(i.chk_lock)
    chk_lock                                 0x08003ce5   Thumb Code   102  ff.o(i.chk_lock)
    i.clear_lock                             0x08003d50   Section        0  ff.o(i.clear_lock)
    clear_lock                               0x08003d51   Thumb Code    32  ff.o(i.clear_lock)
    i.clmt_clust                             0x08003d74   Section        0  ff.o(i.clmt_clust)
    clmt_clust                               0x08003d75   Thumb Code    42  ff.o(i.clmt_clust)
    i.clust2sect                             0x08003d9e   Section        0  ff.o(i.clust2sect)
    i.create_chain                           0x08003dbc   Section        0  ff.o(i.create_chain)
    create_chain                             0x08003dbd   Thumb Code   178  ff.o(i.create_chain)
    i.create_name                            0x08003e70   Section        0  ff.o(i.create_name)
    create_name                              0x08003e71   Thumb Code   490  ff.o(i.create_name)
    i.dir_find                               0x08004074   Section        0  ff.o(i.dir_find)
    dir_find                                 0x08004075   Thumb Code   324  ff.o(i.dir_find)
    i.dir_next                               0x080041bc   Section        0  ff.o(i.dir_next)
    dir_next                                 0x080041bd   Thumb Code   286  ff.o(i.dir_next)
    i.dir_register                           0x080042dc   Section        0  ff.o(i.dir_register)
    dir_register                             0x080042dd   Thumb Code   458  ff.o(i.dir_register)
    i.dir_sdi                                0x080044ac   Section        0  ff.o(i.dir_sdi)
    dir_sdi                                  0x080044ad   Thumb Code   148  ff.o(i.dir_sdi)
    i.disk_initialize                        0x08004540   Section        0  diskio.o(i.disk_initialize)
    i.disk_ioctl                             0x08004568   Section        0  diskio.o(i.disk_ioctl)
    i.disk_read                              0x08004580   Section        0  diskio.o(i.disk_read)
    i.disk_status                            0x0800459c   Section        0  diskio.o(i.disk_status)
    i.disk_write                             0x080045b0   Section        0  diskio.o(i.disk_write)
    i.f_close                                0x080045cc   Section        0  ff.o(i.f_close)
    i.f_mount                                0x08004628   Section        0  ff.o(i.f_mount)
    i.f_open                                 0x08004684   Section        0  ff.o(i.f_open)
    i.f_read                                 0x08004898   Section        0  ff.o(i.f_read)
    i.f_sync                                 0x08004a24   Section        0  ff.o(i.f_sync)
    i.f_write                                0x08004adc   Section        0  ff.o(i.f_write)
    i.ff_convert                             0x08004cb4   Section        0  unicode.o(i.ff_convert)
    i.ff_wtoupper                            0x08004cf0   Section        0  unicode.o(i.ff_wtoupper)
    i.find_volume                            0x08004d14   Section        0  ff.o(i.find_volume)
    find_volume                              0x08004d15   Thumb Code   588  ff.o(i.find_volume)
    i.follow_path                            0x08004f6c   Section        0  ff.o(i.follow_path)
    follow_path                              0x08004f6d   Thumb Code   114  ff.o(i.follow_path)
    i.fputc                                  0x08004fe0   Section        0  lk_stm32.o(i.fputc)
    i.gen_numname                            0x08004ff8   Section        0  ff.o(i.gen_numname)
    gen_numname                              0x08004ff9   Thumb Code   124  ff.o(i.gen_numname)
    i.get_fat                                0x08005078   Section        0  ff.o(i.get_fat)
    i.get_fattime                            0x0800513a   Section        0  lk_fatfs.o(i.get_fattime)
    i.get_ldnumber                           0x0800513e   Section        0  ff.o(i.get_ldnumber)
    get_ldnumber                             0x0800513f   Thumb Code    60  ff.o(i.get_ldnumber)
    i.getc                                   0x0800517a   Section        0  getc.o(i.getc)
    i.inc_lock                               0x08005180   Section        0  ff.o(i.inc_lock)
    inc_lock                                 0x08005181   Thumb Code   154  ff.o(i.inc_lock)
    i.ld_clust                               0x08005220   Section        0  ff.o(i.ld_clust)
    ld_clust                                 0x08005221   Thumb Code    18  ff.o(i.ld_clust)
    i.main                                   0x08005234   Section        0  main.o(i.main)
    i.mem_cpy                                0x08005314   Section        0  ff.o(i.mem_cpy)
    mem_cpy                                  0x08005315   Thumb Code    18  ff.o(i.mem_cpy)
    i.mem_set                                0x08005326   Section        0  ff.o(i.mem_set)
    mem_set                                  0x08005327   Thumb Code    14  ff.o(i.mem_set)
    i.move_window                            0x08005334   Section        0  ff.o(i.move_window)
    move_window                              0x08005335   Thumb Code    54  ff.o(i.move_window)
    i.put_fat                                0x0800536a   Section        0  ff.o(i.put_fat)
    i.st_clust                               0x08005462   Section        0  ff.o(i.st_clust)
    st_clust                                 0x08005463   Thumb Code    18  ff.o(i.st_clust)
    i.sum_sfn                                0x08005474   Section        0  ff.o(i.sum_sfn)
    sum_sfn                                  0x08005475   Thumb Code    28  ff.o(i.sum_sfn)
    i.sync_fs                                0x08005490   Section        0  ff.o(i.sync_fs)
    sync_fs                                  0x08005491   Thumb Code   194  ff.o(i.sync_fs)
    i.sync_window                            0x08005552   Section        0  ff.o(i.sync_window)
    sync_window                              0x08005553   Thumb Code    96  ff.o(i.sync_window)
    i.testSD_UART                            0x080055b4   Section        0  lk_fatfs.o(i.testSD_UART)
    i.validate                               0x08005600   Section        0  ff.o(i.validate)
    validate                                 0x08005601   Thumb Code    44  ff.o(i.validate)
    .constdata                               0x0800562c   Section      272  main.o(.constdata)
    .constdata                               0x0800573c   Section      141  ff.o(.constdata)
    ExCvt                                    0x0800573c   Data         128  ff.o(.constdata)
    LfnOfs                                   0x080057bc   Data          13  ff.o(.constdata)
    .constdata                               0x080057cc   Section       20  sd_diskio.o(.constdata)
    .constdata                               0x080057e0   Section     1216  unicode.o(.constdata)
    Tbl                                      0x080057e0   Data         256  unicode.o(.constdata)
    tbl_lower                                0x080058e0   Data         480  unicode.o(.constdata)
    tbl_upper                                0x08005ac0   Data         480  unicode.o(.constdata)
    .constdata                               0x08005ca0   Section       16  system_stm32f7xx.o(.constdata)
    .constdata                               0x08005cb0   Section        8  system_stm32f7xx.o(.constdata)
    .data                                    0x20000000   Section        5  lk_fatfs.o(.data)
    .data                                    0x20000008   Section        4  stm32f7xx_hal.o(.data)
    .data                                    0x2000000c   Section        8  ff.o(.data)
    Fsid                                     0x2000000c   Data           2  ff.o(.data)
    FatFs                                    0x20000010   Data           4  ff.o(.data)
    .data                                    0x20000014   Section        1  sd_diskio.o(.data)
    Stat                                     0x20000014   Data           1  sd_diskio.o(.data)
    .data                                    0x20000018   Section        4  system_stm32f7xx.o(.data)
    .data                                    0x2000001c   Section        4  stdin.o(.data)
    .data                                    0x20000020   Section        4  stdout.o(.data)
    .bss                                     0x20000024   Section      132  main.o(.bss)
    .bss                                     0x200000a8   Section      560  lk_fatfs.o(.bss)
    .bss                                     0x200002d8   Section      112  lk_stm32.o(.bss)
    .bss                                     0x20000348   Section      632  ff.o(.bss)
    Files                                    0x20000348   Data         120  ff.o(.bss)
    LfnBuf                                   0x200003c0   Data         512  ff.o(.bss)
    .bss                                     0x200005c0   Section       12  ff_gen_drv.o(.bss)
    STACK                                    0x200005d0   Section    258048  startup_stm32f746xx.o(STACK)

    Global Symbols

    Symbol Name                              Value     Ov Type        Size  Object(Section)

    BuildAttributes$$THM_ISAv4$E$P$D$K$B$S$7EM$VFPi5$EXTD16$VFPS$VFMA$PE$PLD8$A:L22UL41UL21$X:L11$S22US41US21$IEEE1$IW$USESV6$~STKCKD$USESV7$~SHL$OTIME$ROPI$IEEEX$EBA8$MICROLIB$REQ8$PRES8$EABIv2 0x00000000   Number         0  anon$$obj.o ABSOLUTE
    __ARM_use_no_argv                        0x00000000   Number         0  main.o ABSOLUTE
    _printf_a                                0x00000000   Number         0  stubs.o ABSOLUTE
    _printf_c                                0x00000000   Number         0  stubs.o ABSOLUTE
    _printf_charcount                        0x00000000   Number         0  stubs.o ABSOLUTE
    _printf_d                                0x00000000   Number         0  stubs.o ABSOLUTE
    _printf_e                                0x00000000   Number         0  stubs.o ABSOLUTE
    _printf_f                                0x00000000   Number         0  stubs.o ABSOLUTE
    _printf_flags                            0x00000000   Number         0  stubs.o ABSOLUTE
    _printf_fp_dec                           0x00000000   Number         0  stubs.o ABSOLUTE
    _printf_fp_hex                           0x00000000   Number         0  stubs.o ABSOLUTE
    _printf_g                                0x00000000   Number         0  stubs.o ABSOLUTE
    _printf_i                                0x00000000   Number         0  stubs.o ABSOLUTE
    _printf_int_dec                          0x00000000   Number         0  stubs.o ABSOLUTE
    _printf_l                                0x00000000   Number         0  stubs.o ABSOLUTE
    _printf_lc                               0x00000000   Number         0  stubs.o ABSOLUTE
    _printf_ll                               0x00000000   Number         0  stubs.o ABSOLUTE
    _printf_lld                              0x00000000   Number         0  stubs.o ABSOLUTE
    _printf_lli                              0x00000000   Number         0  stubs.o ABSOLUTE
    _printf_llo                              0x00000000   Number         0  stubs.o ABSOLUTE
    _printf_llu                              0x00000000   Number         0  stubs.o ABSOLUTE
    _printf_llx                              0x00000000   Number         0  stubs.o ABSOLUTE
    _printf_longlong_dec                     0x00000000   Number         0  stubs.o ABSOLUTE
    _printf_longlong_hex                     0x00000000   Number         0  stubs.o ABSOLUTE
    _printf_longlong_oct                     0x00000000   Number         0  stubs.o ABSOLUTE
    _printf_ls                               0x00000000   Number         0  stubs.o ABSOLUTE
    _printf_mbtowc                           0x00000000   Number         0  stubs.o ABSOLUTE
    _printf_n                                0x00000000   Number         0  stubs.o ABSOLUTE
    _printf_o                                0x00000000   Number         0  stubs.o ABSOLUTE
    _printf_p                                0x00000000   Number         0  stubs.o ABSOLUTE
    _printf_percent                          0x00000000   Number         0  stubs.o ABSOLUTE
    _printf_pre_padding                      0x00000000   Number         0  stubs.o ABSOLUTE
    _printf_return_value                     0x00000000   Number         0  stubs.o ABSOLUTE
    _printf_s                                0x00000000   Number         0  stubs.o ABSOLUTE
    _printf_sizespec                         0x00000000   Number         0  stubs.o ABSOLUTE
    _printf_str                              0x00000000   Number         0  stubs.o ABSOLUTE
    _printf_truncate_signed                  0x00000000   Number         0  stubs.o ABSOLUTE
    _printf_truncate_unsigned                0x00000000   Number         0  stubs.o ABSOLUTE
    _printf_u                                0x00000000   Number         0  stubs.o ABSOLUTE
    _printf_wc                               0x00000000   Number         0  stubs.o ABSOLUTE
    _printf_wctomb                           0x00000000   Number         0  stubs.o ABSOLUTE
    _printf_widthprec                        0x00000000   Number         0  stubs.o ABSOLUTE
    _printf_x                                0x00000000   Number         0  stubs.o ABSOLUTE
    __cpp_initialize__aeabi_                  - Undefined Weak Reference
    __cxa_finalize                            - Undefined Weak Reference
    __decompress                              - Undefined Weak Reference
    _clock_init                               - Undefined Weak Reference
    _microlib_exit                            - Undefined Weak Reference
    __Vectors_Size                           0x000001c8   Number         0  startup_stm32f746xx.o ABSOLUTE
    __Vectors                                0x08000000   Data           4  startup_stm32f746xx.o(RESET)
    __Vectors_End                            0x080001c8   Data           0  startup_stm32f746xx.o(RESET)
    __main                                   0x080001c9   Thumb Code     0  entry.o(.ARM.Collect$$$$00000000)
    _main_stk                                0x080001c9   Thumb Code     0  entry2.o(.ARM.Collect$$$$00000001)
    _main_scatterload                        0x080001cd   Thumb Code     0  entry5.o(.ARM.Collect$$$$00000004)
    __main_after_scatterload                 0x080001d1   Thumb Code     0  entry5.o(.ARM.Collect$$$$00000004)
    _main_clock                              0x080001d1   Thumb Code     0  entry7b.o(.ARM.Collect$$$$00000008)
    _main_cpp_init                           0x080001d1   Thumb Code     0  entry8b.o(.ARM.Collect$$$$0000000A)
    _main_init                               0x080001d1   Thumb Code     0  entry9a.o(.ARM.Collect$$$$0000000B)
    __rt_final_cpp                           0x080001d9   Thumb Code     0  entry10a.o(.ARM.Collect$$$$0000000D)
    __rt_final_exit                          0x080001d9   Thumb Code     0  entry11a.o(.ARM.Collect$$$$0000000F)
    Reset_Handler                            0x080001dd   Thumb Code     8  startup_stm32f746xx.o(.text)
    NMI_Handler                              0x080001e5   Thumb Code     2  startup_stm32f746xx.o(.text)
    HardFault_Handler                        0x080001e7   Thumb Code     2  startup_stm32f746xx.o(.text)
    MemManage_Handler                        0x080001e9   Thumb Code     2  startup_stm32f746xx.o(.text)
    BusFault_Handler                         0x080001eb   Thumb Code     2  startup_stm32f746xx.o(.text)
    UsageFault_Handler                       0x080001ed   Thumb Code     2  startup_stm32f746xx.o(.text)
    DebugMon_Handler                         0x080001f1   Thumb Code     2  startup_stm32f746xx.o(.text)
    ADC_IRQHandler                           0x080001f7   Thumb Code     0  startup_stm32f746xx.o(.text)
    CAN1_RX0_IRQHandler                      0x080001f7   Thumb Code     0  startup_stm32f746xx.o(.text)
    CAN1_RX1_IRQHandler                      0x080001f7   Thumb Code     0  startup_stm32f746xx.o(.text)
    CAN1_SCE_IRQHandler                      0x080001f7   Thumb Code     0  startup_stm32f746xx.o(.text)
    CAN1_TX_IRQHandler                       0x080001f7   Thumb Code     0  startup_stm32f746xx.o(.text)
    CAN2_RX0_IRQHandler                      0x080001f7   Thumb Code     0  startup_stm32f746xx.o(.text)
    CAN2_RX1_IRQHandler                      0x080001f7   Thumb Code     0  startup_stm32f746xx.o(.text)
    CAN2_SCE_IRQHandler                      0x080001f7   Thumb Code     0  startup_stm32f746xx.o(.text)
    CAN2_TX_IRQHandler                       0x080001f7   Thumb Code     0  startup_stm32f746xx.o(.text)
    CEC_IRQHandler                           0x080001f7   Thumb Code     0  startup_stm32f746xx.o(.text)
    DCMI_IRQHandler                          0x080001f7   Thumb Code     0  startup_stm32f746xx.o(.text)
    DMA1_Stream0_IRQHandler                  0x080001f7   Thumb Code     0  startup_stm32f746xx.o(.text)
    DMA1_Stream1_IRQHandler                  0x080001f7   Thumb Code     0  startup_stm32f746xx.o(.text)
    DMA1_Stream2_IRQHandler                  0x080001f7   Thumb Code     0  startup_stm32f746xx.o(.text)
    DMA1_Stream3_IRQHandler                  0x080001f7   Thumb Code     0  startup_stm32f746xx.o(.text)
    DMA1_Stream4_IRQHandler                  0x080001f7   Thumb Code     0  startup_stm32f746xx.o(.text)
    DMA1_Stream5_IRQHandler                  0x080001f7   Thumb Code     0  startup_stm32f746xx.o(.text)
    DMA1_Stream6_IRQHandler                  0x080001f7   Thumb Code     0  startup_stm32f746xx.o(.text)
    DMA1_Stream7_IRQHandler                  0x080001f7   Thumb Code     0  startup_stm32f746xx.o(.text)
    DMA2D_IRQHandler                         0x080001f7   Thumb Code     0  startup_stm32f746xx.o(.text)
    DMA2_Stream0_IRQHandler                  0x080001f7   Thumb Code     0  startup_stm32f746xx.o(.text)
    DMA2_Stream1_IRQHandler                  0x080001f7   Thumb Code     0  startup_stm32f746xx.o(.text)
    DMA2_Stream2_IRQHandler                  0x080001f7   Thumb Code     0  startup_stm32f746xx.o(.text)
    DMA2_Stream3_IRQHandler                  0x080001f7   Thumb Code     0  startup_stm32f746xx.o(.text)
    DMA2_Stream4_IRQHandler                  0x080001f7   Thumb Code     0  startup_stm32f746xx.o(.text)
    DMA2_Stream5_IRQHandler                  0x080001f7   Thumb Code     0  startup_stm32f746xx.o(.text)
    DMA2_Stream6_IRQHandler                  0x080001f7   Thumb Code     0  startup_stm32f746xx.o(.text)
    DMA2_Stream7_IRQHandler                  0x080001f7   Thumb Code     0  startup_stm32f746xx.o(.text)
    ETH_IRQHandler                           0x080001f7   Thumb Code     0  startup_stm32f746xx.o(.text)
    ETH_WKUP_IRQHandler                      0x080001f7   Thumb Code     0  startup_stm32f746xx.o(.text)
    EXTI0_IRQHandler                         0x080001f7   Thumb Code     0  startup_stm32f746xx.o(.text)
    EXTI15_10_IRQHandler                     0x080001f7   Thumb Code     0  startup_stm32f746xx.o(.text)
    EXTI1_IRQHandler                         0x080001f7   Thumb Code     0  startup_stm32f746xx.o(.text)
    EXTI2_IRQHandler                         0x080001f7   Thumb Code     0  startup_stm32f746xx.o(.text)
    EXTI3_IRQHandler                         0x080001f7   Thumb Code     0  startup_stm32f746xx.o(.text)
    EXTI4_IRQHandler                         0x080001f7   Thumb Code     0  startup_stm32f746xx.o(.text)
    EXTI9_5_IRQHandler                       0x080001f7   Thumb Code     0  startup_stm32f746xx.o(.text)
    FLASH_IRQHandler                         0x080001f7   Thumb Code     0  startup_stm32f746xx.o(.text)
    FMC_IRQHandler                           0x080001f7   Thumb Code     0  startup_stm32f746xx.o(.text)
    FPU_IRQHandler                           0x080001f7   Thumb Code     0  startup_stm32f746xx.o(.text)
    I2C1_ER_IRQHandler                       0x080001f7   Thumb Code     0  startup_stm32f746xx.o(.text)
    I2C1_EV_IRQHandler                       0x080001f7   Thumb Code     0  startup_stm32f746xx.o(.text)
    I2C2_ER_IRQHandler                       0x080001f7   Thumb Code     0  startup_stm32f746xx.o(.text)
    I2C2_EV_IRQHandler                       0x080001f7   Thumb Code     0  startup_stm32f746xx.o(.text)
    I2C3_ER_IRQHandler                       0x080001f7   Thumb Code     0  startup_stm32f746xx.o(.text)
    I2C3_EV_IRQHandler                       0x080001f7   Thumb Code     0  startup_stm32f746xx.o(.text)
    I2C4_ER_IRQHandler                       0x080001f7   Thumb Code     0  startup_stm32f746xx.o(.text)
    I2C4_EV_IRQHandler                       0x080001f7   Thumb Code     0  startup_stm32f746xx.o(.text)
    LPTIM1_IRQHandler                        0x080001f7   Thumb Code     0  startup_stm32f746xx.o(.text)
    LTDC_ER_IRQHandler                       0x080001f7   Thumb Code     0  startup_stm32f746xx.o(.text)
    LTDC_IRQHandler                          0x080001f7   Thumb Code     0  startup_stm32f746xx.o(.text)
    OTG_FS_IRQHandler                        0x080001f7   Thumb Code     0  startup_stm32f746xx.o(.text)
    OTG_FS_WKUP_IRQHandler                   0x080001f7   Thumb Code     0  startup_stm32f746xx.o(.text)
    OTG_HS_EP1_IN_IRQHandler                 0x080001f7   Thumb Code     0  startup_stm32f746xx.o(.text)
    OTG_HS_EP1_OUT_IRQHandler                0x080001f7   Thumb Code     0  startup_stm32f746xx.o(.text)
    OTG_HS_IRQHandler                        0x080001f7   Thumb Code     0  startup_stm32f746xx.o(.text)
    OTG_HS_WKUP_IRQHandler                   0x080001f7   Thumb Code     0  startup_stm32f746xx.o(.text)
    PVD_IRQHandler                           0x080001f7   Thumb Code     0  startup_stm32f746xx.o(.text)
    QUADSPI_IRQHandler                       0x080001f7   Thumb Code     0  startup_stm32f746xx.o(.text)
    RCC_IRQHandler                           0x080001f7   Thumb Code     0  startup_stm32f746xx.o(.text)
    RNG_IRQHandler                           0x080001f7   Thumb Code     0  startup_stm32f746xx.o(.text)
    RTC_Alarm_IRQHandler                     0x080001f7   Thumb Code     0  startup_stm32f746xx.o(.text)
    RTC_WKUP_IRQHandler                      0x080001f7   Thumb Code     0  startup_stm32f746xx.o(.text)
    SAI1_IRQHandler                          0x080001f7   Thumb Code     0  startup_stm32f746xx.o(.text)
    SAI2_IRQHandler                          0x080001f7   Thumb Code     0  startup_stm32f746xx.o(.text)
    SPDIF_RX_IRQHandler                      0x080001f7   Thumb Code     0  startup_stm32f746xx.o(.text)
    SPI1_IRQHandler                          0x080001f7   Thumb Code     0  startup_stm32f746xx.o(.text)
    SPI2_IRQHandler                          0x080001f7   Thumb Code     0  startup_stm32f746xx.o(.text)
    SPI3_IRQHandler                          0x080001f7   Thumb Code     0  startup_stm32f746xx.o(.text)
    SPI4_IRQHandler                          0x080001f7   Thumb Code     0  startup_stm32f746xx.o(.text)
    SPI5_IRQHandler                          0x080001f7   Thumb Code     0  startup_stm32f746xx.o(.text)
    SPI6_IRQHandler                          0x080001f7   Thumb Code     0  startup_stm32f746xx.o(.text)
    TAMP_STAMP_IRQHandler                    0x080001f7   Thumb Code     0  startup_stm32f746xx.o(.text)
    TIM1_BRK_TIM9_IRQHandler                 0x080001f7   Thumb Code     0  startup_stm32f746xx.o(.text)
    TIM1_CC_IRQHandler                       0x080001f7   Thumb Code     0  startup_stm32f746xx.o(.text)
    TIM1_TRG_COM_TIM11_IRQHandler            0x080001f7   Thumb Code     0  startup_stm32f746xx.o(.text)
    TIM1_UP_TIM10_IRQHandler                 0x080001f7   Thumb Code     0  startup_stm32f746xx.o(.text)
    TIM2_IRQHandler                          0x080001f7   Thumb Code     0  startup_stm32f746xx.o(.text)
    TIM3_IRQHandler                          0x080001f7   Thumb Code     0  startup_stm32f746xx.o(.text)
    TIM4_IRQHandler                          0x080001f7   Thumb Code     0  startup_stm32f746xx.o(.text)
    TIM5_IRQHandler                          0x080001f7   Thumb Code     0  startup_stm32f746xx.o(.text)
    TIM6_DAC_IRQHandler                      0x080001f7   Thumb Code     0  startup_stm32f746xx.o(.text)
    TIM7_IRQHandler                          0x080001f7   Thumb Code     0  startup_stm32f746xx.o(.text)
    TIM8_BRK_TIM12_IRQHandler                0x080001f7   Thumb Code     0  startup_stm32f746xx.o(.text)
    TIM8_CC_IRQHandler                       0x080001f7   Thumb Code     0  startup_stm32f746xx.o(.text)
    TIM8_TRG_COM_TIM14_IRQHandler            0x080001f7   Thumb Code     0  startup_stm32f746xx.o(.text)
    TIM8_UP_TIM13_IRQHandler                 0x080001f7   Thumb Code     0  startup_stm32f746xx.o(.text)
    UART4_IRQHandler                         0x080001f7   Thumb Code     0  startup_stm32f746xx.o(.text)
    UART5_IRQHandler                         0x080001f7   Thumb Code     0  startup_stm32f746xx.o(.text)
    UART7_IRQHandler                         0x080001f7   Thumb Code     0  startup_stm32f746xx.o(.text)
    UART8_IRQHandler                         0x080001f7   Thumb Code     0  startup_stm32f746xx.o(.text)
    USART2_IRQHandler                        0x080001f7   Thumb Code     0  startup_stm32f746xx.o(.text)
    USART3_IRQHandler                        0x080001f7   Thumb Code     0  startup_stm32f746xx.o(.text)
    USART6_IRQHandler                        0x080001f7   Thumb Code     0  startup_stm32f746xx.o(.text)
    WWDG_IRQHandler                          0x080001f7   Thumb Code     0  startup_stm32f746xx.o(.text)
    __aeabi_memcpy                           0x08000201   Thumb Code    36  memcpya.o(.text)
    __aeabi_memcpy4                          0x08000201   Thumb Code     0  memcpya.o(.text)
    __aeabi_memcpy8                          0x08000201   Thumb Code     0  memcpya.o(.text)
    fgetc                                    0x08000225   Thumb Code     8  fgetc.o(.text)
    __aeabi_uidiv                            0x0800022d   Thumb Code     0  uidiv.o(.text)
    __aeabi_uidivmod                         0x0800022d   Thumb Code    44  uidiv.o(.text)
    __aeabi_uldivmod                         0x08000259   Thumb Code    98  uldiv.o(.text)
    __I$use$fp                               0x080002bb   Thumb Code     0  iusefp.o(.text)
    __aeabi_dadd                             0x080002bb   Thumb Code   322  dadd.o(.text)
    __aeabi_dsub                             0x080003fd   Thumb Code     6  dadd.o(.text)
    __aeabi_drsub                            0x08000403   Thumb Code     6  dadd.o(.text)
    __aeabi_dmul                             0x08000409   Thumb Code   228  dmul.o(.text)
    __aeabi_ddiv                             0x080004ed   Thumb Code   222  ddiv.o(.text)
    __aeabi_d2ulz                            0x080005cb   Thumb Code    48  dfixul.o(.text)
    __aeabi_cdrcmple                         0x080005fd   Thumb Code    48  cdrcmple.o(.text)
    __scatterload                            0x0800062d   Thumb Code    28  init.o(.text)
    __scatterload_rt2                        0x0800062d   Thumb Code     0  init.o(.text)
    __aeabi_llsl                             0x08000651   Thumb Code    30  llshl.o(.text)
    __semihosting_library_function           0x08000651   Thumb Code     0  semi.o(.text)
    _ll_shift_l                              0x08000651   Thumb Code     0  llshl.o(.text)
    __aeabi_llsr                             0x0800066f   Thumb Code    32  llushr.o(.text)
    _ll_ushift_r                             0x0800066f   Thumb Code     0  llushr.o(.text)
    __aeabi_lasr                             0x0800068f   Thumb Code    36  llsshr.o(.text)
    _ll_sshift_r                             0x0800068f   Thumb Code     0  llsshr.o(.text)
    __I$use$semihosting$fgetc                0x080006b3   Thumb Code     0  iusesemig.o(.text)
    _double_round                            0x080006b3   Thumb Code    30  depilogue.o(.text)
    _double_epilogue                         0x080006d1   Thumb Code   156  depilogue.o(.text)
    BSP_SD_GetCardInfo                       0x0800076d   Thumb Code     8  bsp_driver_sd.o(i.BSP_SD_GetCardInfo)
    BSP_SD_GetCardState                      0x08000779   Thumb Code    20  bsp_driver_sd.o(i.BSP_SD_GetCardState)
    BSP_SD_Init                              0x08000791   Thumb Code    30  bsp_driver_sd.o(i.BSP_SD_Init)
    BSP_SD_ReadBlocks                        0x080007b5   Thumb Code    26  bsp_driver_sd.o(i.BSP_SD_ReadBlocks)
    BSP_SD_WriteBlocks                       0x080007d5   Thumb Code    26  bsp_driver_sd.o(i.BSP_SD_WriteBlocks)
    FATFS_LinkDriver                         0x080007f5   Thumb Code     6  ff_gen_drv.o(i.FATFS_LinkDriver)
    FATFS_LinkDriverEx                       0x080007fd   Thumb Code    60  ff_gen_drv.o(i.FATFS_LinkDriverEx)
    HAL_Delay                                0x0800083d   Thumb Code    22  stm32f7xx_hal.o(i.HAL_Delay)
    HAL_GPIO_Init                            0x08000855   Thumb Code   418  stm32f7xx_hal_gpio.o(i.HAL_GPIO_Init)
    HAL_GetTick                              0x08000a2d   Thumb Code     6  stm32f7xx_hal.o(i.HAL_GetTick)
    HAL_IncTick                              0x08000a39   Thumb Code    10  stm32f7xx_hal.o(i.HAL_IncTick)
    HAL_Init                                 0x08000a49   Thumb Code    22  stm32f7xx_hal.o(i.HAL_Init)
    HAL_InitTick                             0x08000a61   Thumb Code    34  stm32f7xx_hal.o(i.HAL_InitTick)
    HAL_MspInit                              0x08000a89   Thumb Code    88  stm32f7xx_hal_msp.o(i.HAL_MspInit)
    HAL_NVIC_EnableIRQ                       0x08000ae1   Thumb Code    22  stm32f7xx_hal_cortex.o(i.HAL_NVIC_EnableIRQ)
    HAL_NVIC_SetPriority                     0x08000af9   Thumb Code    60  stm32f7xx_hal_cortex.o(i.HAL_NVIC_SetPriority)
    HAL_NVIC_SetPriorityGrouping             0x08000b39   Thumb Code    28  stm32f7xx_hal_cortex.o(i.HAL_NVIC_SetPriorityGrouping)
    HAL_PWREx_EnableOverDrive                0x08000b5d   Thumb Code   100  stm32f7xx_hal_pwr_ex.o(i.HAL_PWREx_EnableOverDrive)
    HAL_RCCEx_PeriphCLKConfig                0x08000bc9   Thumb Code  1712  stm32f7xx_hal_rcc_ex.o(i.HAL_RCCEx_PeriphCLKConfig)
    HAL_RCC_ClockConfig                      0x0800127d   Thumb Code   338  stm32f7xx_hal_rcc.o(i.HAL_RCC_ClockConfig)
    HAL_RCC_GetHCLKFreq                      0x080013e1   Thumb Code     6  stm32f7xx_hal_rcc.o(i.HAL_RCC_GetHCLKFreq)
    HAL_RCC_GetPCLK1Freq                     0x080013ed   Thumb Code    34  stm32f7xx_hal_rcc.o(i.HAL_RCC_GetPCLK1Freq)
    HAL_RCC_GetPCLK2Freq                     0x0800141d   Thumb Code    34  stm32f7xx_hal_rcc.o(i.HAL_RCC_GetPCLK2Freq)
    HAL_RCC_GetSysClockFreq                  0x0800144d   Thumb Code   120  stm32f7xx_hal_rcc.o(i.HAL_RCC_GetSysClockFreq)
    HAL_RCC_OscConfig                        0x080014d1   Thumb Code   850  stm32f7xx_hal_rcc.o(i.HAL_RCC_OscConfig)
    HAL_SD_GetCardCSD                        0x0800182d   Thumb Code   506  stm32f7xx_hal_sd.o(i.HAL_SD_GetCardCSD)
    HAL_SD_GetCardInfo                       0x08001a27   Thumb Code    36  stm32f7xx_hal_sd.o(i.HAL_SD_GetCardInfo)
    HAL_SD_GetCardState                      0x08001a4b   Thumb Code    44  stm32f7xx_hal_sd.o(i.HAL_SD_GetCardState)
    HAL_SD_Init                              0x08001a77   Thumb Code    54  stm32f7xx_hal_sd.o(i.HAL_SD_Init)
    HAL_SD_InitCard                          0x08001aad   Thumb Code    92  stm32f7xx_hal_sd.o(i.HAL_SD_InitCard)
    HAL_SD_MspInit                           0x08001b09   Thumb Code    88  stm32f7xx_hal_msp.o(i.HAL_SD_MspInit)
    HAL_SD_ReadBlocks                        0x08001b71   Thumb Code   432  stm32f7xx_hal_sd.o(i.HAL_SD_ReadBlocks)
    HAL_SD_WriteBlocks                       0x08001d21   Thumb Code   418  stm32f7xx_hal_sd.o(i.HAL_SD_WriteBlocks)
    HAL_SYSTICK_CLKSourceConfig              0x08001ec3   Thumb Code    24  stm32f7xx_hal_cortex.o(i.HAL_SYSTICK_CLKSourceConfig)
    HAL_SYSTICK_Config                       0x08001edb   Thumb Code    38  stm32f7xx_hal_cortex.o(i.HAL_SYSTICK_Config)
    HAL_UART_Init                            0x08001f01   Thumb Code   106  stm32f7xx_hal_uart.o(i.HAL_UART_Init)
    HAL_UART_MspInit                         0x08001f6d   Thumb Code    86  stm32f7xx_hal_msp.o(i.HAL_UART_MspInit)
    HAL_UART_Transmit                        0x08001fd5   Thumb Code   182  stm32f7xx_hal_uart.o(i.HAL_UART_Transmit)
    LK_FATFS_Init                            0x0800208d   Thumb Code   130  lk_fatfs.o(i.LK_FATFS_Init)
    LK_OpenFile                              0x0800212d   Thumb Code    24  lkml_fileio_fatfs.o(i.LK_OpenFile)
    LK_ReadData                              0x08002171   Thumb Code    66  lkml_fileio_fatfs.o(i.LK_ReadData)
    LK_ReadDataLayer                         0x080021f5   Thumb Code    20  lkml_fileio_fatfs.o(i.LK_ReadDataLayer)
    LK_UART                                  0x08002209   Thumb Code    30  lk_stm32.o(i.LK_UART)
    LK_ZeroCenterLayer                       0x08002227   Thumb Code    24  lkml_layers.o(i.LK_ZeroCenterLayer)
    MX_USART1_UART_Init                      0x0800229d   Thumb Code    56  lk_stm32.o(i.MX_USART1_UART_Init)
    Model_CNN_1_1_int                        0x080022f1   Thumb Code   356  main.o(i.Model_CNN_1_1_int)
    PendSV_Handler                           0x080025ff   Thumb Code     2  stm32f7xx_it.o(i.PendSV_Handler)
    SDMMC1_IRQHandler                        0x08002601   Thumb Code     2  stm32f7xx_it.o(i.SDMMC1_IRQHandler)
    SDMMC_CmdAppCommand                      0x08002603   Thumb Code    50  stm32f7xx_ll_sdmmc.o(i.SDMMC_CmdAppCommand)
    SDMMC_CmdAppOperCommand                  0x08002635   Thumb Code    48  stm32f7xx_ll_sdmmc.o(i.SDMMC_CmdAppOperCommand)
    SDMMC_CmdBlockLength                     0x08002669   Thumb Code    50  stm32f7xx_ll_sdmmc.o(i.SDMMC_CmdBlockLength)
    SDMMC_CmdGoIdleState                     0x0800269d   Thumb Code    76  stm32f7xx_ll_sdmmc.o(i.SDMMC_CmdGoIdleState)
    SDMMC_CmdOperCond                        0x080026ed   Thumb Code    94  stm32f7xx_ll_sdmmc.o(i.SDMMC_CmdOperCond)
    SDMMC_CmdReadMultiBlock                  0x08002751   Thumb Code    50  stm32f7xx_ll_sdmmc.o(i.SDMMC_CmdReadMultiBlock)
    SDMMC_CmdReadSingleBlock                 0x08002783   Thumb Code    50  stm32f7xx_ll_sdmmc.o(i.SDMMC_CmdReadSingleBlock)
    SDMMC_CmdSelDesel                        0x080027b5   Thumb Code    48  stm32f7xx_ll_sdmmc.o(i.SDMMC_CmdSelDesel)
    SDMMC_CmdSendCID                         0x080027e5   Thumb Code    42  stm32f7xx_ll_sdmmc.o(i.SDMMC_CmdSendCID)
    SDMMC_CmdSendCSD                         0x0800280f   Thumb Code    46  stm32f7xx_ll_sdmmc.o(i.SDMMC_CmdSendCSD)
    SDMMC_CmdSendStatus                      0x0800283d   Thumb Code    50  stm32f7xx_ll_sdmmc.o(i.SDMMC_CmdSendStatus)
    SDMMC_CmdSetRelAdd                       0x0800286f   Thumb Code    48  stm32f7xx_ll_sdmmc.o(i.SDMMC_CmdSetRelAdd)
    SDMMC_CmdStopTransfer                    0x080028a1   Thumb Code    46  stm32f7xx_ll_sdmmc.o(i.SDMMC_CmdStopTransfer)
    SDMMC_CmdWriteMultiBlock                 0x080028d5   Thumb Code    50  stm32f7xx_ll_sdmmc.o(i.SDMMC_CmdWriteMultiBlock)
    SDMMC_CmdWriteSingleBlock                0x08002907   Thumb Code    50  stm32f7xx_ll_sdmmc.o(i.SDMMC_CmdWriteSingleBlock)
    SDMMC_ConfigData                         0x08002939   Thumb Code    38  stm32f7xx_ll_sdmmc.o(i.SDMMC_ConfigData)
    SDMMC_GetPowerState                      0x08002b91   Thumb Code     8  stm32f7xx_ll_sdmmc.o(i.SDMMC_GetPowerState)
    SDMMC_GetResponse                        0x08002b99   Thumb Code    12  stm32f7xx_ll_sdmmc.o(i.SDMMC_GetResponse)
    SDMMC_Init                               0x08002ba5   Thumb Code    34  stm32f7xx_ll_sdmmc.o(i.SDMMC_Init)
    SDMMC_PowerState_ON                      0x08002bc7   Thumb Code     8  stm32f7xx_ll_sdmmc.o(i.SDMMC_PowerState_ON)
    SDMMC_ReadFIFO                           0x08002bcf   Thumb Code     6  stm32f7xx_ll_sdmmc.o(i.SDMMC_ReadFIFO)
    SDMMC_SendCommand                        0x08002bd5   Thumb Code    34  stm32f7xx_ll_sdmmc.o(i.SDMMC_SendCommand)
    SDMMC_WriteFIFO                          0x08002bf7   Thumb Code    10  stm32f7xx_ll_sdmmc.o(i.SDMMC_WriteFIFO)
    SD_initialize                            0x08002d8d   Thumb Code    26  sd_diskio.o(i.SD_initialize)
    SD_ioctl                                 0x08002dad   Thumb Code    84  sd_diskio.o(i.SD_ioctl)
    SD_read                                  0x08002e05   Thumb Code    52  sd_diskio.o(i.SD_read)
    SD_status                                0x08002e41   Thumb Code    26  sd_diskio.o(i.SD_status)
    SD_write                                 0x08002e61   Thumb Code    52  sd_diskio.o(i.SD_write)
    SVC_Handler                              0x08002e9d   Thumb Code     2  stm32f7xx_it.o(i.SVC_Handler)
    SysTick_Handler                          0x08002e9f   Thumb Code     4  stm32f7xx_it.o(i.SysTick_Handler)
    SystemClock_Config                       0x08002ea5   Thumb Code   178  main.o(i.SystemClock_Config)
    SystemInit                               0x08002f65   Thumb Code    68  system_stm32f7xx.o(i.SystemInit)
    UART_AdvFeatureConfig                    0x08002fb9   Thumb Code   200  stm32f7xx_hal_uart.o(i.UART_AdvFeatureConfig)
    UART_CheckIdleState                      0x08003081   Thumb Code    64  stm32f7xx_hal_uart.o(i.UART_CheckIdleState)
    UART_SetConfig                           0x080030c1   Thumb Code   550  stm32f7xx_hal_uart.o(i.UART_SetConfig)
    UART_WaitOnFlagUntilTimeout              0x08003319   Thumb Code   100  stm32f7xx_hal_uart.o(i.UART_WaitOnFlagUntilTimeout)
    USART1_IRQHandler                        0x0800337d   Thumb Code     2  stm32f7xx_it.o(i.USART1_IRQHandler)
    _Error_Handler                           0x0800337f   Thumb Code     2  main.o(i._Error_Handler)
    __0printf                                0x08003381   Thumb Code    22  printfa.o(i.__0printf)
    __1printf                                0x08003381   Thumb Code     0  printfa.o(i.__0printf)
    __2printf                                0x08003381   Thumb Code     0  printfa.o(i.__0printf)
    __c89printf                              0x08003381   Thumb Code     0  printfa.o(i.__0printf)
    printf                                   0x08003381   Thumb Code     0  printfa.o(i.__0printf)
    __scatterload_copy                       0x080033a1   Thumb Code    14  handlers.o(i.__scatterload_copy)
    __scatterload_null                       0x080033af   Thumb Code     2  handlers.o(i.__scatterload_null)
    __scatterload_zeroinit                   0x080033b1   Thumb Code    14  handlers.o(i.__scatterload_zeroinit)
    clust2sect                               0x08003d9f   Thumb Code    30  ff.o(i.clust2sect)
    disk_initialize                          0x08004541   Thumb Code    34  diskio.o(i.disk_initialize)
    disk_ioctl                               0x08004569   Thumb Code    20  diskio.o(i.disk_ioctl)
    disk_read                                0x08004581   Thumb Code    22  diskio.o(i.disk_read)
    disk_status                              0x0800459d   Thumb Code    16  diskio.o(i.disk_status)
    disk_write                               0x080045b1   Thumb Code    22  diskio.o(i.disk_write)
    f_close                                  0x080045cd   Thumb Code    86  ff.o(i.f_close)
    f_mount                                  0x08004629   Thumb Code    88  ff.o(i.f_mount)
    f_open                                   0x08004685   Thumb Code   528  ff.o(i.f_open)
    f_read                                   0x08004899   Thumb Code   396  ff.o(i.f_read)
    f_sync                                   0x08004a25   Thumb Code   184  ff.o(i.f_sync)
    f_write                                  0x08004add   Thumb Code   472  ff.o(i.f_write)
    ff_convert                               0x08004cb5   Thumb Code    54  unicode.o(i.ff_convert)
    ff_wtoupper                              0x08004cf1   Thumb Code    28  unicode.o(i.ff_wtoupper)
    fputc                                    0x08004fe1   Thumb Code    20  lk_stm32.o(i.fputc)
    get_fat                                  0x08005079   Thumb Code   194  ff.o(i.get_fat)
    get_fattime                              0x0800513b   Thumb Code     4  lk_fatfs.o(i.get_fattime)
    getc                                     0x0800517b   Thumb Code     4  getc.o(i.getc)
    main                                     0x08005235   Thumb Code   192  main.o(i.main)
    put_fat                                  0x0800536b   Thumb Code   248  ff.o(i.put_fat)
    testSD_UART                              0x080055b5   Thumb Code    28  lk_fatfs.o(i.testSD_UART)
    SD_Driver                                0x080057cc   Data          20  sd_diskio.o(.constdata)
    AHBPrescTable                            0x08005ca0   Data          16  system_stm32f7xx.o(.constdata)
    APBPrescTable                            0x08005cb0   Data           8  system_stm32f7xx.o(.constdata)
    Region$$Table$$Base                      0x08005cb8   Number         0  anon$$obj.o(Region$$Table)
    Region$$Table$$Limit                     0x08005cd8   Number         0  anon$$obj.o(Region$$Table)
    retSD                                    0x20000000   Data           1  lk_fatfs.o(.data)
    SD_Path                                  0x20000001   Data           4  lk_fatfs.o(.data)
    uwTick                                   0x20000008   Data           4  stm32f7xx_hal.o(.data)
    SystemCoreClock                          0x20000018   Data           4  system_stm32f7xx.o(.data)
    __stdin                                  0x2000001c   Data           4  stdin.o(.data)
    __stdout                                 0x20000020   Data           4  stdout.o(.data)
    hsd1                                     0x20000024   Data         132  main.o(.bss)
    SDFatFs                                  0x200000a8   Data         560  lk_fatfs.o(.bss)
    huart1                                   0x200002d8   Data         112  lk_stm32.o(.bss)
    disk                                     0x200005c0   Data          12  ff_gen_drv.o(.bss)
    __initial_sp                             0x2003f5d0   Data           0  startup_stm32f746xx.o(STACK)



==============================================================================

Memory Map of the image

  Image Entry point : 0x080001c9

  Load Region LR_IROM1 (Base: 0x08000000, Size: 0x00005cfc, Max: 0x00100000, ABSOLUTE)

    Execution Region ER_IROM1 (Base: 0x08000000, Size: 0x00005cd8, Max: 0x00100000, ABSOLUTE)

    Base Addr    Size         Type   Attr      Idx    E Section Name        Object

    0x08000000   0x000001c8   Data   RO         3638    RESET               startup_stm32f746xx.o
    0x080001c8   0x00000000   Code   RO         3657  * .ARM.Collect$$$$00000000  mc_w.l(entry.o)
    0x080001c8   0x00000004   Code   RO         3978    .ARM.Collect$$$$00000001  mc_w.l(entry2.o)
    0x080001cc   0x00000004   Code   RO         3981    .ARM.Collect$$$$00000004  mc_w.l(entry5.o)
    0x080001d0   0x00000000   Code   RO         3983    .ARM.Collect$$$$00000008  mc_w.l(entry7b.o)
    0x080001d0   0x00000000   Code   RO         3985    .ARM.Collect$$$$0000000A  mc_w.l(entry8b.o)
    0x080001d0   0x00000008   Code   RO         3986    .ARM.Collect$$$$0000000B  mc_w.l(entry9a.o)
    0x080001d8   0x00000000   Code   RO         3988    .ARM.Collect$$$$0000000D  mc_w.l(entry10a.o)
    0x080001d8   0x00000000   Code   RO         3990    .ARM.Collect$$$$0000000F  mc_w.l(entry11a.o)
    0x080001d8   0x00000004   Code   RO         3979    .ARM.Collect$$$$00002712  mc_w.l(entry2.o)
    0x080001dc   0x00000024   Code   RO         3639    .text               startup_stm32f746xx.o
    0x08000200   0x00000024   Code   RO         3667    .text               mc_w.l(memcpya.o)
    0x08000224   0x00000008   Code   RO         3992    .text               mc_w.l(fgetc.o)
    0x0800022c   0x0000002c   Code   RO         4004    .text               mc_w.l(uidiv.o)
    0x08000258   0x00000062   Code   RO         4006    .text               mc_w.l(uldiv.o)
    0x080002ba   0x00000000   Code   RO         4017    .text               mc_w.l(iusefp.o)
    0x080002ba   0x0000014e   Code   RO         4018    .text               mf_w.l(dadd.o)
    0x08000408   0x000000e4   Code   RO         4020    .text               mf_w.l(dmul.o)
    0x080004ec   0x000000de   Code   RO         4022    .text               mf_w.l(ddiv.o)
    0x080005ca   0x00000030   Code   RO         4024    .text               mf_w.l(dfixul.o)
    0x080005fa   0x00000002   PAD
    0x080005fc   0x00000030   Code   RO         4026    .text               mf_w.l(cdrcmple.o)
    0x0800062c   0x00000024   Code   RO         4030    .text               mc_w.l(init.o)
    0x08000650   0x00000000   Code   RO         4032    .text               mc_w.l(semi.o)
    0x08000650   0x0000001e   Code   RO         4033    .text               mc_w.l(llshl.o)
    0x0800066e   0x00000020   Code   RO         4035    .text               mc_w.l(llushr.o)
    0x0800068e   0x00000024   Code   RO         4037    .text               mc_w.l(llsshr.o)
    0x080006b2   0x00000000   Code   RO         4039    .text               mc_w.l(iusesemig.o)
    0x080006b2   0x000000ba   Code   RO         4040    .text               mf_w.l(depilogue.o)
    0x0800076c   0x0000000c   Code   RO            5    i.BSP_SD_GetCardInfo  bsp_driver_sd.o
    0x08000778   0x00000018   Code   RO            6    i.BSP_SD_GetCardState  bsp_driver_sd.o
    0x08000790   0x00000024   Code   RO            8    i.BSP_SD_Init       bsp_driver_sd.o
    0x080007b4   0x00000020   Code   RO           10    i.BSP_SD_ReadBlocks  bsp_driver_sd.o
    0x080007d4   0x00000020   Code   RO           12    i.BSP_SD_WriteBlocks  bsp_driver_sd.o
    0x080007f4   0x00000006   Code   RO         3510    i.FATFS_LinkDriver  ff_gen_drv.o
    0x080007fa   0x00000002   PAD
    0x080007fc   0x00000040   Code   RO         3511    i.FATFS_LinkDriverEx  ff_gen_drv.o
    0x0800083c   0x00000016   Code   RO         2660    i.HAL_Delay         stm32f7xx_hal.o
    0x08000852   0x00000002   PAD
    0x08000854   0x000001d8   Code   RO         1291    i.HAL_GPIO_Init     stm32f7xx_hal_gpio.o
    0x08000a2c   0x0000000c   Code   RO         2668    i.HAL_GetTick       stm32f7xx_hal.o
    0x08000a38   0x00000010   Code   RO         2669    i.HAL_IncTick       stm32f7xx_hal.o
    0x08000a48   0x00000016   Code   RO         2670    i.HAL_Init          stm32f7xx_hal.o
    0x08000a5e   0x00000002   PAD
    0x08000a60   0x00000028   Code   RO         2671    i.HAL_InitTick      stm32f7xx_hal.o
    0x08000a88   0x00000058   Code   RO          187    i.HAL_MspInit       stm32f7xx_hal_msp.o
    0x08000ae0   0x00000016   Code   RO         2218    i.HAL_NVIC_EnableIRQ  stm32f7xx_hal_cortex.o
    0x08000af6   0x00000002   PAD
    0x08000af8   0x00000040   Code   RO         2224    i.HAL_NVIC_SetPriority  stm32f7xx_hal_cortex.o
    0x08000b38   0x00000024   Code   RO         2225    i.HAL_NVIC_SetPriorityGrouping  stm32f7xx_hal_cortex.o
    0x08000b5c   0x0000006c   Code   RO         1892    i.HAL_PWREx_EnableOverDrive  stm32f7xx_hal_pwr_ex.o
    0x08000bc8   0x000006b4   Code   RO         2814    i.HAL_RCCEx_PeriphCLKConfig  stm32f7xx_hal_rcc_ex.o
    0x0800127c   0x00000164   Code   RO         1355    i.HAL_RCC_ClockConfig  stm32f7xx_hal_rcc.o
    0x080013e0   0x0000000c   Code   RO         1360    i.HAL_RCC_GetHCLKFreq  stm32f7xx_hal_rcc.o
    0x080013ec   0x00000030   Code   RO         1362    i.HAL_RCC_GetPCLK1Freq  stm32f7xx_hal_rcc.o
    0x0800141c   0x00000030   Code   RO         1363    i.HAL_RCC_GetPCLK2Freq  stm32f7xx_hal_rcc.o
    0x0800144c   0x00000084   Code   RO         1364    i.HAL_RCC_GetSysClockFreq  stm32f7xx_hal_rcc.o
    0x080014d0   0x0000035c   Code   RO         1367    i.HAL_RCC_OscConfig  stm32f7xx_hal_rcc.o
    0x0800182c   0x000001fa   Code   RO         1986    i.HAL_SD_GetCardCSD  stm32f7xx_hal_sd.o
    0x08001a26   0x00000024   Code   RO         1987    i.HAL_SD_GetCardInfo  stm32f7xx_hal_sd.o
    0x08001a4a   0x0000002c   Code   RO         1988    i.HAL_SD_GetCardState  stm32f7xx_hal_sd.o
    0x08001a76   0x00000036   Code   RO         1993    i.HAL_SD_Init       stm32f7xx_hal_sd.o
    0x08001aac   0x0000005c   Code   RO         1994    i.HAL_SD_InitCard   stm32f7xx_hal_sd.o
    0x08001b08   0x00000068   Code   RO          189    i.HAL_SD_MspInit    stm32f7xx_hal_msp.o
    0x08001b70   0x000001b0   Code   RO         1997    i.HAL_SD_ReadBlocks  stm32f7xx_hal_sd.o
    0x08001d20   0x000001a2   Code   RO         2002    i.HAL_SD_WriteBlocks  stm32f7xx_hal_sd.o
    0x08001ec2   0x00000018   Code   RO         2227    i.HAL_SYSTICK_CLKSourceConfig  stm32f7xx_hal_cortex.o
    0x08001eda   0x00000026   Code   RO         2229    i.HAL_SYSTICK_Config  stm32f7xx_hal_cortex.o
    0x08001f00   0x0000006a   Code   RO         2867    i.HAL_UART_Init     stm32f7xx_hal_uart.o
    0x08001f6a   0x00000002   PAD
    0x08001f6c   0x00000068   Code   RO          191    i.HAL_UART_MspInit  stm32f7xx_hal_msp.o
    0x08001fd4   0x000000b6   Code   RO         2875    i.HAL_UART_Transmit  stm32f7xx_hal_uart.o
    0x0800208a   0x00000002   PAD
    0x0800208c   0x000000a0   Code   RO          410    i.LK_FATFS_Init     lk_fatfs.o
    0x0800212c   0x00000044   Code   RO          788    i.LK_OpenFile       lkml_fileio_fatfs.o
    0x08002170   0x00000084   Code   RO          789    i.LK_ReadData       lkml_fileio_fatfs.o
    0x080021f4   0x00000014   Code   RO          790    i.LK_ReadDataLayer  lkml_fileio_fatfs.o
    0x08002208   0x0000001e   Code   RO          484    i.LK_UART           lk_stm32.o
    0x08002226   0x00000018   Code   RO          601    i.LK_ZeroCenterLayer  lkml_layers.o
    0x0800223e   0x00000002   PAD
    0x08002240   0x0000005c   Code   RO          236    i.MX_GPIO_Init      main.o
    0x0800229c   0x00000054   Code   RO          485    i.MX_USART1_UART_Init  lk_stm32.o
    0x080022f0   0x000002ec   Code   RO          238    i.Model_CNN_1_1_int  main.o
    0x080025dc   0x00000022   Code   RO         2231    i.NVIC_SetPriority  stm32f7xx_hal_cortex.o
    0x080025fe   0x00000002   Code   RO          358    i.PendSV_Handler    stm32f7xx_it.o
    0x08002600   0x00000002   Code   RO          359    i.SDMMC1_IRQHandler  stm32f7xx_it.o
    0x08002602   0x00000032   Code   RO         2389    i.SDMMC_CmdAppCommand  stm32f7xx_ll_sdmmc.o
    0x08002634   0x00000034   Code   RO         2390    i.SDMMC_CmdAppOperCommand  stm32f7xx_ll_sdmmc.o
    0x08002668   0x00000032   Code   RO         2391    i.SDMMC_CmdBlockLength  stm32f7xx_ll_sdmmc.o
    0x0800269a   0x00000002   PAD
    0x0800269c   0x00000050   Code   RO         2396    i.SDMMC_CmdGoIdleState  stm32f7xx_ll_sdmmc.o
    0x080026ec   0x00000064   Code   RO         2398    i.SDMMC_CmdOperCond  stm32f7xx_ll_sdmmc.o
    0x08002750   0x00000032   Code   RO         2399    i.SDMMC_CmdReadMultiBlock  stm32f7xx_ll_sdmmc.o
    0x08002782   0x00000032   Code   RO         2400    i.SDMMC_CmdReadSingleBlock  stm32f7xx_ll_sdmmc.o
    0x080027b4   0x00000030   Code   RO         2403    i.SDMMC_CmdSelDesel  stm32f7xx_ll_sdmmc.o
    0x080027e4   0x0000002a   Code   RO         2404    i.SDMMC_CmdSendCID  stm32f7xx_ll_sdmmc.o
    0x0800280e   0x0000002e   Code   RO         2405    i.SDMMC_CmdSendCSD  stm32f7xx_ll_sdmmc.o
    0x0800283c   0x00000032   Code   RO         2407    i.SDMMC_CmdSendStatus  stm32f7xx_ll_sdmmc.o
    0x0800286e   0x00000030   Code   RO         2408    i.SDMMC_CmdSetRelAdd  stm32f7xx_ll_sdmmc.o
    0x0800289e   0x00000002   PAD
    0x080028a0   0x00000034   Code   RO         2410    i.SDMMC_CmdStopTransfer  stm32f7xx_ll_sdmmc.o
    0x080028d4   0x00000032   Code   RO         2412    i.SDMMC_CmdWriteMultiBlock  stm32f7xx_ll_sdmmc.o
    0x08002906   0x00000032   Code   RO         2413    i.SDMMC_CmdWriteSingleBlock  stm32f7xx_ll_sdmmc.o
    0x08002938   0x00000026   Code   RO         2414    i.SDMMC_ConfigData  stm32f7xx_ll_sdmmc.o
    0x0800295e   0x00000002   PAD
    0x08002960   0x0000011c   Code   RO         2415    i.SDMMC_GetCmdResp1  stm32f7xx_ll_sdmmc.o
    0x08002a7c   0x00000050   Code   RO         2416    i.SDMMC_GetCmdResp2  stm32f7xx_ll_sdmmc.o
    0x08002acc   0x00000040   Code   RO         2417    i.SDMMC_GetCmdResp3  stm32f7xx_ll_sdmmc.o
    0x08002b0c   0x00000084   Code   RO         2418    i.SDMMC_GetCmdResp6  stm32f7xx_ll_sdmmc.o
    0x08002b90   0x00000008   Code   RO         2422    i.SDMMC_GetPowerState  stm32f7xx_ll_sdmmc.o
    0x08002b98   0x0000000c   Code   RO         2423    i.SDMMC_GetResponse  stm32f7xx_ll_sdmmc.o
    0x08002ba4   0x00000022   Code   RO         2424    i.SDMMC_Init        stm32f7xx_ll_sdmmc.o
    0x08002bc6   0x00000008   Code   RO         2426    i.SDMMC_PowerState_ON  stm32f7xx_ll_sdmmc.o
    0x08002bce   0x00000006   Code   RO         2427    i.SDMMC_ReadFIFO    stm32f7xx_ll_sdmmc.o
    0x08002bd4   0x00000022   Code   RO         2428    i.SDMMC_SendCommand  stm32f7xx_ll_sdmmc.o
    0x08002bf6   0x0000000a   Code   RO         2430    i.SDMMC_WriteFIFO   stm32f7xx_ll_sdmmc.o
    0x08002c00   0x000000e6   Code   RO         2011    i.SD_InitCard       stm32f7xx_hal_sd.o
    0x08002ce6   0x000000a6   Code   RO         2012    i.SD_PowerON        stm32f7xx_hal_sd.o
    0x08002d8c   0x00000020   Code   RO         3395    i.SD_initialize     sd_diskio.o
    0x08002dac   0x00000058   Code   RO         3396    i.SD_ioctl          sd_diskio.o
    0x08002e04   0x0000003c   Code   RO         3397    i.SD_read           sd_diskio.o
    0x08002e40   0x00000020   Code   RO         3398    i.SD_status         sd_diskio.o
    0x08002e60   0x0000003c   Code   RO         3399    i.SD_write          sd_diskio.o
    0x08002e9c   0x00000002   Code   RO          360    i.SVC_Handler       stm32f7xx_it.o
    0x08002e9e   0x00000004   Code   RO          361    i.SysTick_Handler   stm32f7xx_it.o
    0x08002ea2   0x00000002   PAD
    0x08002ea4   0x000000c0   Code   RO          240    i.SystemClock_Config  main.o
    0x08002f64   0x00000054   Code   RO         3602    i.SystemInit        system_stm32f7xx.o
    0x08002fb8   0x000000c8   Code   RO         2880    i.UART_AdvFeatureConfig  stm32f7xx_hal_uart.o
    0x08003080   0x00000040   Code   RO         2881    i.UART_CheckIdleState  stm32f7xx_hal_uart.o
    0x080030c0   0x00000258   Code   RO         2891    i.UART_SetConfig    stm32f7xx_hal_uart.o
    0x08003318   0x00000064   Code   RO         2892    i.UART_WaitOnFlagUntilTimeout  stm32f7xx_hal_uart.o
    0x0800337c   0x00000002   Code   RO          362    i.USART1_IRQHandler  stm32f7xx_it.o
    0x0800337e   0x00000002   Code   RO          241    i._Error_Handler    main.o
    0x08003380   0x00000020   Code   RO         3906    i.__0printf         mc_w.l(printfa.o)
    0x080033a0   0x0000000e   Code   RO         4044    i.__scatterload_copy  mc_w.l(handlers.o)
    0x080033ae   0x00000002   Code   RO         4045    i.__scatterload_null  mc_w.l(handlers.o)
    0x080033b0   0x0000000e   Code   RO         4046    i.__scatterload_zeroinit  mc_w.l(handlers.o)
    0x080033be   0x00000002   PAD
    0x080033c0   0x00000184   Code   RO         3913    i._fp_digits        mc_w.l(printfa.o)
    0x08003544   0x000006dc   Code   RO         3914    i._printf_core      mc_w.l(printfa.o)
    0x08003c20   0x00000024   Code   RO         3915    i._printf_post_padding  mc_w.l(printfa.o)
    0x08003c44   0x0000002e   Code   RO         3916    i._printf_pre_padding  mc_w.l(printfa.o)
    0x08003c72   0x00000002   PAD
    0x08003c74   0x00000060   Code   RO         3157    i.check_fs          ff.o
    0x08003cd4   0x00000010   Code   RO         3158    i.chk_chr           ff.o
    0x08003ce4   0x0000006c   Code   RO         3159    i.chk_lock          ff.o
    0x08003d50   0x00000024   Code   RO         3160    i.clear_lock        ff.o
    0x08003d74   0x0000002a   Code   RO         3161    i.clmt_clust        ff.o
    0x08003d9e   0x0000001e   Code   RO         3162    i.clust2sect        ff.o
    0x08003dbc   0x000000b2   Code   RO         3163    i.create_chain      ff.o
    0x08003e6e   0x00000002   PAD
    0x08003e70   0x00000204   Code   RO         3164    i.create_name       ff.o
    0x08004074   0x00000148   Code   RO         3165    i.dir_find          ff.o
    0x080041bc   0x0000011e   Code   RO         3166    i.dir_next          ff.o
    0x080042da   0x00000002   PAD
    0x080042dc   0x000001d0   Code   RO         3167    i.dir_register      ff.o
    0x080044ac   0x00000094   Code   RO         3168    i.dir_sdi           ff.o
    0x08004540   0x00000028   Code   RO         3454    i.disk_initialize   diskio.o
    0x08004568   0x00000018   Code   RO         3455    i.disk_ioctl        diskio.o
    0x08004580   0x0000001c   Code   RO         3456    i.disk_read         diskio.o
    0x0800459c   0x00000014   Code   RO         3457    i.disk_status       diskio.o
    0x080045b0   0x0000001c   Code   RO         3458    i.disk_write        diskio.o
    0x080045cc   0x0000005c   Code   RO         3169    i.f_close           ff.o
    0x08004628   0x0000005c   Code   RO         3171    i.f_mount           ff.o
    0x08004684   0x00000214   Code   RO         3172    i.f_open            ff.o
    0x08004898   0x0000018c   Code   RO         3173    i.f_read            ff.o
    0x08004a24   0x000000b8   Code   RO         3174    i.f_sync            ff.o
    0x08004adc   0x000001d8   Code   RO         3175    i.f_write           ff.o
    0x08004cb4   0x0000003c   Code   RO         3560    i.ff_convert        unicode.o
    0x08004cf0   0x00000024   Code   RO         3561    i.ff_wtoupper       unicode.o
    0x08004d14   0x00000258   Code   RO         3176    i.find_volume       ff.o
    0x08004f6c   0x00000072   Code   RO         3177    i.follow_path       ff.o
    0x08004fde   0x00000002   PAD
    0x08004fe0   0x00000018   Code   RO          486    i.fputc             lk_stm32.o
    0x08004ff8   0x00000080   Code   RO         3178    i.gen_numname       ff.o
    0x08005078   0x000000c2   Code   RO         3179    i.get_fat           ff.o
    0x0800513a   0x00000004   Code   RO          412    i.get_fattime       lk_fatfs.o
    0x0800513e   0x0000003c   Code   RO         3180    i.get_ldnumber      ff.o
    0x0800517a   0x00000004   Code   RO         3662    i.getc              mc_w.l(getc.o)
    0x0800517e   0x00000002   PAD
    0x08005180   0x000000a0   Code   RO         3181    i.inc_lock          ff.o
    0x08005220   0x00000012   Code   RO         3182    i.ld_clust          ff.o
    0x08005232   0x00000002   PAD
    0x08005234   0x000000e0   Code   RO          242    i.main              main.o
    0x08005314   0x00000012   Code   RO         3183    i.mem_cpy           ff.o
    0x08005326   0x0000000e   Code   RO         3184    i.mem_set           ff.o
    0x08005334   0x00000036   Code   RO         3185    i.move_window       ff.o
    0x0800536a   0x000000f8   Code   RO         3186    i.put_fat           ff.o
    0x08005462   0x00000012   Code   RO         3187    i.st_clust          ff.o
    0x08005474   0x0000001c   Code   RO         3188    i.sum_sfn           ff.o
    0x08005490   0x000000c2   Code   RO         3189    i.sync_fs           ff.o
    0x08005552   0x00000060   Code   RO         3190    i.sync_window       ff.o
    0x080055b2   0x00000002   PAD
    0x080055b4   0x0000004c   Code   RO          413    i.testSD_UART       lk_fatfs.o
    0x08005600   0x0000002c   Code   RO         3191    i.validate          ff.o
    0x0800562c   0x00000110   Data   RO          244    .constdata          main.o
    0x0800573c   0x0000008d   Data   RO         3193    .constdata          ff.o
    0x080057c9   0x00000003   PAD
    0x080057cc   0x00000014   Data   RO         3400    .constdata          sd_diskio.o
    0x080057e0   0x000004c0   Data   RO         3562    .constdata          unicode.o
    0x08005ca0   0x00000010   Data   RO         3603    .constdata          system_stm32f7xx.o
    0x08005cb0   0x00000008   Data   RO         3604    .constdata          system_stm32f7xx.o
    0x08005cb8   0x00000020   Data   RO         4042    Region$$Table       anon$$obj.o


    Execution Region RW_IRAM1 (Base: 0x20000000, Size: 0x0003f5d0, Max: 0x00050000, ABSOLUTE)

    Base Addr    Size         Type   Attr      Idx    E Section Name        Object

    0x20000000   0x00000005   Data   RW          415    .data               lk_fatfs.o
    0x20000005   0x00000003   PAD
    0x20000008   0x00000004   Data   RW         2676    .data               stm32f7xx_hal.o
    0x2000000c   0x00000008   Data   RW         3194    .data               ff.o
    0x20000014   0x00000001   Data   RW         3401    .data               sd_diskio.o
    0x20000015   0x00000003   PAD
    0x20000018   0x00000004   Data   RW         3605    .data               system_stm32f7xx.o
    0x2000001c   0x00000004   Data   RW         3666    .data               mc_w.l(stdin.o)
    0x20000020   0x00000004   Data   RW         4003    .data               mc_w.l(stdout.o)
    0x20000024   0x00000084   Zero   RW          243    .bss                main.o
    0x200000a8   0x00000230   Zero   RW          414    .bss                lk_fatfs.o
    0x200002d8   0x00000070   Zero   RW          487    .bss                lk_stm32.o
    0x20000348   0x00000278   Zero   RW         3192    .bss                ff.o
    0x200005c0   0x0000000c   Zero   RW         3514    .bss                ff_gen_drv.o
    0x200005cc   0x00000004   PAD
    0x200005d0   0x0003f000   Zero   RW         3636    STACK               startup_stm32f746xx.o


==============================================================================

Image component sizes


      Code (inc. data)   RO Data    RW Data    ZI Data      Debug   Object Name

       136         26          0          0          0     792511   bsp_driver_sd.o
       140         26          0          0          0       3865   diskio.o
      6004         88        141          8        632      36450   ff.o
        70          4          0          0         12       1747   ff_gen_drv.o
       240         78          0          5        560       2576   lk_fatfs.o
       138         32          0          0        112       4285   lk_stm32.o
       220        110          0          0          0       3452   lkml_fileio_fatfs.o
        24          0          0          0          0       1745   lkml_layers.o
      1258        444        272          0        132      42492   main.o
       272         32         20          1          0       4664   sd_diskio.o
        36          8        456          0     258048        824   startup_stm32f746xx.o
       112         18          0          4          0       3923   stm32f7xx_hal.o
       218         12          0          0          0      36269   stm32f7xx_hal_cortex.o
       472         54          0          0          0       1952   stm32f7xx_hal_gpio.o
       296         34          0          0          0       2278   stm32f7xx_hal_msp.o
       108          8          0          0          0       1308   stm32f7xx_hal_pwr_ex.o
      1456         74          0          0          0       5820   stm32f7xx_hal_rcc.o
      1716         16          0          0          0       2460   stm32f7xx_hal_rcc_ex.o
      1978          0          0          0          0      10208   stm32f7xx_hal_sd.o
      1252         70          0          0          0       6313   stm32f7xx_hal_uart.o
        12          0          0          0          0       2369   stm32f7xx_it.o
      1528         42          0          0          0      22005   stm32f7xx_ll_sdmmc.o
        84         16         24          4          0       1287   system_stm32f7xx.o
        96         14       1216          0          0       2583   unicode.o

    ----------------------------------------------------------------------
     17898       1206       2164         28     259500     993386   Object Totals
         0          0         32          0          0          0   (incl. Generated)
        32          0          3          6          4          0   (incl. Padding)

    ----------------------------------------------------------------------

      Code (inc. data)   RO Data    RW Data    ZI Data      Debug   Library Member Name

         0          0          0          0          0          0   entry.o
         0          0          0          0          0          0   entry10a.o
         0          0          0          0          0          0   entry11a.o
         8          4          0          0          0          0   entry2.o
         4          0          0          0          0          0   entry5.o
         0          0          0          0          0          0   entry7b.o
         0          0          0          0          0          0   entry8b.o
         8          4          0          0          0          0   entry9a.o
         8          0          0          0          0         68   fgetc.o
         4          0          0          0          0         68   getc.o
        30          0          0          0          0          0   handlers.o
        36          8          0          0          0         68   init.o
         0          0          0          0          0          0   iusefp.o
         0          0          0          0          0          0   iusesemig.o
        30          0          0          0          0         68   llshl.o
        36          0          0          0          0         68   llsshr.o
        32          0          0          0          0         68   llushr.o
        36          0          0          0          0         68   memcpya.o
      2258         90          0          0          0        452   printfa.o
         0          0          0          0          0          0   semi.o
         0          0          0          4          0          0   stdin.o
         0          0          0          4          0          0   stdout.o
        44          0          0          0          0         80   uidiv.o
        98          0          0          0          0         92   uldiv.o
        48          0          0          0          0         68   cdrcmple.o
       334          0          0          0          0        148   dadd.o
       222          0          0          0          0        100   ddiv.o
       186          0          0          0          0        176   depilogue.o
        48          0          0          0          0         68   dfixul.o
       228          0          0          0          0         96   dmul.o

    ----------------------------------------------------------------------
      3706        106          0          8          0       1756   Library Totals
         8          0          0          0          0          0   (incl. Padding)

    ----------------------------------------------------------------------

      Code (inc. data)   RO Data    RW Data    ZI Data      Debug   Library Name

      2632        106          0          8          0       1100   mc_w.l
      1066          0          0          0          0        656   mf_w.l

    ----------------------------------------------------------------------
      3706        106          0          8          0       1756   Library Totals

    ----------------------------------------------------------------------

==============================================================================


      Code (inc. data)   RO Data    RW Data    ZI Data      Debug   

     21604       1312       2164         36     259500     981310   Grand Totals
     21604       1312       2164         36     259500     981310   ELF Image Totals
     21604       1312       2164         36          0          0   ROM Totals

==============================================================================

    Total RO  Size (Code + RO Data)                23768 (  23.21kB)
    Total RW  Size (RW Data + ZI Data)            259536 ( 253.45kB)
    Total ROM Size (Code + RO Data + RW Data)      23804 (  23.25kB)

==============================================================================

