Component: ARM Compiler 5.06 update 4 (build 422) Tool: armlink [4d35d2]

==============================================================================

Section Cross References

    bsp_driver_sd.o(i.BSP_SD_Erase) refers to stm32f7xx_hal_sd.o(i.HAL_SD_Erase) for HAL_SD_Erase
    bsp_driver_sd.o(i.BSP_SD_Erase) refers to main.o(.bss) for hsd1
    bsp_driver_sd.o(i.BSP_SD_GetCardInfo) refers to stm32f7xx_hal_sd.o(i.HAL_SD_GetCardInfo) for HAL_SD_GetCardInfo
    bsp_driver_sd.o(i.BSP_SD_GetCardInfo) refers to main.o(.bss) for hsd1
    bsp_driver_sd.o(i.BSP_SD_GetCardState) refers to stm32f7xx_hal_sd.o(i.HAL_SD_GetCardState) for HAL_SD_GetCardState
    bsp_driver_sd.o(i.BSP_SD_GetCardState) refers to main.o(.bss) for hsd1
    bsp_driver_sd.o(i.BSP_SD_Init) refers to bsp_driver_sd.o(i.BSP_SD_IsDetected) for BSP_SD_IsDetected
    bsp_driver_sd.o(i.BSP_SD_Init) refers to stm32f7xx_hal_sd.o(i.HAL_SD_Init) for HAL_SD_Init
    bsp_driver_sd.o(i.BSP_SD_Init) refers to main.o(.bss) for hsd1
    bsp_driver_sd.o(i.BSP_SD_ReadBlocks) refers to stm32f7xx_hal_sd.o(i.HAL_SD_ReadBlocks) for HAL_SD_ReadBlocks
    bsp_driver_sd.o(i.BSP_SD_ReadBlocks) refers to main.o(.bss) for hsd1
    bsp_driver_sd.o(i.BSP_SD_ReadBlocks_DMA) refers to stm32f7xx_hal_sd.o(i.HAL_SD_ReadBlocks_DMA) for HAL_SD_ReadBlocks_DMA
    bsp_driver_sd.o(i.BSP_SD_ReadBlocks_DMA) refers to main.o(.bss) for hsd1
    bsp_driver_sd.o(i.BSP_SD_WriteBlocks) refers to stm32f7xx_hal_sd.o(i.HAL_SD_WriteBlocks) for HAL_SD_WriteBlocks
    bsp_driver_sd.o(i.BSP_SD_WriteBlocks) refers to main.o(.bss) for hsd1
    bsp_driver_sd.o(i.BSP_SD_WriteBlocks_DMA) refers to stm32f7xx_hal_sd.o(i.HAL_SD_WriteBlocks_DMA) for HAL_SD_WriteBlocks_DMA
    bsp_driver_sd.o(i.BSP_SD_WriteBlocks_DMA) refers to main.o(.bss) for hsd1
    stm32f7xx_hal_msp.o(i.HAL_MspInit) refers to stm32f7xx_hal_cortex.o(i.HAL_NVIC_SetPriorityGrouping) for HAL_NVIC_SetPriorityGrouping
    stm32f7xx_hal_msp.o(i.HAL_MspInit) refers to stm32f7xx_hal_cortex.o(i.HAL_NVIC_SetPriority) for HAL_NVIC_SetPriority
    stm32f7xx_hal_msp.o(i.HAL_SD_MspDeInit) refers to stm32f7xx_hal_gpio.o(i.HAL_GPIO_DeInit) for HAL_GPIO_DeInit
    stm32f7xx_hal_msp.o(i.HAL_SD_MspDeInit) refers to stm32f7xx_hal_cortex.o(i.HAL_NVIC_DisableIRQ) for HAL_NVIC_DisableIRQ
    stm32f7xx_hal_msp.o(i.HAL_SD_MspInit) refers to stm32f7xx_hal_gpio.o(i.HAL_GPIO_Init) for HAL_GPIO_Init
    stm32f7xx_hal_msp.o(i.HAL_SD_MspInit) refers to stm32f7xx_hal_cortex.o(i.HAL_NVIC_SetPriority) for HAL_NVIC_SetPriority
    stm32f7xx_hal_msp.o(i.HAL_SD_MspInit) refers to stm32f7xx_hal_cortex.o(i.HAL_NVIC_EnableIRQ) for HAL_NVIC_EnableIRQ
    stm32f7xx_hal_msp.o(i.HAL_UART_MspDeInit) refers to stm32f7xx_hal_gpio.o(i.HAL_GPIO_DeInit) for HAL_GPIO_DeInit
    stm32f7xx_hal_msp.o(i.HAL_UART_MspDeInit) refers to stm32f7xx_hal_cortex.o(i.HAL_NVIC_DisableIRQ) for HAL_NVIC_DisableIRQ
    stm32f7xx_hal_msp.o(i.HAL_UART_MspInit) refers to stm32f7xx_hal_gpio.o(i.HAL_GPIO_Init) for HAL_GPIO_Init
    stm32f7xx_hal_msp.o(i.HAL_UART_MspInit) refers to stm32f7xx_hal_cortex.o(i.HAL_NVIC_SetPriority) for HAL_NVIC_SetPriority
    stm32f7xx_hal_msp.o(i.HAL_UART_MspInit) refers to stm32f7xx_hal_cortex.o(i.HAL_NVIC_EnableIRQ) for HAL_NVIC_EnableIRQ
    main.o(i.LK_HEAP_ERROR) refers to printfa.o(i.__0printf) for __2printf
    main.o(i.MX_SDMMC1_SD_Init) refers to main.o(.bss) for hsd1
    main.o(i.Model_CNN_ICRSF) refers to ff.o(i.f_open) for f_open
    main.o(i.Model_CNN_ICRSF) refers to malloc.o(i.malloc) for malloc
    main.o(i.Model_CNN_ICRSF) refers to ff.o(i.f_read) for f_read
    main.o(i.Model_CNN_ICRSF) refers to lkml_math.o(i.LK_ZeroCenter) for LK_ZeroCenter
    main.o(i.Model_CNN_ICRSF) refers to malloc.o(i.free) for free
    main.o(i.Model_CNN_ICRSF) refers to ff.o(i.f_close) for f_close
    main.o(i.Model_CNN_ICRSF) refers to memseta.o(.text) for __aeabi_memclr4
    main.o(i.Model_CNN_ICRSF) refers to lkml_math.o(i.LK_convolutional2D) for LK_convolutional2D
    main.o(i.Model_CNN_ICRSF) refers to lkml_math.o(i.LK_ReLu) for LK_ReLu
    main.o(i.Model_CNN_ICRSF) refers to lkml_math.o(i.LK_Pooling_Max) for LK_Pooling_Max
    main.o(i.Model_CNN_ICRSF) refers to lkml_math.o(i.LK_matrix_multpile) for LK_matrix_multpile
    main.o(i.Model_CNN_ICRSF) refers to lkml_math.o(i.LK_Softmax) for LK_Softmax
    main.o(i.Model_CNN_ICRSF) refers to lkml_math.o(i.maxofMatrix) for maxofMatrix
    main.o(i.Model_CNN_ICRSF) refers to printfa.o(i.__0printf) for __2printf
    main.o(i.SystemClock_Config) refers to stm32f7xx_hal_rcc.o(i.HAL_RCC_OscConfig) for HAL_RCC_OscConfig
    main.o(i.SystemClock_Config) refers to main.o(i._Error_Handler) for _Error_Handler
    main.o(i.SystemClock_Config) refers to stm32f7xx_hal_pwr_ex.o(i.HAL_PWREx_EnableOverDrive) for HAL_PWREx_EnableOverDrive
    main.o(i.SystemClock_Config) refers to stm32f7xx_hal_rcc.o(i.HAL_RCC_ClockConfig) for HAL_RCC_ClockConfig
[...]
    i.LK_UART                                0x08002e24   Section        0  lk_stm32.o(i.LK_UART)
    i.LK_ZeroCenter                          0x08002e44   Section        0  lkml_math.o(i.LK_ZeroCenter)
    i.LK_convolutional2D                     0x08002e84   Section        0  lkml_math.o(i.LK_convolutional2D)
    i.LK_matrix_multpile                     0x08002f7c   Section        0  lkml_math.o(i.LK_matrix_multpile)
    i.MX_GPIO_Init                           0x08003038   Section        0  main.o(i.MX_GPIO_Init)
    MX_GPIO_Init                             0x08003039   Thumb Code   136  main.o(i.MX_GPIO_Init)
    i.MX_SDMMC1_SD_Init                      0x080030c4   Section        0  main.o(i.MX_SDMMC1_SD_Init)
    MX_SDMMC1_SD_Init                        0x080030c5   Thumb Code    26  main.o(i.MX_SDMMC1_SD_Init)
    i.MX_USART1_UART_Init                    0x080030e8   Section        0  lk_stm32.o(i.MX_USART1_UART_Init)
    i.Model_CNN_ICRSF                        0x08003140   Section        0  main.o(i.Model_CNN_ICRSF)
    i.NVIC_GetPriorityGrouping               0x080036fc   Section        0  stm32f7xx_hal_cortex.o(i.NVIC_GetPriorityGrouping)
    NVIC_GetPriorityGrouping                 0x080036fd   Thumb Code    10  stm32f7xx_hal_cortex.o(i.NVIC_GetPriorityGrouping)
    i.NVIC_SetPriority                       0x0800370c   Section        0  stm32f7xx_hal_cortex.o(i.NVIC_SetPriority)
    NVIC_SetPriority                         0x0800370d   Thumb Code    32  stm32f7xx_hal_cortex.o(i.NVIC_SetPriority)
    i.PendSV_Handler                         0x08003734   Section        0  stm32f7xx_it.o(i.PendSV_Handler)
    i.ReLU_1                                 0x08003738   Section        0  lkml_math.o(i.ReLU_1)
    i.SCB_EnableDCache                       0x08003770   Section        0  main.o(i.SCB_EnableDCache)
    SCB_EnableDCache                         0x08003771   Thumb Code   148  main.o(i.SCB_EnableDCache)
    i.SDMMC1_IRQHandler                      0x0800380c   Section        0  stm32f7xx_it.o(i.SDMMC1_IRQHandler)
    i.SDMMC_CmdAppCommand                    0x0800381c   Section        0  stm32f7xx_ll_sdmmc.o(i.SDMMC_CmdAppCommand)
    i.SDMMC_CmdAppOperCommand                0x08003858   Section        0  stm32f7xx_ll_sdmmc.o(i.SDMMC_CmdAppOperCommand)
    i.SDMMC_CmdBlockLength                   0x08003894   Section        0  stm32f7xx_ll_sdmmc.o(i.SDMMC_CmdBlockLength)
    i.SDMMC_CmdGoIdleState                   0x080038ce   Section        0  stm32f7xx_ll_sdmmc.o(i.SDMMC_CmdGoIdleState)
    i.SDMMC_CmdOperCond                      0x080038fc   Section        0  stm32f7xx_ll_sdmmc.o(i.SDMMC_CmdOperCond)
    i.SDMMC_CmdReadMultiBlock                0x08003932   Section        0  stm32f7xx_ll_sdmmc.o(i.SDMMC_CmdReadMultiBlock)
    i.SDMMC_CmdReadSingleBlock               0x0800396c   Section        0  stm32f7xx_ll_sdmmc.o(i.SDMMC_CmdReadSingleBlock)
    i.SDMMC_CmdSelDesel                      0x080039a6   Section        0  stm32f7xx_ll_sdmmc.o(i.SDMMC_CmdSelDesel)
    i.SDMMC_CmdSendCID                       0x080039e2   Section        0  stm32f7xx_ll_sdmmc.o(i.SDMMC_CmdSendCID)
    i.SDMMC_CmdSendCSD                       0x08003a16   Section        0  stm32f7xx_ll_sdmmc.o(i.SDMMC_CmdSendCSD)
    i.SDMMC_CmdSendStatus                    0x08003a4a   Section        0  stm32f7xx_ll_sdmmc.o(i.SDMMC_CmdSendStatus)
    i.SDMMC_CmdSetRelAdd                     0x08003a84   Section        0  stm32f7xx_ll_sdmmc.o(i.SDMMC_CmdSetRelAdd)
    i.SDMMC_CmdStopTransfer                  0x08003ac0   Section        0  stm32f7xx_ll_sdmmc.o(i.SDMMC_CmdStopTransfer)
    i.SDMMC_CmdWriteMultiBlock               0x08003afc   Section        0  stm32f7xx_ll_sdmmc.o(i.SDMMC_CmdWriteMultiBlock)
    i.SDMMC_CmdWriteSingleBlock              0x08003b36   Section        0  stm32f7xx_ll_sdmmc.o(i.SDMMC_CmdWriteSingleBlock)
    i.SDMMC_ConfigData                       0x08003b70   Section        0  stm32f7xx_ll_sdmmc.o(i.SDMMC_ConfigData)
    i.SDMMC_GetCmdError                      0x08003b9c   Section        0  stm32f7xx_ll_sdmmc.o(i.SDMMC_GetCmdError)
    SDMMC_GetCmdError                        0x08003b9d   Thumb Code    60  stm32f7xx_ll_sdmmc.o(i.SDMMC_GetCmdError)
    i.SDMMC_GetCmdResp1                      0x08003bdc   Section        0  stm32f7xx_ll_sdmmc.o(i.SDMMC_GetCmdResp1)
    SDMMC_GetCmdResp1                        0x08003bdd   Thumb Code   412  stm32f7xx_ll_sdmmc.o(i.SDMMC_GetCmdResp1)
    i.SDMMC_GetCmdResp2                      0x08003d80   Section        0  stm32f7xx_ll_sdmmc.o(i.SDMMC_GetCmdResp2)
    SDMMC_GetCmdResp2                        0x08003d81   Thumb Code    88  stm32f7xx_ll_sdmmc.o(i.SDMMC_GetCmdResp2)
    i.SDMMC_GetCmdResp3                      0x08003ddc   Section        0  stm32f7xx_ll_sdmmc.o(i.SDMMC_GetCmdResp3)
    SDMMC_GetCmdResp3                        0x08003ddd   Thumb Code    74  stm32f7xx_ll_sdmmc.o(i.SDMMC_GetCmdResp3)
    i.SDMMC_GetCmdResp6                      0x08003e2c   Section        0  stm32f7xx_ll_sdmmc.o(i.SDMMC_GetCmdResp6)
    SDMMC_GetCmdResp6                        0x08003e2d   Thumb Code   172  stm32f7xx_ll_sdmmc.o(i.SDMMC_GetCmdResp6)
    i.SDMMC_GetCmdResp7                      0x08003edc   Section        0  stm32f7xx_ll_sdmmc.o(i.SDMMC_GetCmdResp7)
    SDMMC_GetCmdResp7                        0x08003edd   Thumb Code    82  stm32f7xx_ll_sdmmc.o(i.SDMMC_GetCmdResp7)
    i.SDMMC_GetCommandResponse               0x08003f34   Section        0  stm32f7xx_ll_sdmmc.o(i.SDMMC_GetCommandResponse)
    i.SDMMC_GetPowerState                    0x08003f3c   Section        0  stm32f7xx_ll_sdmmc.o(i.SDMMC_GetPowerState)
    i.SDMMC_GetResponse                      0x08003f46   Section        0  stm32f7xx_ll_sdmmc.o(i.SDMMC_GetResponse)
    i.SDMMC_Init                             0x08003f5c   Section        0  stm32f7xx_ll_sdmmc.o(i.SDMMC_Init)
    i.SDMMC_PowerState_ON                    0x08003f90   Section        0  stm32f7xx_ll_sdmmc.o(i.SDMMC_PowerState_ON)
    i.SDMMC_ReadFIFO                         0x08003f9a   Section        0  stm32f7xx_ll_sdmmc.o(i.SDMMC_ReadFIFO)
    i.SDMMC_SendCommand                      0x08003fa2   Section        0  stm32f7xx_ll_sdmmc.o(i.SDMMC_SendCommand)
    i.SDMMC_WriteFIFO                        0x08003fca   Section        0  stm32f7xx_ll_sdmmc.o(i.SDMMC_WriteFIFO)
    i.SD_DMARxAbort                          0x08003fd6   Section        0  stm32f7xx_hal_sd.o(i.SD_DMARxAbort)
    SD_DMARxAbort                            0x08003fd7   Thumb Code    76  stm32f7xx_hal_sd.o(i.SD_DMARxAbort)
    i.SD_DMATxAbort                          0x08004022   Section        0  stm32f7xx_hal_sd.o(i.SD_DMATxAbort)
    SD_DMATxAbort                            0x08004023   Thumb Code    76  stm32f7xx_hal_sd.o(i.SD_DMATxAbort)
    i.SD_InitCard                            0x0800406e   Section        0  stm32f7xx_hal_sd.o(i.SD_InitCard)
    SD_InitCard                              0x0800406f   Thumb Code   252  stm32f7xx_hal_sd.o(i.SD_InitCard)
    i.SD_PowerON                             0x0800416a   Section        0  stm32f7xx_hal_sd.o(i.SD_PowerON)
    SD_PowerON                               0x0800416b   Thumb Code   238  stm32f7xx_hal_sd.o(i.SD_PowerON)
    i.SD_Read_IT                             0x08004258   Section        0  stm32f7xx_hal_sd.o(i.SD_Read_IT)
    SD_Read_IT                               0x08004259   Thumb Code    38  stm32f7xx_hal_sd.o(i.SD_Read_IT)
    i.SD_SendStatus                          0x0800427e   Section        0  stm32f7xx_hal_sd.o(i.SD_SendStatus)
    SD_SendStatus                            0x0800427f   Thumb Code    50  stm32f7xx_hal_sd.o(i.SD_SendStatus)
    i.SD_Write_IT                            0x080042b0   Section        0  stm32f7xx_hal_sd.o(i.SD_Write_IT)
    SD_Write_IT                              0x080042b1   Thumb Code    38  stm32f7xx_hal_sd.o(i.SD_Write_IT)
    i.SD_initialize                          0x080042d8   Section        0  sd_diskio.o(i.SD_initialize)
    i.SD_ioctl                               0x08004300   Section        0  sd_diskio.o(i.SD_ioctl)
    i.SD_read                                0x08004368   Section        0  sd_diskio.o(i.SD_read)
    i.SD_status                              0x080043b0   Section        0  sd_diskio.o(i.SD_status)
    i.SD_write                               0x080043d8   Section        0  sd_diskio.o(i.SD_write)
    i.SVC_Handler                            0x08004420   Section        0  stm32f7xx_it.o(i.SVC_Handler)
    i.SysTick_Handler                        0x08004422   Section        0  stm32f7xx_it.o(i.SysTick_Handler)
    i.SystemClock_Config                     0x08004430   Section        0  main.o(i.SystemClock_Config)
    i.SystemInit                             0x08004538   Section        0  system_stm32f7xx.o(i.SystemInit)
    i.UART_AdvFeatureConfig                  0x0800459c   Section        0  stm32f7xx_hal_uart.o(i.UART_AdvFeatureConfig)
    i.UART_CheckIdleState                    0x08004686   Section        0  stm32f7xx_hal_uart.o(i.UART_CheckIdleState)
    i.UART_DMAAbortOnError                   0x080046d4   Section        0  stm32f7xx_hal_uart.o(i.UART_DMAAbortOnError)
    UART_DMAAbortOnError                     0x080046d5   Thumb Code    24  stm32f7xx_hal_uart.o(i.UART_DMAAbortOnError)
    i.UART_EndRxTransfer                     0x080046ec   Section        0  stm32f7xx_hal_uart.o(i.UART_EndRxTransfer)
    UART_EndRxTransfer                       0x080046ed   Thumb Code    32  stm32f7xx_hal_uart.o(i.UART_EndRxTransfer)
    i.UART_EndTransmit_IT                    0x0800470c   Section        0  stm32f7xx_hal_uart.o(i.UART_EndTransmit_IT)
    UART_EndTransmit_IT                      0x0800470d   Thumb Code    32  stm32f7xx_hal_uart.o(i.UART_EndTransmit_IT)
    i.UART_Receive_IT                        0x0800472c   Section        0  stm32f7xx_hal_uart.o(i.UART_Receive_IT)
    UART_Receive_IT                          0x0800472d   Thumb Code   136  stm32f7xx_hal_uart.o(i.UART_Receive_IT)
    i.UART_SetConfig                         0x080047b4   Section        0  stm32f7xx_hal_uart.o(i.UART_SetConfig)
    i.UART_Transmit_IT                       0x08004b40   Section        0  stm32f7xx_hal_uart.o(i.UART_Transmit_IT)
    UART_Transmit_IT                         0x08004b41   Thumb Code   106  stm32f7xx_hal_uart.o(i.UART_Transmit_IT)
    i.UART_WaitOnFlagUntilTimeout            0x08004baa   Section        0  stm32f7xx_hal_uart.o(i.UART_WaitOnFlagUntilTimeout)
    i.USART1_IRQHandler                      0x08004c18   Section        0  stm32f7xx_it.o(i.USART1_IRQHandler)
    i._Error_Handler                         0x08004c28   Section        0  main.o(i._Error_Handler)
    i.__0printf                              0x08004c2c   Section        0  printfa.o(i.__0printf)
    i.__ARM_fpclassify                       0x08004c4c   Section        0  fpclassify.o(i.__ARM_fpclassify)
    i.__hardfp_exp                           0x08004c80   Section        0  exp.o(i.__hardfp_exp)
    i.__hardfp_exp2                          0x08004fd8   Section        0  exp2.o(i.__hardfp_exp2)
    i.__hardfp_ldexp                         0x08005160   Section        0  ldexp.o(i.__hardfp_ldexp)
    i.__hardfp_modf                          0x08005230   Section        0  modf.o(i.__hardfp_modf)
    i.__kernel_poly                          0x08005300   Section        0  poly.o(i.__kernel_poly)
    i.__mathlib_dbl_infnan                   0x080053f8   Section        0  dunder.o(i.__mathlib_dbl_infnan)
    i.__mathlib_dbl_overflow                 0x08005410   Section        0  dunder.o(i.__mathlib_dbl_overflow)
    i.__mathlib_dbl_underflow                0x08005430   Section        0  dunder.o(i.__mathlib_dbl_underflow)
    i.__scatterload_copy                     0x08005450   Section       14  handlers.o(i.__scatterload_copy)
    i.__scatterload_null                     0x0800545e   Section        2  handlers.o(i.__scatterload_null)
    i.__scatterload_zeroinit                 0x08005460   Section       14  handlers.o(i.__scatterload_zeroinit)
    i.__set_errno                            0x08005470   Section        0  errno.o(i.__set_errno)
    i._fp_digits                             0x0800547c   Section        0  printfa.o(i._fp_digits)
    _fp_digits                               0x0800547d   Thumb Code   366  printfa.o(i._fp_digits)
    i._printf_core                           0x08005600   Section        0  printfa.o(i._printf_core)
    _printf_core                             0x08005601   Thumb Code  1744  printfa.o(i._printf_core)
    i._printf_post_padding                   0x08005cdc   Section        0  printfa.o(i._printf_post_padding)
    _printf_post_padding                     0x08005cdd   Thumb Code    36  printfa.o(i._printf_post_padding)
    i._printf_pre_padding                    0x08005d00   Section        0  printfa.o(i._printf_pre_padding)
    _printf_pre_padding                      0x08005d01   Thumb Code    46  printfa.o(i._printf_pre_padding)
    i.check_fs                               0x08005d30   Section        0  ff.o(i.check_fs)
    check_fs                                 0x08005d31   Thumb Code   146  ff.o(i.check_fs)
    i.chk_chr                                0x08005dc8   Section        0  ff.o(i.chk_chr)
    chk_chr                                  0x08005dc9   Thumb Code    20  ff.o(i.chk_chr)
    i.chk_lock                               0x08005ddc   Section        0  ff.o(i.chk_lock)
    chk_lock                                 0x08005ddd   Thumb Code   140  ff.o(i.chk_lock)
    i.clear_lock                             0x08005e6c   Section        0  ff.o(i.clear_lock)
    clear_lock                               0x08005e6d   Thumb Code    42  ff.o(i.clear_lock)
    i.clmt_clust                             0x08005e9c   Section        0  ff.o(i.clmt_clust)
    clmt_clust                               0x08005e9d   Thumb Code    56  ff.o(i.clmt_clust)
    i.clust2sect                             0x08005ed4   Section        0  ff.o(i.clust2sect)
    i.cmp_lfn                                0x08005ef4   Section        0  ff.o(i.cmp_lfn)
    cmp_lfn                                  0x08005ef5   Thumb Code   138  ff.o(i.cmp_lfn)
    i.create_chain                           0x08005f84   Section        0  ff.o(i.create_chain)
    create_chain                             0x08005f85   Thumb Code   234  ff.o(i.create_chain)
    i.create_name                            0x08006070   Section        0  ff.o(i.create_name)
    create_name                              0x08006071   Thumb Code   534  ff.o(i.create_name)
    i.dec_lock                               0x080062a0   Section        0  ff.o(i.dec_lock)
    dec_lock                                 0x080062a1   Thumb Code    72  ff.o(i.dec_lock)
    i.dir_alloc                              0x080062ec   Section        0  ff.o(i.dir_alloc)
    dir_alloc                                0x080062ed   Thumb Code   100  ff.o(i.dir_alloc)
    i.dir_find                               0x08006350   Section        0  ff.o(i.dir_find)
    dir_find                                 0x08006351   Thumb Code   258  ff.o(i.dir_find)
    i.dir_next                               0x08006452   Section        0  ff.o(i.dir_next)
    dir_next                                 0x08006453   Thumb Code   346  ff.o(i.dir_next)
    i.dir_register                           0x080065ac   Section        0  ff.o(i.dir_register)
    dir_register                             0x080065ad   Thumb Code   330  ff.o(i.dir_register)
    i.dir_sdi                                0x080066f6   Section        0  ff.o(i.dir_sdi)
    dir_sdi                                  0x080066f7   Thumb Code   200  ff.o(i.dir_sdi)
    i.disk_initialize                        0x080067c0   Section        0  diskio.o(i.disk_initialize)
    i.disk_ioctl                             0x080067ec   Section        0  diskio.o(i.disk_ioctl)
    i.disk_read                              0x08006814   Section        0  diskio.o(i.disk_read)
    i.disk_status                            0x08006844   Section        0  diskio.o(i.disk_status)
    i.disk_write                             0x08006860   Section        0  diskio.o(i.disk_write)
    i.enq_lock                               0x08006890   Section        0  ff.o(i.enq_lock)
    enq_lock                                 0x08006891   Thumb Code    36  ff.o(i.enq_lock)
    i.exp                                    0x080068b8   Section        0  exp.o(i.exp)
    i.f_close                                0x080068c8   Section        0  ff.o(i.f_close)
    i.f_mount                                0x080068f8   Section        0  ff.o(i.f_mount)
    i.f_open                                 0x0800695c   Section        0  ff.o(i.f_open)
    i.f_read                                 0x08006b24   Section        0  ff.o(i.f_read)
    i.f_sync                                 0x08006d28   Section        0  ff.o(i.f_sync)
    i.f_write                                0x08006df2   Section        0  ff.o(i.f_write)
    i.ff_convert                             0x08007048   Section        0  unicode.o(i.ff_convert)
    i.ff_wtoupper                            0x08007094   Section        0  unicode.o(i.ff_wtoupper)
    i.find_volume                            0x080070cc   Section        0  ff.o(i.find_volume)
    find_volume                              0x080070cd   Thumb Code   970  ff.o(i.find_volume)
    i.fit_lfn                                0x080074a8   Section        0  ff.o(i.fit_lfn)
    fit_lfn                                  0x080074a9   Thumb Code   122  ff.o(i.fit_lfn)
    i.follow_path                            0x08007528   Section        0  ff.o(i.follow_path)
    follow_path                              0x08007529   Thumb Code   156  ff.o(i.follow_path)
    i.fputc                                  0x080075c4   Section        0  lk_stm32.o(i.fputc)
    i.free                                   0x080075e0   Section        0  malloc.o(i.free)
    i.gen_numname                            0x08007630   Section        0  ff.o(i.gen_numname)
    gen_numname                              0x08007631   Thumb Code   176  ff.o(i.gen_numname)
    i.get_fat                                0x080076e4   Section        0  ff.o(i.get_fat)
    i.get_fattime                            0x080077d2   Section        0  lk_fatfs.o(i.get_fattime)
    i.get_ldnumber                           0x080077d6   Section        0  ff.o(i.get_ldnumber)
    get_ldnumber                             0x080077d7   Thumb Code    72  ff.o(i.get_ldnumber)
    i.inc_lock                               0x08007820   Section        0  ff.o(i.inc_lock)
    inc_lock                                 0x08007821   Thumb Code   226  ff.o(i.inc_lock)
    i.ld_clust                               0x08007908   Section        0  ff.o(i.ld_clust)
    ld_clust                                 0x08007909   Thumb Code    34  ff.o(i.ld_clust)
    i.ldexp                                  0x0800792a   Section        0  ldexp.o(i.ldexp)
    i.main                                   0x0800793c   Section        0  main.o(i.main)
    i.malloc                                 0x080079c0   Section        0  malloc.o(i.malloc)
    i.maxofMatrix                            0x08007a2c   Section        0  lkml_math.o(i.maxofMatrix)
    i.mem_cmp                                0x08007a94   Section        0  ff.o(i.mem_cmp)
    mem_cmp                                  0x08007a95   Thumb Code    38  ff.o(i.mem_cmp)
    i.mem_cpy                                0x08007aba   Section        0  ff.o(i.mem_cpy)
    mem_cpy                                  0x08007abb   Thumb Code    26  ff.o(i.mem_cpy)
    i.mem_set                                0x08007ad4   Section        0  ff.o(i.mem_set)
    mem_set                                  0x08007ad5   Thumb Code    20  ff.o(i.mem_set)
    i.modf                                   0x08007ae8   Section        0  modf.o(i.modf)
    i.move_window                            0x08007afa   Section        0  ff.o(i.move_window)
    move_window                              0x08007afb   Thumb Code    56  ff.o(i.move_window)
    i.put_fat                                0x08007b32   Section        0  ff.o(i.put_fat)
    i.remove_chain                           0x08007c78   Section        0  ff.o(i.remove_chain)
    remove_chain                             0x08007c79   Thumb Code   122  ff.o(i.remove_chain)
    i.st_clust                               0x08007cf2   Section        0  ff.o(i.st_clust)
    st_clust                                 0x08007cf3   Thumb Code    16  ff.o(i.st_clust)
    i.sum_sfn                                0x08007d02   Section        0  ff.o(i.sum_sfn)
    sum_sfn                                  0x08007d03   Thumb Code    32  ff.o(i.sum_sfn)
    i.sync_fs                                0x08007d22   Section        0  ff.o(i.sync_fs)
    sync_fs                                  0x08007d23   Thumb Code   244  ff.o(i.sync_fs)
    i.sync_window                            0x08007e16   Section        0  ff.o(i.sync_window)
    sync_window                              0x08007e17   Thumb Code    96  ff.o(i.sync_window)
    i.testSD_UART                            0x08007e78   Section        0  lk_fatfs.o(i.testSD_UART)
    i.validate                               0x08007ecc   Section        0  ff.o(i.validate)
    validate                                 0x08007ecd   Thumb Code    66  ff.o(i.validate)
    .constdata                               0x08007f0e   Section      141  ff.o(.constdata)
    ExCvt                                    0x08007f0e   Data         128  ff.o(.constdata)
    LfnOfs                                   0x08007f8e   Data          13  ff.o(.constdata)
    .constdata                               0x08007f9c   Section       20  sd_diskio.o(.constdata)
    .constdata                               0x08007fb0   Section     1216  unicode.o(.constdata)
    Tbl                                      0x08007fb0   Data         256  unicode.o(.constdata)
    tbl_lower                                0x080080b0   Data         480  unicode.o(.constdata)
    tbl_upper                                0x08008290   Data         480  unicode.o(.constdata)
    .constdata                               0x08008470   Section       24  system_stm32f7xx.o(.constdata)
    .constdata                               0x08008488   Section       88  exp.o(.constdata)
    halF                                     0x08008488   Data          16  exp.o(.constdata)
    ln2HI                                    0x08008498   Data          16  exp.o(.constdata)
    ln2LO                                    0x080084a8   Data          16  exp.o(.constdata)
    P                                        0x080084b8   Data          40  exp.o(.constdata)
    .data                                    0x20000000   Section        5  lk_fatfs.o(.data)
    .data                                    0x20000008   Section        4  stm32f7xx_hal.o(.data)
    .data                                    0x2000000c   Section        6  ff.o(.data)
    FatFs                                    0x2000000c   Data           4  ff.o(.data)
    Fsid                                     0x20000010   Data           2  ff.o(.data)
    .data                                    0x20000012   Section        1  sd_diskio.o(.data)
    Stat                                     0x20000012   Data           1  sd_diskio.o(.data)
    .data                                    0x20000014   Section        4  system_stm32f7xx.o(.data)
    .data                                    0x20000018   Section        4  stdout.o(.data)
    .data                                    0x2000001c   Section        4  mvars.o(.data)
    .data                                    0x20000020   Section        4  mvars.o(.data)
    .data                                    0x20000024   Section        4  errno.o(.data)
    _errno                                   0x20000024   Data           4  errno.o(.data)
    .bss                                     0x20000028   Section      132  main.o(.bss)
    .bss                                     0x200000ac   Section      560  lk_fatfs.o(.bss)
    .bss                                     0x200002dc   Section      112  lk_stm32.o(.bss)
    .bss                                     0x2000034c   Section      632  ff.o(.bss)
    Files                                    0x2000034c   Data         120  ff.o(.bss)
    LfnBuf                                   0x200003c4   Data         512  ff.o(.bss)
    .bss                                     0x200005c4   Section       12  ff_gen_drv.o(.bss)
    HEAP                                     0x200005d0   Section    32768  startup_stm32f746xx.o(HEAP)
    STACK                                    0x200085d0   Section    61440  startup_stm32f746xx.o(STACK)

    Global Symbols

    Symbol Name                              Value     Ov Type        Size  Object(Section)

    BuildAttributes$$THM_ISAv4$E$P$D$K$B$S$7EM$VFPi5$EXTD16$VFPS$VFMA$PE$PLD8$A:L22UL41UL21$X:L11$S22US41US21$IEEE1$IW$USESV6$~STKCKD$USESV7$~SHL$OTIME$ROPI$IEEEX$EBA8$MICROLIB$REQ8$PRES8$EABIv2 0x00000000   Number         0  anon$$obj.o ABSOLUTE
    __ARM_use_no_argv                        0x00000000   Number         0  main.o ABSOLUTE
    _printf_a                                0x00000000   Number         0  stubs.o ABSOLUTE
    _printf_c                                0x00000000   Number         0  stubs.o ABSOLUTE
    _printf_charcount                        0x00000000   Number         0  stubs.o ABSOLUTE
    _printf_d                                0x00000000   Number         0  stubs.o ABSOLUTE
    _printf_e                                0x00000000   Number         0  stubs.o ABSOLUTE
    _printf_f                                0x00000000   Number         0  stubs.o ABSOLUTE
    _printf_flags                            0x00000000   Number         0  stubs.o ABSOLUTE
    _printf_fp_dec                           0x00000000   Number         0  stubs.o ABSOLUTE
    _printf_fp_hex                           0x00000000   Number         0  stubs.o ABSOLUTE
    _printf_g                                0x00000000   Number         0  stubs.o ABSOLUTE
    _printf_i                                0x00000000   Number         0  stubs.o ABSOLUTE
    _printf_int_dec                          0x00000000   Number         0  stubs.o ABSOLUTE
    _printf_l                                0x00000000   Number         0  stubs.o ABSOLUTE
    _printf_lc                               0x00000000   Number         0  stubs.o ABSOLUTE
    _printf_ll                               0x00000000   Number         0  stubs.o ABSOLUTE
    _printf_lld                              0x00000000   Number         0  stubs.o ABSOLUTE
    _printf_lli                              0x00000000   Number         0  stubs.o ABSOLUTE
    _printf_llo                              0x00000000   Number         0  stubs.o ABSOLUTE
    _printf_llu                              0x00000000   Number         0  stubs.o ABSOLUTE
    _printf_llx                              0x00000000   Number         0  stubs.o ABSOLUTE
    _printf_longlong_dec                     0x00000000   Number         0  stubs.o ABSOLUTE
    _printf_longlong_hex                     0x00000000   Number         0  stubs.o ABSOLUTE
    _printf_longlong_oct                     0x00000000   Number         0  stubs.o ABSOLUTE
    _printf_ls                               0x00000000   Number         0  stubs.o ABSOLUTE
    _printf_mbtowc                           0x00000000   Number         0  stubs.o ABSOLUTE
    _printf_n                                0x00000000   Number         0  stubs.o ABSOLUTE
    _printf_o                                0x00000000   Number         0  stubs.o ABSOLUTE
    _printf_p                                0x00000000   Number         0  stubs.o ABSOLUTE
    _printf_percent                          0x00000000   Number         0  stubs.o ABSOLUTE
    _printf_pre_padding                      0x00000000   Number         0  stubs.o ABSOLUTE
    _printf_return_value                     0x00000000   Number         0  stubs.o ABSOLUTE
    _printf_s                                0x00000000   Number         0  stubs.o ABSOLUTE
    _printf_sizespec                         0x00000000   Number         0  stubs.o ABSOLUTE
    _printf_str                              0x00000000   Number         0  stubs.o ABSOLUTE
    _printf_truncate_signed                  0x00000000   Number         0  stubs.o ABSOLUTE
    _printf_truncate_unsigned                0x00000000   Number         0  stubs.o ABSOLUTE
    _printf_u                                0x00000000   Number         0  stubs.o ABSOLUTE
    _printf_wc                               0x00000000   Number         0  stubs.o ABSOLUTE
    _printf_wctomb                           0x00000000   Number         0  stubs.o ABSOLUTE
    _printf_widthprec                        0x00000000   Number         0  stubs.o ABSOLUTE
    _printf_x                                0x00000000   Number         0  stubs.o ABSOLUTE
    __cpp_initialize__aeabi_                  - Undefined Weak Reference
    __cxa_finalize                            - Undefined Weak Reference
    __decompress                              - Undefined Weak Reference
    _clock_init                               - Undefined Weak Reference
    _microlib_exit                            - Undefined Weak Reference
    __Vectors_Size                           0x000001c8   Number         0  startup_stm32f746xx.o ABSOLUTE
    __Vectors                                0x08000000   Data           4  startup_stm32f746xx.o(RESET)
    __Vectors_End                            0x080001c8   Data           0  startup_stm32f746xx.o(RESET)
    __main                                   0x080001c9   Thumb Code     0  entry.o(.ARM.Collect$$$$00000000)
    _main_stk                                0x080001c9   Thumb Code     0  entry2.o(.ARM.Collect$$$$00000001)
    _main_scatterload                        0x080001cd   Thumb Code     0  entry5.o(.ARM.Collect$$$$00000004)
    __main_after_scatterload                 0x080001d1   Thumb Code     0  entry5.o(.ARM.Collect$$$$00000004)
    _main_clock                              0x080001d1   Thumb Code     0  entry7b.o(.ARM.Collect$$$$00000008)
    _main_cpp_init                           0x080001d1   Thumb Code     0  entry8b.o(.ARM.Collect$$$$0000000A)
    _main_init                               0x080001d1   Thumb Code     0  entry9a.o(.ARM.Collect$$$$0000000B)
    __rt_final_cpp                           0x080001d9   Thumb Code     0  entry10a.o(.ARM.Collect$$$$0000000D)
    __rt_final_exit                          0x080001d9   Thumb Code     0  entry11a.o(.ARM.Collect$$$$0000000F)
    Reset_Handler                            0x080001dd   Thumb Code     8  startup_stm32f746xx.o(.text)
    NMI_Handler                              0x080001e5   Thumb Code     2  startup_stm32f746xx.o(.text)
    HardFault_Handler                        0x080001e7   Thumb Code     2  startup_stm32f746xx.o(.text)
    MemManage_Handler                        0x080001e9   Thumb Code     2  startup_stm32f746xx.o(.text)
    BusFault_Handler                         0x080001eb   Thumb Code     2  startup_stm32f746xx.o(.text)
    UsageFault_Handler                       0x080001ed   Thumb Code     2  startup_stm32f746xx.o(.text)
    DebugMon_Handler                         0x080001f1   Thumb Code     2  startup_stm32f746xx.o(.text)
    ADC_IRQHandler                           0x080001f7   Thumb Code     0  startup_stm32f746xx.o(.text)
    CAN1_RX0_IRQHandler                      0x080001f7   Thumb Code     0  startup_stm32f746xx.o(.text)
    CAN1_RX1_IRQHandler                      0x080001f7   Thumb Code     0  startup_stm32f746xx.o(.text)
    CAN1_SCE_IRQHandler                      0x080001f7   Thumb Code     0  startup_stm32f746xx.o(.text)
    CAN1_TX_IRQHandler                       0x080001f7   Thumb Code     0  startup_stm32f746xx.o(.text)
    CAN2_RX0_IRQHandler                      0x080001f7   Thumb Code     0  startup_stm32f746xx.o(.text)
    CAN2_RX1_IRQHandler                      0x080001f7   Thumb Code     0  startup_stm32f746xx.o(.text)
    CAN2_SCE_IRQHandler                      0x080001f7   Thumb Code     0  startup_stm32f746xx.o(.text)
    CAN2_TX_IRQHandler                       0x080001f7   Thumb Code     0  startup_stm32f746xx.o(.text)
    CEC_IRQHandler                           0x080001f7   Thumb Code     0  startup_stm32f746xx.o(.text)
    DCMI_IRQHandler                          0x080001f7   Thumb Code     0  startup_stm32f746xx.o(.text)
    DMA1_Stream0_IRQHandler                  0x080001f7   Thumb Code     0  startup_stm32f746xx.o(.text)
    DMA1_Stream1_IRQHandler                  0x080001f7   Thumb Code     0  startup_stm32f746xx.o(.text)
    DMA1_Stream2_IRQHandler                  0x080001f7   Thumb Code     0  startup_stm32f746xx.o(.text)
    DMA1_Stream3_IRQHandler                  0x080001f7   Thumb Code     0  startup_stm32f746xx.o(.text)
    DMA1_Stream4_IRQHandler                  0x080001f7   Thumb Code     0  startup_stm32f746xx.o(.text)
    DMA1_Stream5_IRQHandler                  0x080001f7   Thumb Code     0  startup_stm32f746xx.o(.text)
    DMA1_Stream6_IRQHandler                  0x080001f7   Thumb Code     0  startup_stm32f746xx.o(.text)
    DMA1_Stream7_IRQHandler                  0x080001f7   Thumb Code     0  startup_stm32f746xx.o(.text)
    DMA2D_IRQHandler                         0x080001f7   Thumb Code     0  startup_stm32f746xx.o(.text)
    DMA2_Stream0_IRQHandler                  0x080001f7   Thumb Code     0  startup_stm32f746xx.o(.text)
    DMA2_Stream1_IRQHandler                  0x080001f7   Thumb Code     0  startup_stm32f746xx.o(.text)
    DMA2_Stream2_IRQHandler                  0x080001f7   Thumb Code     0  startup_stm32f746xx.o(.text)
    DMA2_Stream3_IRQHandler                  0x080001f7   Thumb Code     0  startup_stm32f746xx.o(.text)
    DMA2_Stream4_IRQHandler                  0x080001f7   Thumb Code     0  startup_stm32f746xx.o(.text)
    DMA2_Stream5_IRQHandler                  0x080001f7   Thumb Code     0  startup_stm32f746xx.o(.text)
    DMA2_Stream6_IRQHandler                  0x080001f7   Thumb Code     0  startup_stm32f746xx.o(.text)
    DMA2_Stream7_IRQHandler                  0x080001f7   Thumb Code     0  startup_stm32f746xx.o(.text)
    ETH_IRQHandler                           0x080001f7   Thumb Code     0  startup_stm32f746xx.o(.text)
    ETH_WKUP_IRQHandler                      0x080001f7   Thumb Code     0  startup_stm32f746xx.o(.text)
    EXTI0_IRQHandler                         0x080001f7   Thumb Code     0  startup_stm32f746xx.o(.text)
    EXTI15_10_IRQHandler                     0x080001f7   Thumb Code     0  startup_stm32f746xx.o(.text)
    EXTI1_IRQHandler                         0x080001f7   Thumb Code     0  startup_stm32f746xx.o(.text)
    EXTI2_IRQHandler                         0x080001f7   Thumb Code     0  startup_stm32f746xx.o(.text)
    EXTI3_IRQHandler                         0x080001f7   Thumb Code     0  startup_stm32f746xx.o(.text)
    EXTI4_IRQHandler                         0x080001f7   Thumb Code     0  startup_stm32f746xx.o(.text)
    EXTI9_5_IRQHandler                       0x080001f7   Thumb Code     0  startup_stm32f746xx.o(.text)
    FLASH_IRQHandler                         0x080001f7   Thumb Code     0  startup_stm32f746xx.o(.text)
    FMC_IRQHandler                           0x080001f7   Thumb Code     0  startup_stm32f746xx.o(.text)
    FPU_IRQHandler                           0x080001f7   Thumb Code     0  startup_stm32f746xx.o(.text)
    I2C1_ER_IRQHandler                       0x080001f7   Thumb Code     0  startup_stm32f746xx.o(.text)
    I2C1_EV_IRQHandler                       0x080001f7   Thumb Code     0  startup_stm32f746xx.o(.text)
    I2C2_ER_IRQHandler                       0x080001f7   Thumb Code     0  startup_stm32f746xx.o(.text)
    I2C2_EV_IRQHandler                       0x080001f7   Thumb Code     0  startup_stm32f746xx.o(.text)
    I2C3_ER_IRQHandler                       0x080001f7   Thumb Code     0  startup_stm32f746xx.o(.text)
    I2C3_EV_IRQHandler                       0x080001f7   Thumb Code     0  startup_stm32f746xx.o(.text)
    I2C4_ER_IRQHandler                       0x080001f7   Thumb Code     0  startup_stm32f746xx.o(.text)
    I2C4_EV_IRQHandler                       0x080001f7   Thumb Code     0  startup_stm32f746xx.o(.text)
    LPTIM1_IRQHandler                        0x080001f7   Thumb Code     0  startup_stm32f746xx.o(.text)
    LTDC_ER_IRQHandler                       0x080001f7   Thumb Code     0  startup_stm32f746xx.o(.text)
    LTDC_IRQHandler                          0x080001f7   Thumb Code     0  startup_stm32f746xx.o(.text)
    OTG_FS_IRQHandler                        0x080001f7   Thumb Code     0  startup_stm32f746xx.o(.text)
    OTG_FS_WKUP_IRQHandler                   0x080001f7   Thumb Code     0  startup_stm32f746xx.o(.text)
    OTG_HS_EP1_IN_IRQHandler                 0x080001f7   Thumb Code     0  startup_stm32f746xx.o(.text)
    OTG_HS_EP1_OUT_IRQHandler                0x080001f7   Thumb Code     0  startup_stm32f746xx.o(.text)
    OTG_HS_IRQHandler                        0x080001f7   Thumb Code     0  startup_stm32f746xx.o(.text)
    OTG_HS_WKUP_IRQHandler                   0x080001f7   Thumb Code     0  startup_stm32f746xx.o(.text)
    PVD_IRQHandler                           0x080001f7   Thumb Code     0  startup_stm32f746xx.o(.text)
    QUADSPI_IRQHandler                       0x080001f7   Thumb Code     0  startup_stm32f746xx.o(.text)
    RCC_IRQHandler                           0x080001f7   Thumb Code     0  startup_stm32f746xx.o(.text)
    RNG_IRQHandler                           0x080001f7   Thumb Code     0  startup_stm32f746xx.o(.text)
    RTC_Alarm_IRQHandler                     0x080001f7   Thumb Code     0  startup_stm32f746xx.o(.text)
    RTC_WKUP_IRQHandler                      0x080001f7   Thumb Code     0  startup_stm32f746xx.o(.text)
    SAI1_IRQHandler                          0x080001f7   Thumb Code     0  startup_stm32f746xx.o(.text)
    SAI2_IRQHandler                          0x080001f7   Thumb Code     0  startup_stm32f746xx.o(.text)
    SPDIF_RX_IRQHandler                      0x080001f7   Thumb Code     0  startup_stm32f746xx.o(.text)
    SPI1_IRQHandler                          0x080001f7   Thumb Code     0  startup_stm32f746xx.o(.text)
    SPI2_IRQHandler                          0x080001f7   Thumb Code     0  startup_stm32f746xx.o(.text)
    SPI3_IRQHandler                          0x080001f7   Thumb Code     0  startup_stm32f746xx.o(.text)
    SPI4_IRQHandler                          0x080001f7   Thumb Code     0  startup_stm32f746xx.o(.text)
    SPI5_IRQHandler                          0x080001f7   Thumb Code     0  startup_stm32f746xx.o(.text)
    SPI6_IRQHandler                          0x080001f7   Thumb Code     0  startup_stm32f746xx.o(.text)
    TAMP_STAMP_IRQHandler                    0x080001f7   Thumb Code     0  startup_stm32f746xx.o(.text)
    TIM1_BRK_TIM9_IRQHandler                 0x080001f7   Thumb Code     0  startup_stm32f746xx.o(.text)
    TIM1_CC_IRQHandler                       0x080001f7   Thumb Code     0  startup_stm32f746xx.o(.text)
    TIM1_TRG_COM_TIM11_IRQHandler            0x080001f7   Thumb Code     0  startup_stm32f746xx.o(.text)
    TIM1_UP_TIM10_IRQHandler                 0x080001f7   Thumb Code     0  startup_stm32f746xx.o(.text)
    TIM2_IRQHandler                          0x080001f7   Thumb Code     0  startup_stm32f746xx.o(.text)
    TIM3_IRQHandler                          0x080001f7   Thumb Code     0  startup_stm32f746xx.o(.text)
    TIM4_IRQHandler                          0x080001f7   Thumb Code     0  startup_stm32f746xx.o(.text)
    TIM5_IRQHandler                          0x080001f7   Thumb Code     0  startup_stm32f746xx.o(.text)
    TIM6_DAC_IRQHandler                      0x080001f7   Thumb Code     0  startup_stm32f746xx.o(.text)
    TIM7_IRQHandler                          0x080001f7   Thumb Code     0  startup_stm32f746xx.o(.text)
    TIM8_BRK_TIM12_IRQHandler                0x080001f7   Thumb Code     0  startup_stm32f746xx.o(.text)
    TIM8_CC_IRQHandler                       0x080001f7   Thumb Code     0  startup_stm32f746xx.o(.text)
    TIM8_TRG_COM_TIM14_IRQHandler            0x080001f7   Thumb Code     0  startup_stm32f746xx.o(.text)
    TIM8_UP_TIM13_IRQHandler                 0x080001f7   Thumb Code     0  startup_stm32f746xx.o(.text)
    UART4_IRQHandler                         0x080001f7   Thumb Code     0  startup_stm32f746xx.o(.text)
    UART5_IRQHandler                         0x080001f7   Thumb Code     0  startup_stm32f746xx.o(.text)
    UART7_IRQHandler                         0x080001f7   Thumb Code     0  startup_stm32f746xx.o(.text)
    UART8_IRQHandler                         0x080001f7   Thumb Code     0  startup_stm32f746xx.o(.text)
    USART2_IRQHandler                        0x080001f7   Thumb Code     0  startup_stm32f746xx.o(.text)
    USART3_IRQHandler                        0x080001f7   Thumb Code     0  startup_stm32f746xx.o(.text)
    USART6_IRQHandler                        0x080001f7   Thumb Code     0  startup_stm32f746xx.o(.text)
    WWDG_IRQHandler                          0x080001f7   Thumb Code     0  startup_stm32f746xx.o(.text)
    __aeabi_memset                           0x08000201   Thumb Code    14  memseta.o(.text)
    __aeabi_memset4                          0x08000201   Thumb Code     0  memseta.o(.text)
    __aeabi_memset8                          0x08000201   Thumb Code     0  memseta.o(.text)
    __aeabi_memclr                           0x0800020f   Thumb Code     4  memseta.o(.text)
    __aeabi_memclr4                          0x0800020f   Thumb Code     0  memseta.o(.text)
    __aeabi_memclr8                          0x0800020f   Thumb Code     0  memseta.o(.text)
    _memset$wrapper                          0x08000213   Thumb Code    18  memseta.o(.text)
    __aeabi_dadd                             0x08000225   Thumb Code   322  dadd.o(.text)
    __aeabi_dsub                             0x08000367   Thumb Code     6  dadd.o(.text)
    __aeabi_drsub                            0x0800036d   Thumb Code     6  dadd.o(.text)
    __aeabi_dmul                             0x08000373   Thumb Code   228  dmul.o(.text)
    __aeabi_ddiv                             0x08000457   Thumb Code   222  ddiv.o(.text)
    __aeabi_cdrcmple                         0x08000535   Thumb Code    48  cdrcmple.o(.text)
    __aeabi_uidiv                            0x08000565   Thumb Code     0  uidiv.o(.text)
    __aeabi_uidivmod                         0x08000565   Thumb Code    44  uidiv.o(.text)
    __aeabi_uldivmod                         0x08000591   Thumb Code    98  uldiv.o(.text)
    __aeabi_llsl                             0x080005f3   Thumb Code    30  llshl.o(.text)
    _ll_shift_l                              0x080005f3   Thumb Code     0  llshl.o(.text)
    __aeabi_lasr                             0x08000611   Thumb Code    36  llsshr.o(.text)
    _ll_sshift_r                             0x08000611   Thumb Code     0  llsshr.o(.text)
    __I$use$fp                               0x08000635   Thumb Code     0  iusefp.o(.text)
    _double_round                            0x08000635   Thumb Code    30  depilogue.o(.text)
    _double_epilogue                         0x08000653   Thumb Code   156  depilogue.o(.text)
    __aeabi_i2d                              0x080006ef   Thumb Code    34  dflti.o(.text)
    __aeabi_d2iz                             0x08000711   Thumb Code    62  dfixi.o(.text)
    __aeabi_d2ulz                            0x0800074f   Thumb Code    48  dfixul.o(.text)
    __aeabi_cdcmpeq                          0x08000781   Thumb Code     0  cdcmple.o(.text)
    __aeabi_cdcmple                          0x08000781   Thumb Code    48  cdcmple.o(.text)
    __scatterload                            0x080007b1   Thumb Code    28  init.o(.text)
    __scatterload_rt2                        0x080007b1   Thumb Code     0  init.o(.text)
    __aeabi_llsr                             0x080007d5   Thumb Code    32  llushr.o(.text)
    _ll_ushift_r                             0x080007d5   Thumb Code     0  llushr.o(.text)
    __ARM_scalbn                             0x080007f5   Thumb Code    46  dscalb.o(.text)
    scalbn                                   0x080007f5   Thumb Code     0  dscalb.o(.text)
    BSP_SD_GetCardInfo                       0x08000825   Thumb Code    14  bsp_driver_sd.o(i.BSP_SD_GetCardInfo)
    BSP_SD_GetCardState                      0x08000839   Thumb Code    20  bsp_driver_sd.o(i.BSP_SD_GetCardState)
    BSP_SD_Init                              0x08000851   Thumb Code    28  bsp_driver_sd.o(i.BSP_SD_Init)
    BSP_SD_IsDetected                        0x08000871   Thumb Code    12  bsp_driver_sd.o(i.BSP_SD_IsDetected)
    BSP_SD_ReadBlocks                        0x0800087d   Thumb Code    42  bsp_driver_sd.o(i.BSP_SD_ReadBlocks)
    BSP_SD_WriteBlocks                       0x080008ad   Thumb Code    42  bsp_driver_sd.o(i.BSP_SD_WriteBlocks)
    FATFS_LinkDriver                         0x080008dd   Thumb Code    18  ff_gen_drv.o(i.FATFS_LinkDriver)
    FATFS_LinkDriverEx                       0x080008f1   Thumb Code    78  ff_gen_drv.o(i.FATFS_LinkDriverEx)
    HAL_DMA_Abort_IT                         0x08000945   Thumb Code    40  stm32f7xx_hal_dma.o(i.HAL_DMA_Abort_IT)
    HAL_Delay                                0x0800096d   Thumb Code    26  stm32f7xx_hal.o(i.HAL_Delay)
    HAL_GPIO_Init                            0x08000989   Thumb Code   484  stm32f7xx_hal_gpio.o(i.HAL_GPIO_Init)
    HAL_GetTick                              0x08000ba1   Thumb Code     6  stm32f7xx_hal.o(i.HAL_GetTick)
    HAL_IncTick                              0x08000bad   Thumb Code    12  stm32f7xx_hal.o(i.HAL_IncTick)
    HAL_Init                                 0x08000bbd   Thumb Code    22  stm32f7xx_hal.o(i.HAL_Init)
    HAL_InitTick                             0x08000bd5   Thumb Code    36  stm32f7xx_hal.o(i.HAL_InitTick)
    HAL_MspInit                              0x08000bfd   Thumb Code    86  stm32f7xx_hal_msp.o(i.HAL_MspInit)
    HAL_NVIC_EnableIRQ                       0x08000c53   Thumb Code    26  stm32f7xx_hal_cortex.o(i.HAL_NVIC_EnableIRQ)
    HAL_NVIC_SetPriority                     0x08000c6d   Thumb Code   124  stm32f7xx_hal_cortex.o(i.HAL_NVIC_SetPriority)
    HAL_NVIC_SetPriorityGrouping             0x08000ce9   Thumb Code    32  stm32f7xx_hal_cortex.o(i.HAL_NVIC_SetPriorityGrouping)
    HAL_PWREx_EnableOverDrive                0x08000d11   Thumb Code   136  stm32f7xx_hal_pwr_ex.o(i.HAL_PWREx_EnableOverDrive)
    HAL_RCCEx_PeriphCLKConfig                0x08000da1   Thumb Code  2322  stm32f7xx_hal_rcc_ex.o(i.HAL_RCCEx_PeriphCLKConfig)
    HAL_RCC_ClockConfig                      0x080016b9   Thumb Code   420  stm32f7xx_hal_rcc.o(i.HAL_RCC_ClockConfig)
    HAL_RCC_GetHCLKFreq                      0x0800186d   Thumb Code     6  stm32f7xx_hal_rcc.o(i.HAL_RCC_GetHCLKFreq)
    HAL_RCC_GetPCLK1Freq                     0x08001879   Thumb Code    36  stm32f7xx_hal_rcc.o(i.HAL_RCC_GetPCLK1Freq)
    HAL_RCC_GetPCLK2Freq                     0x080018a5   Thumb Code    36  stm32f7xx_hal_rcc.o(i.HAL_RCC_GetPCLK2Freq)
    HAL_RCC_GetSysClockFreq                  0x080018d1   Thumb Code   168  stm32f7xx_hal_rcc.o(i.HAL_RCC_GetSysClockFreq)
    HAL_RCC_OscConfig                        0x08001985   Thumb Code  1252  stm32f7xx_hal_rcc.o(i.HAL_RCC_OscConfig)
    HAL_SD_AbortCallback                     0x08001e6d   Thumb Code     2  stm32f7xx_hal_sd.o(i.HAL_SD_AbortCallback)
    HAL_SD_ErrorCallback                     0x08001e6f   Thumb Code     2  stm32f7xx_hal_sd.o(i.HAL_SD_ErrorCallback)
    HAL_SD_GetCardCSD                        0x08001e71   Thumb Code   496  stm32f7xx_hal_sd.o(i.HAL_SD_GetCardCSD)
    HAL_SD_GetCardInfo                       0x08002061   Thumb Code    38  stm32f7xx_hal_sd.o(i.HAL_SD_GetCardInfo)
    HAL_SD_GetCardState                      0x08002087   Thumb Code    40  stm32f7xx_hal_sd.o(i.HAL_SD_GetCardState)
    HAL_SD_IRQHandler                        0x080020b1   Thumb Code   480  stm32f7xx_hal_sd.o(i.HAL_SD_IRQHandler)
    HAL_SD_Init                              0x08002299   Thumb Code    54  stm32f7xx_hal_sd.o(i.HAL_SD_Init)
    HAL_SD_InitCard                          0x080022cf   Thumb Code   136  stm32f7xx_hal_sd.o(i.HAL_SD_InitCard)
    HAL_SD_MspInit                           0x08002359   Thumb Code   120  stm32f7xx_hal_msp.o(i.HAL_SD_MspInit)
    HAL_SD_ReadBlocks                        0x080023e1   Thumb Code   586  stm32f7xx_hal_sd.o(i.HAL_SD_ReadBlocks)
    HAL_SD_RxCpltCallback                    0x0800262b   Thumb Code     2  stm32f7xx_hal_sd.o(i.HAL_SD_RxCpltCallback)
    HAL_SD_TxCpltCallback                    0x0800262d   Thumb Code     2  stm32f7xx_hal_sd.o(i.HAL_SD_TxCpltCallback)
    HAL_SD_WriteBlocks                       0x0800262f   Thumb Code   514  stm32f7xx_hal_sd.o(i.HAL_SD_WriteBlocks)
    HAL_SYSTICK_CLKSourceConfig              0x08002831   Thumb Code    40  stm32f7xx_hal_cortex.o(i.HAL_SYSTICK_CLKSourceConfig)
    HAL_SYSTICK_Callback                     0x08002859   Thumb Code     2  stm32f7xx_hal_cortex.o(i.HAL_SYSTICK_Callback)
    HAL_SYSTICK_Config                       0x0800285b   Thumb Code    52  stm32f7xx_hal_cortex.o(i.HAL_SYSTICK_Config)
    HAL_SYSTICK_IRQHandler                   0x0800288f   Thumb Code     8  stm32f7xx_hal_cortex.o(i.HAL_SYSTICK_IRQHandler)
    HAL_UART_ErrorCallback                   0x08002897   Thumb Code     2  stm32f7xx_hal_uart.o(i.HAL_UART_ErrorCallback)
    HAL_UART_IRQHandler                      0x08002899   Thumb Code   348  stm32f7xx_hal_uart.o(i.HAL_UART_IRQHandler)
    HAL_UART_Init                            0x080029f9   Thumb Code   120  stm32f7xx_hal_uart.o(i.HAL_UART_Init)
    HAL_UART_MspInit                         0x08002a71   Thumb Code   120  stm32f7xx_hal_msp.o(i.HAL_UART_MspInit)
    HAL_UART_RxCpltCallback                  0x08002af9   Thumb Code     2  stm32f7xx_hal_uart.o(i.HAL_UART_RxCpltCallback)
    HAL_UART_Transmit                        0x08002afb   Thumb Code   198  stm32f7xx_hal_uart.o(i.HAL_UART_Transmit)
    HAL_UART_TxCpltCallback                  0x08002bc1   Thumb Code     2  stm32f7xx_hal_uart.o(i.HAL_UART_TxCpltCallback)
    LK_FATFS_Init                            0x08002bc5   Thumb Code   152  lk_fatfs.o(i.LK_FATFS_Init)
    LK_Pooling_Max                           0x08002c7d   Thumb Code   248  lkml_math.o(i.LK_Pooling_Max)
    LK_ReLu                                  0x08002d7d   Thumb Code    30  lkml_math.o(i.LK_ReLu)
    LK_Softmax                               0x08002d9d   Thumb Code   128  lkml_math.o(i.LK_Softmax)
    LK_UART                                  0x08002e25   Thumb Code    32  lk_stm32.o(i.LK_UART)
    LK_ZeroCenter                            0x08002e45   Thumb Code    64  lkml_math.o(i.LK_ZeroCenter)
    LK_convolutional2D                       0x08002e85   Thumb Code   240  lkml_math.o(i.LK_convolutional2D)
    LK_matrix_multpile                       0x08002f7d   Thumb Code   188  lkml_math.o(i.LK_matrix_multpile)
    MX_USART1_UART_Init                      0x080030e9   Thumb Code    60  lk_stm32.o(i.MX_USART1_UART_Init)
    Model_CNN_ICRSF                          0x08003141   Thumb Code  1410  main.o(i.Model_CNN_ICRSF)
    PendSV_Handler                           0x08003735   Thumb Code     2  stm32f7xx_it.o(i.PendSV_Handler)
    ReLU_1                                   0x08003739   Thumb Code    46  lkml_math.o(i.ReLU_1)
    SDMMC1_IRQHandler                        0x0800380d   Thumb Code    10  stm32f7xx_it.o(i.SDMMC1_IRQHandler)
    SDMMC_CmdAppCommand                      0x0800381d   Thumb Code    58  stm32f7xx_ll_sdmmc.o(i.SDMMC_CmdAppCommand)
    SDMMC_CmdAppOperCommand                  0x08003859   Thumb Code    56  stm32f7xx_ll_sdmmc.o(i.SDMMC_CmdAppOperCommand)
    SDMMC_CmdBlockLength                     0x08003895   Thumb Code    58  stm32f7xx_ll_sdmmc.o(i.SDMMC_CmdBlockLength)
    SDMMC_CmdGoIdleState                     0x080038cf   Thumb Code    46  stm32f7xx_ll_sdmmc.o(i.SDMMC_CmdGoIdleState)
    SDMMC_CmdOperCond                        0x080038fd   Thumb Code    54  stm32f7xx_ll_sdmmc.o(i.SDMMC_CmdOperCond)
    SDMMC_CmdReadMultiBlock                  0x08003933   Thumb Code    58  stm32f7xx_ll_sdmmc.o(i.SDMMC_CmdReadMultiBlock)
    SDMMC_CmdReadSingleBlock                 0x0800396d   Thumb Code    58  stm32f7xx_ll_sdmmc.o(i.SDMMC_CmdReadSingleBlock)
    SDMMC_CmdSelDesel                        0x080039a7   Thumb Code    60  stm32f7xx_ll_sdmmc.o(i.SDMMC_CmdSelDesel)
    SDMMC_CmdSendCID                         0x080039e3   Thumb Code    52  stm32f7xx_ll_sdmmc.o(i.SDMMC_CmdSendCID)
    SDMMC_CmdSendCSD                         0x08003a17   Thumb Code    52  stm32f7xx_ll_sdmmc.o(i.SDMMC_CmdSendCSD)
    SDMMC_CmdSendStatus                      0x08003a4b   Thumb Code    58  stm32f7xx_ll_sdmmc.o(i.SDMMC_CmdSendStatus)
    SDMMC_CmdSetRelAdd                       0x08003a85   Thumb Code    58  stm32f7xx_ll_sdmmc.o(i.SDMMC_CmdSetRelAdd)
    SDMMC_CmdStopTransfer                    0x08003ac1   Thumb Code    56  stm32f7xx_ll_sdmmc.o(i.SDMMC_CmdStopTransfer)
    SDMMC_CmdWriteMultiBlock                 0x08003afd   Thumb Code    58  stm32f7xx_ll_sdmmc.o(i.SDMMC_CmdWriteMultiBlock)
    SDMMC_CmdWriteSingleBlock                0x08003b37   Thumb Code    58  stm32f7xx_ll_sdmmc.o(i.SDMMC_CmdWriteSingleBlock)
    SDMMC_ConfigData                         0x08003b71   Thumb Code    44  stm32f7xx_ll_sdmmc.o(i.SDMMC_ConfigData)
    SDMMC_GetCommandResponse                 0x08003f35   Thumb Code     8  stm32f7xx_ll_sdmmc.o(i.SDMMC_GetCommandResponse)
    SDMMC_GetPowerState                      0x08003f3d   Thumb Code    10  stm32f7xx_ll_sdmmc.o(i.SDMMC_GetPowerState)
    SDMMC_GetResponse                        0x08003f47   Thumb Code    22  stm32f7xx_ll_sdmmc.o(i.SDMMC_GetResponse)
    SDMMC_Init                               0x08003f5d   Thumb Code    52  stm32f7xx_ll_sdmmc.o(i.SDMMC_Init)
    SDMMC_PowerState_ON                      0x08003f91   Thumb Code    10  stm32f7xx_ll_sdmmc.o(i.SDMMC_PowerState_ON)
    SDMMC_ReadFIFO                           0x08003f9b   Thumb Code     8  stm32f7xx_ll_sdmmc.o(i.SDMMC_ReadFIFO)
    SDMMC_SendCommand                        0x08003fa3   Thumb Code    40  stm32f7xx_ll_sdmmc.o(i.SDMMC_SendCommand)
    SDMMC_WriteFIFO                          0x08003fcb   Thumb Code    12  stm32f7xx_ll_sdmmc.o(i.SDMMC_WriteFIFO)
    SD_initialize                            0x080042d9   Thumb Code    34  sd_diskio.o(i.SD_initialize)
    SD_ioctl                                 0x08004301   Thumb Code    98  sd_diskio.o(i.SD_ioctl)
    SD_read                                  0x08004369   Thumb Code    64  sd_diskio.o(i.SD_read)
    SD_status                                0x080043b1   Thumb Code    34  sd_diskio.o(i.SD_status)
    SD_write                                 0x080043d9   Thumb Code    64  sd_diskio.o(i.SD_write)
    SVC_Handler                              0x08004421   Thumb Code     2  stm32f7xx_it.o(i.SVC_Handler)
    SysTick_Handler                          0x08004423   Thumb Code    12  stm32f7xx_it.o(i.SysTick_Handler)
    SystemClock_Config                       0x08004431   Thumb Code   236  main.o(i.SystemClock_Config)
    SystemInit                               0x08004539   Thumb Code    82  system_stm32f7xx.o(i.SystemInit)
    UART_AdvFeatureConfig                    0x0800459d   Thumb Code   234  stm32f7xx_hal_uart.o(i.UART_AdvFeatureConfig)
    UART_CheckIdleState                      0x08004687   Thumb Code    78  stm32f7xx_hal_uart.o(i.UART_CheckIdleState)
    UART_SetConfig                           0x080047b5   Thumb Code   858  stm32f7xx_hal_uart.o(i.UART_SetConfig)
    UART_WaitOnFlagUntilTimeout              0x08004bab   Thumb Code   108  stm32f7xx_hal_uart.o(i.UART_WaitOnFlagUntilTimeout)
    USART1_IRQHandler                        0x08004c19   Thumb Code    10  stm32f7xx_it.o(i.USART1_IRQHandler)
    _Error_Handler                           0x08004c29   Thumb Code     4  main.o(i._Error_Handler)
    __0printf                                0x08004c2d   Thumb Code    22  printfa.o(i.__0printf)
    __1printf                                0x08004c2d   Thumb Code     0  printfa.o(i.__0printf)
    __2printf                                0x08004c2d   Thumb Code     0  printfa.o(i.__0printf)
    __c89printf                              0x08004c2d   Thumb Code     0  printfa.o(i.__0printf)
    printf                                   0x08004c2d   Thumb Code     0  printfa.o(i.__0printf)
    __ARM_fpclassify                         0x08004c4d   Thumb Code    48  fpclassify.o(i.__ARM_fpclassify)
    __hardfp_exp                             0x08004c81   Thumb Code   714  exp.o(i.__hardfp_exp)
    __hardfp_exp2                            0x08004fd9   Thumb Code   332  exp2.o(i.__hardfp_exp2)
    __hardfp_ldexp                           0x08005161   Thumb Code   200  ldexp.o(i.__hardfp_ldexp)
    __hardfp_modf                            0x08005231   Thumb Code   202  modf.o(i.__hardfp_modf)
    __kernel_poly                            0x08005301   Thumb Code   248  poly.o(i.__kernel_poly)
    __mathlib_dbl_infnan                     0x080053f9   Thumb Code    20  dunder.o(i.__mathlib_dbl_infnan)
    __mathlib_dbl_overflow                   0x08005411   Thumb Code    24  dunder.o(i.__mathlib_dbl_overflow)
    __mathlib_dbl_underflow                  0x08005431   Thumb Code    24  dunder.o(i.__mathlib_dbl_underflow)
    __scatterload_copy                       0x08005451   Thumb Code    14  handlers.o(i.__scatterload_copy)
    __scatterload_null                       0x0800545f   Thumb Code     2  handlers.o(i.__scatterload_null)
    __scatterload_zeroinit                   0x08005461   Thumb Code    14  handlers.o(i.__scatterload_zeroinit)
    __set_errno                              0x08005471   Thumb Code     6  errno.o(i.__set_errno)
    clust2sect                               0x08005ed5   Thumb Code    32  ff.o(i.clust2sect)
    disk_initialize                          0x080067c1   Thumb Code    40  diskio.o(i.disk_initialize)
    disk_ioctl                               0x080067ed   Thumb Code    36  diskio.o(i.disk_ioctl)
    disk_read                                0x08006815   Thumb Code    42  diskio.o(i.disk_read)
    disk_status                              0x08006845   Thumb Code    24  diskio.o(i.disk_status)
    disk_write                               0x08006861   Thumb Code    42  diskio.o(i.disk_write)
    exp                                      0x080068b9   Thumb Code    16  exp.o(i.exp)
    f_close                                  0x080068c9   Thumb Code    46  ff.o(i.f_close)
    f_mount                                  0x080068f9   Thumb Code    96  ff.o(i.f_mount)
    f_open                                   0x0800695d   Thumb Code   450  ff.o(i.f_open)
    f_read                                   0x08006b25   Thumb Code   516  ff.o(i.f_read)
    f_sync                                   0x08006d29   Thumb Code   202  ff.o(i.f_sync)
    f_write                                  0x08006df3   Thumb Code   598  ff.o(i.f_write)
    ff_convert                               0x08007049   Thumb Code    70  unicode.o(i.ff_convert)
    ff_wtoupper                              0x08007095   Thumb Code    46  unicode.o(i.ff_wtoupper)
    fputc                                    0x080075c5   Thumb Code    24  lk_stm32.o(i.fputc)
    free                                     0x080075e1   Thumb Code    76  malloc.o(i.free)
    get_fat                                  0x080076e5   Thumb Code   238  ff.o(i.get_fat)
    get_fattime                              0x080077d3   Thumb Code     4  lk_fatfs.o(i.get_fattime)
    ldexp                                    0x0800792b   Thumb Code    18  ldexp.o(i.ldexp)
    main                                     0x0800793d   Thumb Code   124  main.o(i.main)
    malloc                                   0x080079c1   Thumb Code    92  malloc.o(i.malloc)
    maxofMatrix                              0x08007a2d   Thumb Code    94  lkml_math.o(i.maxofMatrix)
    modf                                     0x08007ae9   Thumb Code    18  modf.o(i.modf)
    put_fat                                  0x08007b33   Thumb Code   326  ff.o(i.put_fat)
    testSD_UART                              0x08007e79   Thumb Code    34  lk_fatfs.o(i.testSD_UART)
    SD_Driver                                0x08007f9c   Data          20  sd_diskio.o(.constdata)
    AHBPrescTable                            0x08008470   Data          16  system_stm32f7xx.o(.constdata)
    APBPrescTable                            0x08008480   Data           8  system_stm32f7xx.o(.constdata)
    Region$$Table$$Base                      0x080084e0   Number         0  anon$$obj.o(Region$$Table)
    Region$$Table$$Limit                     0x08008500   Number         0  anon$$obj.o(Region$$Table)
    retSD                                    0x20000000   Data           1  lk_fatfs.o(.data)
    SD_Path                                  0x20000001   Data           4  lk_fatfs.o(.data)
    uwTick                                   0x20000008   Data           4  stm32f7xx_hal.o(.data)
    SystemCoreClock                          0x20000014   Data           4  system_stm32f7xx.o(.data)
    __stdout                                 0x20000018   Data           4  stdout.o(.data)
    __microlib_freelist                      0x2000001c   Data           4  mvars.o(.data)
    __microlib_freelist_initialised          0x20000020   Data           4  mvars.o(.data)
    hsd1                                     0x20000028   Data         132  main.o(.bss)
    SDFatFs                                  0x200000ac   Data         560  lk_fatfs.o(.bss)
    huart1                                   0x200002dc   Data         112  lk_stm32.o(.bss)
    disk                                     0x200005c4   Data          12  ff_gen_drv.o(.bss)
    __heap_base                              0x200005d0   Data           0  startup_stm32f746xx.o(HEAP)
    __heap_limit                             0x200085d0   Data           0  startup_stm32f746xx.o(HEAP)
    __initial_sp                             0x200175d0   Data           0  startup_stm32f746xx.o(STACK)



==============================================================================

Memory Map of the image

  Image Entry point : 0x080001c9

  Load Region LR_IROM1 (Base: 0x08000000, Size: 0x00008528, Max: 0x00100000, ABSOLUTE)

    Execution Region ER_IROM1 (Base: 0x08000000, Size: 0x00008500, Max: 0x00100000, ABSOLUTE)

    Base Addr    Size         Type   Attr      Idx    E Section Name        Object

    0x08000000   0x000001c8   Data   RO         3621    RESET               startup_stm32f746xx.o
    0x080001c8   0x00000000   Code   RO         3648  * .ARM.Collect$$$$00000000  mc_w.l(entry.o)
    0x080001c8   0x00000004   Code   RO         3993    .ARM.Collect$$$$00000001  mc_w.l(entry2.o)
    0x080001cc   0x00000004   Code   RO         3996    .ARM.Collect$$$$00000004  mc_w.l(entry5.o)
    0x080001d0   0x00000000   Code   RO         3998    .ARM.Collect$$$$00000008  mc_w.l(entry7b.o)
    0x080001d0   0x00000000   Code   RO         4000    .ARM.Collect$$$$0000000A  mc_w.l(entry8b.o)
    0x080001d0   0x00000008   Code   RO         4001    .ARM.Collect$$$$0000000B  mc_w.l(entry9a.o)
    0x080001d8   0x00000000   Code   RO         4003    .ARM.Collect$$$$0000000D  mc_w.l(entry10a.o)
    0x080001d8   0x00000000   Code   RO         4005    .ARM.Collect$$$$0000000F  mc_w.l(entry11a.o)
    0x080001d8   0x00000004   Code   RO         3994    .ARM.Collect$$$$00002712  mc_w.l(entry2.o)
    0x080001dc   0x00000024   Code   RO         3622    .text               startup_stm32f746xx.o
    0x08000200   0x00000024   Code   RO         3651    .text               mc_w.l(memseta.o)
    0x08000224   0x0000014e   Code   RO         3942    .text               mf_w.l(dadd.o)
    0x08000372   0x000000e4   Code   RO         3944    .text               mf_w.l(dmul.o)
    0x08000456   0x000000de   Code   RO         3946    .text               mf_w.l(ddiv.o)
    0x08000534   0x00000030   Code   RO         3950    .text               mf_w.l(cdrcmple.o)
    0x08000564   0x0000002c   Code   RO         4008    .text               mc_w.l(uidiv.o)
    0x08000590   0x00000062   Code   RO         4010    .text               mc_w.l(uldiv.o)
    0x080005f2   0x0000001e   Code   RO         4012    .text               mc_w.l(llshl.o)
    0x08000610   0x00000024   Code   RO         4014    .text               mc_w.l(llsshr.o)
    0x08000634   0x00000000   Code   RO         4029    .text               mc_w.l(iusefp.o)
    0x08000634   0x000000ba   Code   RO         4030    .text               mf_w.l(depilogue.o)
    0x080006ee   0x00000022   Code   RO         4032    .text               mf_w.l(dflti.o)
    0x08000710   0x0000003e   Code   RO         4034    .text               mf_w.l(dfixi.o)
    0x0800074e   0x00000030   Code   RO         4036    .text               mf_w.l(dfixul.o)
    0x0800077e   0x00000002   PAD
    0x08000780   0x00000030   Code   RO         4038    .text               mf_w.l(cdcmple.o)
    0x080007b0   0x00000024   Code   RO         4040    .text               mc_w.l(init.o)
    0x080007d4   0x00000020   Code   RO         4042    .text               mc_w.l(llushr.o)
    0x080007f4   0x0000002e   Code   RO         4044    .text               mf_w.l(dscalb.o)
    0x08000822   0x00000002   PAD
    0x08000824   0x00000014   Code   RO            5    i.BSP_SD_GetCardInfo  bsp_driver_sd.o
    0x08000838   0x00000018   Code   RO            6    i.BSP_SD_GetCardState  bsp_driver_sd.o
    0x08000850   0x00000020   Code   RO            8    i.BSP_SD_Init       bsp_driver_sd.o
    0x08000870   0x0000000c   Code   RO            9    i.BSP_SD_IsDetected  bsp_driver_sd.o
    0x0800087c   0x00000030   Code   RO           10    i.BSP_SD_ReadBlocks  bsp_driver_sd.o
    0x080008ac   0x00000030   Code   RO           12    i.BSP_SD_WriteBlocks  bsp_driver_sd.o
    0x080008dc   0x00000012   Code   RO         3494    i.FATFS_LinkDriver  ff_gen_drv.o
    0x080008ee   0x00000002   PAD
    0x080008f0   0x00000054   Code   RO         3495    i.FATFS_LinkDriverEx  ff_gen_drv.o
    0x08000944   0x00000028   Code   RO         1550    i.HAL_DMA_Abort_IT  stm32f7xx_hal_dma.o
    0x0800096c   0x0000001a   Code   RO         2594    i.HAL_Delay         stm32f7xx_hal.o
    0x08000986   0x00000002   PAD
    0x08000988   0x00000218   Code   RO         1143    i.HAL_GPIO_Init     stm32f7xx_hal_gpio.o
    0x08000ba0   0x0000000c   Code   RO         2602    i.HAL_GetTick       stm32f7xx_hal.o
    0x08000bac   0x00000010   Code   RO         2603    i.HAL_IncTick       stm32f7xx_hal.o
    0x08000bbc   0x00000016   Code   RO         2604    i.HAL_Init          stm32f7xx_hal.o
    0x08000bd2   0x00000002   PAD
    0x08000bd4   0x00000028   Code   RO         2605    i.HAL_InitTick      stm32f7xx_hal.o
    0x08000bfc   0x00000056   Code   RO          188    i.HAL_MspInit       stm32f7xx_hal_msp.o
    0x08000c52   0x0000001a   Code   RO         2135    i.HAL_NVIC_EnableIRQ  stm32f7xx_hal_cortex.o
    0x08000c6c   0x0000007c   Code   RO         2141    i.HAL_NVIC_SetPriority  stm32f7xx_hal_cortex.o
    0x08000ce8   0x00000028   Code   RO         2142    i.HAL_NVIC_SetPriorityGrouping  stm32f7xx_hal_cortex.o
    0x08000d10   0x00000090   Code   RO         1789    i.HAL_PWREx_EnableOverDrive  stm32f7xx_hal_pwr_ex.o
    0x08000da0   0x00000918   Code   RO         2748    i.HAL_RCCEx_PeriphCLKConfig  stm32f7xx_hal_rcc_ex.o
    0x080016b8   0x000001b4   Code   RO         1207    i.HAL_RCC_ClockConfig  stm32f7xx_hal_rcc.o
    0x0800186c   0x0000000c   Code   RO         1212    i.HAL_RCC_GetHCLKFreq  stm32f7xx_hal_rcc.o
    0x08001878   0x0000002c   Code   RO         1214    i.HAL_RCC_GetPCLK1Freq  stm32f7xx_hal_rcc.o
    0x080018a4   0x0000002c   Code   RO         1215    i.HAL_RCC_GetPCLK2Freq  stm32f7xx_hal_rcc.o
    0x080018d0   0x000000b4   Code   RO         1216    i.HAL_RCC_GetSysClockFreq  stm32f7xx_hal_rcc.o
    0x08001984   0x000004e8   Code   RO         1219    i.HAL_RCC_OscConfig  stm32f7xx_hal_rcc.o
    0x08001e6c   0x00000002   Code   RO         1876    i.HAL_SD_AbortCallback  stm32f7xx_hal_sd.o
    0x08001e6e   0x00000002   Code   RO         1881    i.HAL_SD_ErrorCallback  stm32f7xx_hal_sd.o
    0x08001e70   0x000001f0   Code   RO         1883    i.HAL_SD_GetCardCSD  stm32f7xx_hal_sd.o
    0x08002060   0x00000026   Code   RO         1884    i.HAL_SD_GetCardInfo  stm32f7xx_hal_sd.o
    0x08002086   0x00000028   Code   RO         1885    i.HAL_SD_GetCardState  stm32f7xx_hal_sd.o
    0x080020ae   0x00000002   PAD
    0x080020b0   0x000001e8   Code   RO         1889    i.HAL_SD_IRQHandler  stm32f7xx_hal_sd.o
    0x08002298   0x00000036   Code   RO         1890    i.HAL_SD_Init       stm32f7xx_hal_sd.o
    0x080022ce   0x00000088   Code   RO         1891    i.HAL_SD_InitCard   stm32f7xx_hal_sd.o
    0x08002356   0x00000002   PAD
    0x08002358   0x00000088   Code   RO          190    i.HAL_SD_MspInit    stm32f7xx_hal_msp.o
    0x080023e0   0x0000024a   Code   RO         1894    i.HAL_SD_ReadBlocks  stm32f7xx_hal_sd.o
    0x0800262a   0x00000002   Code   RO         1897    i.HAL_SD_RxCpltCallback  stm32f7xx_hal_sd.o
    0x0800262c   0x00000002   Code   RO         1898    i.HAL_SD_TxCpltCallback  stm32f7xx_hal_sd.o
    0x0800262e   0x00000202   Code   RO         1899    i.HAL_SD_WriteBlocks  stm32f7xx_hal_sd.o
    0x08002830   0x00000028   Code   RO         2144    i.HAL_SYSTICK_CLKSourceConfig  stm32f7xx_hal_cortex.o
    0x08002858   0x00000002   Code   RO         2145    i.HAL_SYSTICK_Callback  stm32f7xx_hal_cortex.o
    0x0800285a   0x00000034   Code   RO         2146    i.HAL_SYSTICK_Config  stm32f7xx_hal_cortex.o
    0x0800288e   0x00000008   Code   RO         2147    i.HAL_SYSTICK_IRQHandler  stm32f7xx_hal_cortex.o
    0x08002896   0x00000002   Code   RO         2797    i.HAL_UART_ErrorCallback  stm32f7xx_hal_uart.o
    0x08002898   0x00000160   Code   RO         2800    i.HAL_UART_IRQHandler  stm32f7xx_hal_uart.o
    0x080029f8   0x00000078   Code   RO         2801    i.HAL_UART_Init     stm32f7xx_hal_uart.o
    0x08002a70   0x00000088   Code   RO          192    i.HAL_UART_MspInit  stm32f7xx_hal_msp.o
    0x08002af8   0x00000002   Code   RO         2807    i.HAL_UART_RxCpltCallback  stm32f7xx_hal_uart.o
    0x08002afa   0x000000c6   Code   RO         2809    i.HAL_UART_Transmit  stm32f7xx_hal_uart.o
    0x08002bc0   0x00000002   Code   RO         2812    i.HAL_UART_TxCpltCallback  stm32f7xx_hal_uart.o
    0x08002bc2   0x00000002   PAD
    0x08002bc4   0x000000b8   Code   RO          407    i.LK_FATFS_Init     lk_fatfs.o
    0x08002c7c   0x00000100   Code   RO          586    i.LK_Pooling_Max    lkml_math.o
    0x08002d7c   0x0000001e   Code   RO          587    i.LK_ReLu           lkml_math.o
    0x08002d9a   0x00000002   PAD
    0x08002d9c   0x00000088   Code   RO          588    i.LK_Softmax        lkml_math.o
    0x08002e24   0x00000020   Code   RO          477    i.LK_UART           lk_stm32.o
    0x08002e44   0x00000040   Code   RO          589    i.LK_ZeroCenter     lkml_math.o
    0x08002e84   0x000000f8   Code   RO          590    i.LK_convolutional2D  lkml_math.o
    0x08002f7c   0x000000bc   Code   RO          592    i.LK_matrix_multpile  lkml_math.o
    0x08003038   0x0000008c   Code   RO          237    i.MX_GPIO_Init      main.o
    0x080030c4   0x00000024   Code   RO          238    i.MX_SDMMC1_SD_Init  main.o
    0x080030e8   0x00000058   Code   RO          478    i.MX_USART1_UART_Init  lk_stm32.o
    0x08003140   0x000005bc   Code   RO          239    i.Model_CNN_ICRSF   main.o
    0x080036fc   0x00000010   Code   RO         2148    i.NVIC_GetPriorityGrouping  stm32f7xx_hal_cortex.o
    0x0800370c   0x00000028   Code   RO         2149    i.NVIC_SetPriority  stm32f7xx_hal_cortex.o
    0x08003734   0x00000002   Code   RO          355    i.PendSV_Handler    stm32f7xx_it.o
    0x08003736   0x00000002   PAD
    0x08003738   0x00000038   Code   RO          595    i.ReLU_1            lkml_math.o
    0x08003770   0x0000009c   Code   RO          240    i.SCB_EnableDCache  main.o
    0x0800380c   0x00000010   Code   RO          356    i.SDMMC1_IRQHandler  stm32f7xx_it.o
    0x0800381c   0x0000003a   Code   RO         2311    i.SDMMC_CmdAppCommand  stm32f7xx_ll_sdmmc.o
    0x08003856   0x00000002   PAD
    0x08003858   0x0000003c   Code   RO         2312    i.SDMMC_CmdAppOperCommand  stm32f7xx_ll_sdmmc.o
    0x08003894   0x0000003a   Code   RO         2313    i.SDMMC_CmdBlockLength  stm32f7xx_ll_sdmmc.o
    0x080038ce   0x0000002e   Code   RO         2318    i.SDMMC_CmdGoIdleState  stm32f7xx_ll_sdmmc.o
    0x080038fc   0x00000036   Code   RO         2320    i.SDMMC_CmdOperCond  stm32f7xx_ll_sdmmc.o
    0x08003932   0x0000003a   Code   RO         2321    i.SDMMC_CmdReadMultiBlock  stm32f7xx_ll_sdmmc.o
    0x0800396c   0x0000003a   Code   RO         2322    i.SDMMC_CmdReadSingleBlock  stm32f7xx_ll_sdmmc.o
    0x080039a6   0x0000003c   Code   RO         2325    i.SDMMC_CmdSelDesel  stm32f7xx_ll_sdmmc.o
    0x080039e2   0x00000034   Code   RO         2326    i.SDMMC_CmdSendCID  stm32f7xx_ll_sdmmc.o
    0x08003a16   0x00000034   Code   RO         2327    i.SDMMC_CmdSendCSD  stm32f7xx_ll_sdmmc.o
    0x08003a4a   0x0000003a   Code   RO         2329    i.SDMMC_CmdSendStatus  stm32f7xx_ll_sdmmc.o
    0x08003a84   0x0000003a   Code   RO         2330    i.SDMMC_CmdSetRelAdd  stm32f7xx_ll_sdmmc.o
    0x08003abe   0x00000002   PAD
    0x08003ac0   0x0000003c   Code   RO         2332    i.SDMMC_CmdStopTransfer  stm32f7xx_ll_sdmmc.o
    0x08003afc   0x0000003a   Code   RO         2334    i.SDMMC_CmdWriteMultiBlock  stm32f7xx_ll_sdmmc.o
    0x08003b36   0x0000003a   Code   RO         2335    i.SDMMC_CmdWriteSingleBlock  stm32f7xx_ll_sdmmc.o
    0x08003b70   0x0000002c   Code   RO         2336    i.SDMMC_ConfigData  stm32f7xx_ll_sdmmc.o
    0x08003b9c   0x00000040   Code   RO         2337    i.SDMMC_GetCmdError  stm32f7xx_ll_sdmmc.o
    0x08003bdc   0x000001a4   Code   RO         2338    i.SDMMC_GetCmdResp1  stm32f7xx_ll_sdmmc.o
    0x08003d80   0x0000005c   Code   RO         2339    i.SDMMC_GetCmdResp2  stm32f7xx_ll_sdmmc.o
    0x08003ddc   0x00000050   Code   RO         2340    i.SDMMC_GetCmdResp3  stm32f7xx_ll_sdmmc.o
    0x08003e2c   0x000000b0   Code   RO         2341    i.SDMMC_GetCmdResp6  stm32f7xx_ll_sdmmc.o
    0x08003edc   0x00000058   Code   RO         2342    i.SDMMC_GetCmdResp7  stm32f7xx_ll_sdmmc.o
    0x08003f34   0x00000008   Code   RO         2343    i.SDMMC_GetCommandResponse  stm32f7xx_ll_sdmmc.o
    0x08003f3c   0x0000000a   Code   RO         2346    i.SDMMC_GetPowerState  stm32f7xx_ll_sdmmc.o
    0x08003f46   0x00000016   Code   RO         2347    i.SDMMC_GetResponse  stm32f7xx_ll_sdmmc.o
    0x08003f5c   0x00000034   Code   RO         2348    i.SDMMC_Init        stm32f7xx_ll_sdmmc.o
    0x08003f90   0x0000000a   Code   RO         2350    i.SDMMC_PowerState_ON  stm32f7xx_ll_sdmmc.o
    0x08003f9a   0x00000008   Code   RO         2351    i.SDMMC_ReadFIFO    stm32f7xx_ll_sdmmc.o
    0x08003fa2   0x00000028   Code   RO         2352    i.SDMMC_SendCommand  stm32f7xx_ll_sdmmc.o
    0x08003fca   0x0000000c   Code   RO         2354    i.SDMMC_WriteFIFO   stm32f7xx_ll_sdmmc.o
    0x08003fd6   0x0000004c   Code   RO         1904    i.SD_DMARxAbort     stm32f7xx_hal_sd.o
    0x08004022   0x0000004c   Code   RO         1906    i.SD_DMATxAbort     stm32f7xx_hal_sd.o
    0x0800406e   0x000000fc   Code   RO         1908    i.SD_InitCard       stm32f7xx_hal_sd.o
    0x0800416a   0x000000ee   Code   RO         1910    i.SD_PowerON        stm32f7xx_hal_sd.o
    0x08004258   0x00000026   Code   RO         1911    i.SD_Read_IT        stm32f7xx_hal_sd.o
    0x0800427e   0x00000032   Code   RO         1913    i.SD_SendStatus     stm32f7xx_hal_sd.o
    0x080042b0   0x00000026   Code   RO         1916    i.SD_Write_IT       stm32f7xx_hal_sd.o
    0x080042d6   0x00000002   PAD
    0x080042d8   0x00000028   Code   RO         3379    i.SD_initialize     sd_diskio.o
    0x08004300   0x00000068   Code   RO         3380    i.SD_ioctl          sd_diskio.o
    0x08004368   0x00000048   Code   RO         3381    i.SD_read           sd_diskio.o
    0x080043b0   0x00000028   Code   RO         3382    i.SD_status         sd_diskio.o
    0x080043d8   0x00000048   Code   RO         3383    i.SD_write          sd_diskio.o
    0x08004420   0x00000002   Code   RO          357    i.SVC_Handler       stm32f7xx_it.o
    0x08004422   0x0000000c   Code   RO          358    i.SysTick_Handler   stm32f7xx_it.o
    0x0800442e   0x00000002   PAD
    0x08004430   0x00000108   Code   RO          241    i.SystemClock_Config  main.o
    0x08004538   0x00000064   Code   RO         3586    i.SystemInit        system_stm32f7xx.o
    0x0800459c   0x000000ea   Code   RO         2814    i.UART_AdvFeatureConfig  stm32f7xx_hal_uart.o
    0x08004686   0x0000004e   Code   RO         2815    i.UART_CheckIdleState  stm32f7xx_hal_uart.o
    0x080046d4   0x00000018   Code   RO         2816    i.UART_DMAAbortOnError  stm32f7xx_hal_uart.o
    0x080046ec   0x00000020   Code   RO         2822    i.UART_EndRxTransfer  stm32f7xx_hal_uart.o
    0x0800470c   0x00000020   Code   RO         2823    i.UART_EndTransmit_IT  stm32f7xx_hal_uart.o
    0x0800472c   0x00000088   Code   RO         2825    i.UART_Receive_IT   stm32f7xx_hal_uart.o
    0x080047b4   0x0000038c   Code   RO         2826    i.UART_SetConfig    stm32f7xx_hal_uart.o
    0x08004b40   0x0000006a   Code   RO         2827    i.UART_Transmit_IT  stm32f7xx_hal_uart.o
    0x08004baa   0x0000006c   Code   RO         2828    i.UART_WaitOnFlagUntilTimeout  stm32f7xx_hal_uart.o
    0x08004c16   0x00000002   PAD
    0x08004c18   0x00000010   Code   RO          359    i.USART1_IRQHandler  stm32f7xx_it.o
    0x08004c28   0x00000004   Code   RO          242    i._Error_Handler    main.o
    0x08004c2c   0x00000020   Code   RO         3886    i.__0printf         mc_w.l(printfa.o)
    0x08004c4c   0x00000030   Code   RO         3966    i.__ARM_fpclassify  m_wm.l(fpclassify.o)
    0x08004c7c   0x00000004   PAD
    0x08004c80   0x00000358   Code   RO         3626    i.__hardfp_exp      m_wm.l(exp.o)
    0x08004fd8   0x00000188   Code   RO         3640    i.__hardfp_exp2     m_wm.l(exp2.o)
    0x08005160   0x000000d0   Code   RO         3968    i.__hardfp_ldexp    m_wm.l(ldexp.o)
    0x08005230   0x000000d0   Code   RO         3984    i.__hardfp_modf     m_wm.l(modf.o)
    0x08005300   0x000000f8   Code   RO         3990    i.__kernel_poly     m_wm.l(poly.o)
    0x080053f8   0x00000014   Code   RO         3953    i.__mathlib_dbl_infnan  m_wm.l(dunder.o)
    0x0800540c   0x00000004   PAD
    0x08005410   0x00000020   Code   RO         3956    i.__mathlib_dbl_overflow  m_wm.l(dunder.o)
    0x08005430   0x00000020   Code   RO         3958    i.__mathlib_dbl_underflow  m_wm.l(dunder.o)
    0x08005450   0x0000000e   Code   RO         4050    i.__scatterload_copy  mc_w.l(handlers.o)
    0x0800545e   0x00000002   Code   RO         4051    i.__scatterload_null  mc_w.l(handlers.o)
    0x08005460   0x0000000e   Code   RO         4052    i.__scatterload_zeroinit  mc_w.l(handlers.o)
    0x0800546e   0x00000002   PAD
    0x08005470   0x0000000c   Code   RO         4024    i.__set_errno       mc_w.l(errno.o)
    0x0800547c   0x00000184   Code   RO         3893    i._fp_digits        mc_w.l(printfa.o)
    0x08005600   0x000006dc   Code   RO         3894    i._printf_core      mc_w.l(printfa.o)
    0x08005cdc   0x00000024   Code   RO         3895    i._printf_post_padding  mc_w.l(printfa.o)
    0x08005d00   0x0000002e   Code   RO         3896    i._printf_pre_padding  mc_w.l(printfa.o)
    0x08005d2e   0x00000002   PAD
    0x08005d30   0x00000098   Code   RO         3101    i.check_fs          ff.o
    0x08005dc8   0x00000014   Code   RO         3102    i.chk_chr           ff.o
    0x08005ddc   0x00000090   Code   RO         3103    i.chk_lock          ff.o
    0x08005e6c   0x00000030   Code   RO         3104    i.clear_lock        ff.o
    0x08005e9c   0x00000038   Code   RO         3105    i.clmt_clust        ff.o
    0x08005ed4   0x00000020   Code   RO         3106    i.clust2sect        ff.o
    0x08005ef4   0x00000090   Code   RO         3107    i.cmp_lfn           ff.o
    0x08005f84   0x000000ea   Code   RO         3108    i.create_chain      ff.o
    0x0800606e   0x00000002   PAD
    0x08006070   0x00000230   Code   RO         3109    i.create_name       ff.o
    0x080062a0   0x0000004c   Code   RO         3110    i.dec_lock          ff.o
    0x080062ec   0x00000064   Code   RO         3111    i.dir_alloc         ff.o
    0x08006350   0x00000102   Code   RO         3112    i.dir_find          ff.o
    0x08006452   0x0000015a   Code   RO         3113    i.dir_next          ff.o
    0x080065ac   0x0000014a   Code   RO         3114    i.dir_register      ff.o
    0x080066f6   0x000000c8   Code   RO         3115    i.dir_sdi           ff.o
    0x080067be   0x00000002   PAD
    0x080067c0   0x0000002c   Code   RO         3438    i.disk_initialize   diskio.o
    0x080067ec   0x00000028   Code   RO         3439    i.disk_ioctl        diskio.o
    0x08006814   0x00000030   Code   RO         3440    i.disk_read         diskio.o
    0x08006844   0x0000001c   Code   RO         3441    i.disk_status       diskio.o
    0x08006860   0x00000030   Code   RO         3442    i.disk_write        diskio.o
    0x08006890   0x00000028   Code   RO         3116    i.enq_lock          ff.o
    0x080068b8   0x00000010   Code   RO         3628    i.exp               m_wm.l(exp.o)
    0x080068c8   0x0000002e   Code   RO         3117    i.f_close           ff.o
    0x080068f6   0x00000002   PAD
    0x080068f8   0x00000064   Code   RO         3119    i.f_mount           ff.o
    0x0800695c   0x000001c8   Code   RO         3120    i.f_open            ff.o
    0x08006b24   0x00000204   Code   RO         3121    i.f_read            ff.o
    0x08006d28   0x000000ca   Code   RO         3122    i.f_sync            ff.o
    0x08006df2   0x00000256   Code   RO         3123    i.f_write           ff.o
    0x08007048   0x0000004c   Code   RO         3544    i.ff_convert        unicode.o
    0x08007094   0x00000038   Code   RO         3545    i.ff_wtoupper       unicode.o
    0x080070cc   0x000003dc   Code   RO         3124    i.find_volume       ff.o
    0x080074a8   0x00000080   Code   RO         3125    i.fit_lfn           ff.o
    0x08007528   0x0000009c   Code   RO         3126    i.follow_path       ff.o
    0x080075c4   0x0000001c   Code   RO          479    i.fputc             lk_stm32.o
    0x080075e0   0x00000050   Code   RO         3914    i.free              mc_w.l(malloc.o)
    0x08007630   0x000000b4   Code   RO         3127    i.gen_numname       ff.o
    0x080076e4   0x000000ee   Code   RO         3128    i.get_fat           ff.o
    0x080077d2   0x00000004   Code   RO          409    i.get_fattime       lk_fatfs.o
    0x080077d6   0x00000048   Code   RO         3129    i.get_ldnumber      ff.o
    0x0800781e   0x00000002   PAD
    0x08007820   0x000000e8   Code   RO         3130    i.inc_lock          ff.o
    0x08007908   0x00000022   Code   RO         3131    i.ld_clust          ff.o
    0x0800792a   0x00000012   Code   RO         3971    i.ldexp             m_wm.l(ldexp.o)
    0x0800793c   0x00000084   Code   RO          244    i.main              main.o
    0x080079c0   0x0000006c   Code   RO         3915    i.malloc            mc_w.l(malloc.o)
    0x08007a2c   0x00000068   Code   RO          599    i.maxofMatrix       lkml_math.o
    0x08007a94   0x00000026   Code   RO         3132    i.mem_cmp           ff.o
    0x08007aba   0x0000001a   Code   RO         3133    i.mem_cpy           ff.o
    0x08007ad4   0x00000014   Code   RO         3134    i.mem_set           ff.o
    0x08007ae8   0x00000012   Code   RO         3986    i.modf              m_wm.l(modf.o)
    0x08007afa   0x00000038   Code   RO         3135    i.move_window       ff.o
    0x08007b32   0x00000146   Code   RO         3137    i.put_fat           ff.o
    0x08007c78   0x0000007a   Code   RO         3138    i.remove_chain      ff.o
    0x08007cf2   0x00000010   Code   RO         3139    i.st_clust          ff.o
    0x08007d02   0x00000020   Code   RO         3140    i.sum_sfn           ff.o
    0x08007d22   0x000000f4   Code   RO         3141    i.sync_fs           ff.o
    0x08007e16   0x00000060   Code   RO         3142    i.sync_window       ff.o
    0x08007e76   0x00000002   PAD
    0x08007e78   0x00000054   Code   RO          410    i.testSD_UART       lk_fatfs.o
    0x08007ecc   0x00000042   Code   RO         3143    i.validate          ff.o
    0x08007f0e   0x0000008d   Data   RO         3145    .constdata          ff.o
    0x08007f9b   0x00000001   PAD
    0x08007f9c   0x00000014   Data   RO         3384    .constdata          sd_diskio.o
    0x08007fb0   0x000004c0   Data   RO         3546    .constdata          unicode.o
    0x08008470   0x00000018   Data   RO         3587    .constdata          system_stm32f7xx.o
    0x08008488   0x00000058   Data   RO         3629    .constdata          m_wm.l(exp.o)
    0x080084e0   0x00000020   Data   RO         4048    Region$$Table       anon$$obj.o


    Execution Region RW_IRAM1 (Base: 0x20000000, Size: 0x000175d0, Max: 0x00050000, ABSOLUTE)

    Base Addr    Size         Type   Attr      Idx    E Section Name        Object

    0x20000000   0x00000005   Data   RW          412    .data               lk_fatfs.o
    0x20000005   0x00000003   PAD
    0x20000008   0x00000004   Data   RW         2610    .data               stm32f7xx_hal.o
    0x2000000c   0x00000006   Data   RW         3146    .data               ff.o
    0x20000012   0x00000001   Data   RW         3385    .data               sd_diskio.o
    0x20000013   0x00000001   PAD
    0x20000014   0x00000004   Data   RW         3588    .data               system_stm32f7xx.o
    0x20000018   0x00000004   Data   RW         4007    .data               mc_w.l(stdout.o)
    0x2000001c   0x00000004   Data   RW         4020    .data               mc_w.l(mvars.o)
    0x20000020   0x00000004   Data   RW         4021    .data               mc_w.l(mvars.o)
    0x20000024   0x00000004   Data   RW         4025    .data               mc_w.l(errno.o)
    0x20000028   0x00000084   Zero   RW          245    .bss                main.o
    0x200000ac   0x00000230   Zero   RW          411    .bss                lk_fatfs.o
    0x200002dc   0x00000070   Zero   RW          480    .bss                lk_stm32.o
    0x2000034c   0x00000278   Zero   RW         3144    .bss                ff.o
    0x200005c4   0x0000000c   Zero   RW         3498    .bss                ff_gen_drv.o
    0x200005d0   0x00008000   Zero   RW         3620    HEAP                startup_stm32f746xx.o
    0x200085d0   0x0000f000   Zero   RW         3619    STACK               startup_stm32f746xx.o


==============================================================================

Image component sizes


      Code (inc. data)   RO Data    RW Data    ZI Data      Debug   Object Name

       184         26          0          0          0     793045   bsp_driver_sd.o
       208         24          0          0          0       4001   diskio.o
      7728        100        141          6        632      37946   ff.o
       102          6          0          0         12       1731   ff_gen_drv.o
       272         82          0          5        560       2596   lk_fatfs.o
       148         32          0          0        112       4269   lk_stm32.o
      1082         44          0          0          0       7605   lkml_math.o
      2200        438          0          0        132      42157   main.o
       328         34         20          1          0       4792   sd_diskio.o
        36          8        456          0      94208        824   startup_stm32f746xx.o
       116         14          0          4          0       3899   stm32f7xx_hal.o
       348         22          0          0          0      37825   stm32f7xx_hal_cortex.o
        40          0          0          0          0       1179   stm32f7xx_hal_dma.o
       536         52          0          0          0       1808   stm32f7xx_hal_gpio.o
       358         32          0          0          0       2302   stm32f7xx_hal_msp.o
       144          8          0          0          0       1308   stm32f7xx_hal_pwr_ex.o
      1972         62          0          0          0       5632   stm32f7xx_hal_rcc.o
      2328         26          0          0          0       2292   stm32f7xx_hal_rcc_ex.o
      3128          8          0          0          0      16006   stm32f7xx_hal_sd.o
      2334         54          0          0          0      11808   stm32f7xx_hal_uart.o
        48         12          0          0          0       2445   stm32f7xx_it.o
      1974         40          0          0          0      23197   stm32f7xx_ll_sdmmc.o
       100         18         24          4          0       1211   system_stm32f7xx.o
       132         16       1216          0          0       2603   unicode.o

    ----------------------------------------------------------------------
     25882       1158       1890         24      95656    1012481   Object Totals
         0          0         32          0          0          0   (incl. Generated)
        36          0          1          4          0          0   (incl. Padding)

    ----------------------------------------------------------------------

      Code (inc. data)   RO Data    RW Data    ZI Data      Debug   Library Member Name

        84         16          0          0          0        372   dunder.o
       872        142         88          0          0        412   exp.o
       392         60          0          0          0        180   exp2.o
        48          0          0          0          0        124   fpclassify.o
       226          8          0          0          0        308   ldexp.o
       226          6          0          0          0        276   modf.o
       248          0          0          0          0        152   poly.o
         0          0          0          0          0          0   entry.o
         0          0          0          0          0          0   entry10a.o
         0          0          0          0          0          0   entry11a.o
         8          4          0          0          0          0   entry2.o
         4          0          0          0          0          0   entry5.o
         0          0          0          0          0          0   entry7b.o
         0          0          0          0          0          0   entry8b.o
         8          4          0          0          0          0   entry9a.o
        12          6          0          4          0         68   errno.o
        30          0          0          0          0          0   handlers.o
        36          8          0          0          0         68   init.o
         0          0          0          0          0          0   iusefp.o
        30          0          0          0          0         68   llshl.o
        36          0          0          0          0         68   llsshr.o
        32          0          0          0          0         68   llushr.o
       188         20          0          0          0        160   malloc.o
        36          0          0          0          0        108   memseta.o
         0          0          0          8          0          0   mvars.o
      2258         90          0          0          0        452   printfa.o
         0          0          0          4          0          0   stdout.o
        44          0          0          0          0         80   uidiv.o
        98          0          0          0          0         92   uldiv.o
        48          0          0          0          0         68   cdcmple.o
        48          0          0          0          0         68   cdrcmple.o
       334          0          0          0          0        148   dadd.o
       222          0          0          0          0        100   ddiv.o
       186          0          0          0          0        176   depilogue.o
        62          0          0          0          0         80   dfixi.o
        48          0          0          0          0         68   dfixul.o
        34          0          0          0          0         76   dflti.o
       228          0          0          0          0         96   dmul.o
        46          0          0          0          0         80   dscalb.o

    ----------------------------------------------------------------------
      6188        364         88         16          0       4016   Library Totals
        16          0          0          0          0          0   (incl. Padding)

    ----------------------------------------------------------------------

      Code (inc. data)   RO Data    RW Data    ZI Data      Debug   Library Name

      2096        232         88          0          0       1824   m_wm.l
      2820        132          0         16          0       1232   mc_w.l
      1256          0          0          0          0        960   mf_w.l

    ----------------------------------------------------------------------
      6188        364         88         16          0       4016   Library Totals

    ----------------------------------------------------------------------

==============================================================================


      Code (inc. data)   RO Data    RW Data    ZI Data      Debug   

     32070       1522       1978         40      95656     997157   Grand Totals
     32070       1522       1978         40      95656     997157   ELF Image Totals
     32070       1522       1978         40          0          0   ROM Totals

==============================================================================

    Total RO  Size (Code + RO Data)                34048 (  33.25kB)
    Total RW  Size (RW Data + ZI Data)             95696 (  93.45kB)
    Total ROM Size (Code + RO Data + RW Data)      34088 (  33.29kB)

==============================================================================

